2026-07-28T18:29:59.8508741Z Current runner version: '2.336.0'
2026-07-28T18:29:59.8537505Z ##[group]Runner Image Provisioner
2026-07-28T18:29:59.8538487Z Hosted Compute Agent
2026-07-28T18:29:59.8539076Z Version: 20260707.563
2026-07-28T18:29:59.8539668Z Commit: 02667638d2b423fbc733a8e32a88b44996a3ba6e
2026-07-28T18:29:59.8540481Z Build Date: 2026-07-07T19:33:50Z
2026-07-28T18:29:59.8541174Z Worker ID: {d424f5ca-0eac-42a4-9703-4b7c9a66e1fd}
2026-07-28T18:29:59.8541925Z Azure Region: westcentralus
2026-07-28T18:29:59.8542543Z ##[endgroup]
2026-07-28T18:29:59.8544360Z ##[group]Operating System
2026-07-28T18:29:59.8545205Z Ubuntu
2026-07-28T18:29:59.8545777Z 24.04.4
2026-07-28T18:29:59.8546262Z LTS
2026-07-28T18:29:59.8546825Z ##[endgroup]
2026-07-28T18:29:59.8547375Z ##[group]Runner Image
2026-07-28T18:29:59.8547999Z Image: ubuntu-24.04
2026-07-28T18:29:59.8548608Z Version: 20260720.247.2
2026-07-28T18:29:59.8549934Z Included Software: https://github.com/actions/runner-images/blob/ubuntu24/20260720.247/images/ubuntu/Ubuntu2404-Readme.md
2026-07-28T18:29:59.8551571Z Image Release: https://github.com/actions/runner-images/releases/tag/ubuntu24%2F20260720.247
2026-07-28T18:29:59.8552605Z ##[endgroup]
2026-07-28T18:29:59.8553793Z ##[group]GITHUB_TOKEN Permissions
2026-07-28T18:29:59.8556294Z Contents: read
2026-07-28T18:29:59.8556923Z Metadata: read
2026-07-28T18:29:59.8557524Z ##[endgroup]
2026-07-28T18:29:59.8559860Z Secret source: Actions
2026-07-28T18:29:59.8560934Z Prepare workflow directory
2026-07-28T18:29:59.9119538Z Prepare all required actions
2026-07-28T18:29:59.9170556Z Getting action download info
2026-07-28T18:30:00.2935293Z Download action repository 'actions/upload-artifact@v7' (SHA:043fb46d1a93c77aae656e7c1c64a875d1fc6a0a)
2026-07-28T18:30:00.5826119Z Complete job name: Cold-build arm64 / allmodconfig
2026-07-28T18:30:00.6541715Z ##[group]Run set -euo pipefail
2026-07-28T18:30:00.6542410Z [36;1mset -euo pipefail[0m
2026-07-28T18:30:00.6543015Z [36;1mbuild_id="${ARCHITECTURE}-${PROFILE}"[0m
2026-07-28T18:30:00.6543759Z [36;1mlog_dir="${GITHUB_WORKSPACE}/build-logs/${build_id}"[0m
2026-07-28T18:30:00.6544873Z [36;1mmkdir -p "${log_dir}" "${GITHUB_WORKSPACE}/artifacts/${build_id}"[0m
2026-07-28T18:30:00.6545602Z [36;1m[0m
2026-07-28T18:30:00.6546026Z [36;1m{[0m
2026-07-28T18:30:00.6546470Z [36;1m  echo "Cold build: true"[0m
2026-07-28T18:30:00.6547045Z [36;1m  echo "Cache restore: disabled"[0m
2026-07-28T18:30:00.6547669Z [36;1m  echo "Source branch: ${SOURCE_BRANCH}"[0m
2026-07-28T18:30:00.6548325Z [36;1m  echo "Source commit: ${SOURCE_SHA}"[0m
2026-07-28T18:30:00.6548988Z [36;1m  echo "Architecture label: ${ARCHITECTURE}"[0m
2026-07-28T18:30:00.6549638Z [36;1m  echo "Build profile: ${PROFILE}"[0m
2026-07-28T18:30:00.6550254Z [36;1m  echo "Kbuild ARCH: ${KBUILD_ARCH}"[0m
2026-07-28T18:30:00.6550959Z [36;1m  echo "Configuration target: ${CONFIG_TARGET}"[0m
2026-07-28T18:30:00.6551748Z [36;1m  echo "Cross compiler prefix: ${CROSS_COMPILE:-native}"[0m
2026-07-28T18:30:00.6552485Z [36;1m  echo "Image target: ${IMAGE_TARGET}"[0m
2026-07-28T18:30:00.6553119Z [36;1m  echo "Image path: ${IMAGE_PATH}"[0m
2026-07-28T18:30:00.6553825Z [36;1m  echo "Runner: ${RUNNER_NAME}"[0m
2026-07-28T18:30:00.6554638Z [36;1m  echo "Runner OS: ${RUNNER_OS}"[0m
2026-07-28T18:30:00.6555301Z [36;1m  echo "Runner architecture: ${RUNNER_ARCH}"[0m
2026-07-28T18:30:00.6556028Z [36;1m  echo "Started UTC: $(date -u --iso-8601=seconds)"[0m
2026-07-28T18:30:00.6556668Z [36;1m  echo[0m
2026-07-28T18:30:00.6557155Z [36;1m  df -h[0m
2026-07-28T18:30:00.6557632Z [36;1m  echo[0m
2026-07-28T18:30:00.6558087Z [36;1m  free -h[0m
2026-07-28T18:30:00.6558542Z [36;1m  echo[0m
2026-07-28T18:30:00.6558984Z [36;1m  nproc[0m
2026-07-28T18:30:00.6559493Z [36;1m} | tee "${log_dir}/runner-baseline.txt"[0m
2026-07-28T18:30:00.6608860Z shell: /usr/bin/bash --noprofile --norc -e -o pipefail {0}
2026-07-28T18:30:00.6609962Z env:
2026-07-28T18:30:00.6610439Z   SOURCE_BRANCH: rolling-linux-sync
2026-07-28T18:30:00.6611120Z   CCACHE_DISABLE: 1
2026-07-28T18:30:00.6611898Z   ARCHITECTURE: arm64
2026-07-28T18:30:00.6612395Z   PROFILE: allmodconfig
2026-07-28T18:30:00.6612881Z   KBUILD_ARCH: arm64
2026-07-28T18:30:00.6613353Z   CONFIG_TARGET: allmodconfig
2026-07-28T18:30:00.6613890Z   CROSS_COMPILE: aarch64-linux-gnu-
2026-07-28T18:30:00.6614717Z   TOOLCHAIN_PACKAGES: gcc-aarch64-linux-gnu
2026-07-28T18:30:00.6615312Z   IMAGE_TARGET: Image
2026-07-28T18:30:00.6615804Z   IMAGE_PATH: arch/arm64/boot/Image
2026-07-28T18:30:00.6616359Z   EXPECTED_ELF_CLASS: ELF64
2026-07-28T18:30:00.6616880Z   EXPECTED_ELF_MACHINE: AArch64
2026-07-28T18:30:00.6617471Z   SOURCE_SHA: 62cc90241548d5570ee68e01aaba6506964e9811
2026-07-28T18:30:00.6618105Z   SOURCE_SHORT_SHA: 62cc90241548
2026-07-28T18:30:00.6618619Z ##[endgroup]
2026-07-28T18:30:00.6801539Z Cold build: true
2026-07-28T18:30:00.6803238Z Cache restore: disabled
2026-07-28T18:30:00.6804568Z Source branch: rolling-linux-sync
2026-07-28T18:30:00.6805522Z Source commit: 62cc90241548d5570ee68e01aaba6506964e9811
2026-07-28T18:30:00.6806223Z Architecture label: arm64
2026-07-28T18:30:00.6806736Z Build profile: allmodconfig
2026-07-28T18:30:00.6807241Z Kbuild ARCH: arm64
2026-07-28T18:30:00.6807698Z Configuration target: allmodconfig
2026-07-28T18:30:00.6808259Z Cross compiler prefix: aarch64-linux-gnu-
2026-07-28T18:30:00.6808819Z Image target: Image
2026-07-28T18:30:00.6809281Z Image path: arch/arm64/boot/Image
2026-07-28T18:30:00.6809847Z Runner: GitHub Actions 1000158374
2026-07-28T18:30:00.6810409Z Runner OS: Linux
2026-07-28T18:30:00.6810915Z Runner architecture: X64
2026-07-28T18:30:00.6811472Z Started UTC: 2026-07-28T18:30:00+00:00
2026-07-28T18:30:00.6811839Z 
2026-07-28T18:30:00.7025926Z Filesystem      Size  Used Avail Use% Mounted on
2026-07-28T18:30:00.7027418Z /dev/root       145G   58G   88G  40% /
2026-07-28T18:30:00.7028463Z tmpfs           7.9G   84K  7.9G   1% /dev/shm
2026-07-28T18:30:00.7029425Z tmpfs           3.2G 1012K  3.2G   1% /run
2026-07-28T18:30:00.7030476Z tmpfs           5.0M     0  5.0M   0% /run/lock
2026-07-28T18:30:00.7031241Z efivarfs        128M   32K  128M   1% /sys/firmware/efi/efivars
2026-07-28T18:30:00.7031940Z /dev/sda16      881M   64M  756M   8% /boot
2026-07-28T18:30:00.7032552Z /dev/sda15      105M  6.2M   99M   6% /boot/efi
2026-07-28T18:30:00.7033595Z tmpfs           1.6G   12K  1.6G   1% /run/user/1001
2026-07-28T18:30:00.7035079Z 
2026-07-28T18:30:00.7048811Z                total        used        free      shared  buff/cache   available
2026-07-28T18:30:00.7050427Z Mem:            15Gi       928Mi        12Gi        38Mi       2.4Gi        14Gi
2026-07-28T18:30:00.7051884Z Swap:          3.0Gi          0B       3.0Gi
2026-07-28T18:30:00.7054439Z 
2026-07-28T18:30:00.7125848Z 4
2026-07-28T18:30:00.7255157Z ##[group]Run set -euo pipefail
2026-07-28T18:30:00.7256176Z [36;1mset -euo pipefail[0m
2026-07-28T18:30:00.7257085Z [36;1mbuild_id="${ARCHITECTURE}-${PROFILE}"[0m
2026-07-28T18:30:00.7258246Z [36;1mlog_dir="${GITHUB_WORKSPACE}/build-logs/${build_id}"[0m
2026-07-28T18:30:00.7259347Z [36;1m[0m
2026-07-28T18:30:00.7260021Z [36;1msudo apt-get update[0m
2026-07-28T18:30:00.7261352Z [36;1msudo DEBIAN_FRONTEND=noninteractive apt-get install -y --no-install-recommends \[0m
2026-07-28T18:30:00.7262774Z [36;1m  bc \[0m
2026-07-28T18:30:00.7263467Z [36;1m  binutils \[0m
2026-07-28T18:30:00.7264525Z [36;1m  bison \[0m
2026-07-28T18:30:00.7265279Z [36;1m  build-essential \[0m
2026-07-28T18:30:00.7266076Z [36;1m  cpio \[0m
2026-07-28T18:30:00.7266785Z [36;1m  dwarves \[0m
2026-07-28T18:30:00.7267513Z [36;1m  file \[0m
2026-07-28T18:30:00.7268202Z [36;1m  flex \[0m
2026-07-28T18:30:00.7268891Z [36;1m  kmod \[0m
2026-07-28T18:30:00.7269595Z [36;1m  libelf-dev \[0m
2026-07-28T18:30:00.7270406Z [36;1m  libssl-dev \[0m
2026-07-28T18:30:00.7271161Z [36;1m  perl \[0m
2026-07-28T18:30:00.7271881Z [36;1m  pkg-config \[0m
2026-07-28T18:30:00.7272711Z [36;1m  python3 \[0m
2026-07-28T18:30:00.7273436Z [36;1m  rsync \[0m
2026-07-28T18:30:00.7274473Z [36;1m  xz-utils \[0m
2026-07-28T18:30:00.7275483Z [36;1m  zstd \[0m
2026-07-28T18:30:00.7276209Z [36;1m  ${TOOLCHAIN_PACKAGES}[0m
2026-07-28T18:30:00.7277028Z [36;1m[0m
2026-07-28T18:30:00.7277734Z [36;1mcompiler="${CROSS_COMPILE}gcc"[0m
2026-07-28T18:30:00.7278694Z [36;1mlinker="${CROSS_COMPILE}ld"[0m
2026-07-28T18:30:00.7279591Z [36;1mcommand -v "${compiler}"[0m
2026-07-28T18:30:00.7280475Z [36;1mcommand -v "${linker}"[0m
2026-07-28T18:30:00.7281281Z [36;1m[0m
2026-07-28T18:30:00.7281921Z [36;1m{[0m
2026-07-28T18:30:00.7282703Z [36;1m  "${compiler}" --version | head -n 1[0m
2026-07-28T18:30:00.7283728Z [36;1m  "${linker}" --version | head -n 1[0m
2026-07-28T18:30:00.7284821Z [36;1m  make --version | head -n 1[0m
2026-07-28T18:30:00.7285386Z [36;1m  pahole --version[0m
2026-07-28T18:30:00.7285944Z [36;1m} | tee "${log_dir}/toolchain-versions.txt"[0m
2026-07-28T18:30:00.7331344Z shell: /usr/bin/bash --noprofile --norc -e -o pipefail {0}
2026-07-28T18:30:00.7331990Z env:
2026-07-28T18:30:00.7332438Z   SOURCE_BRANCH: rolling-linux-sync
2026-07-28T18:30:00.7332971Z   CCACHE_DISABLE: 1
2026-07-28T18:30:00.7333409Z   ARCHITECTURE: arm64
2026-07-28T18:30:00.7333872Z   PROFILE: allmodconfig
2026-07-28T18:30:00.7334501Z   KBUILD_ARCH: arm64
2026-07-28T18:30:00.7334963Z   CONFIG_TARGET: allmodconfig
2026-07-28T18:30:00.7335479Z   CROSS_COMPILE: aarch64-linux-gnu-
2026-07-28T18:30:00.7336046Z   TOOLCHAIN_PACKAGES: gcc-aarch64-linux-gnu
2026-07-28T18:30:00.7336611Z   IMAGE_TARGET: Image
2026-07-28T18:30:00.7337279Z   IMAGE_PATH: arch/arm64/boot/Image
2026-07-28T18:30:00.7338146Z   EXPECTED_ELF_CLASS: ELF64
2026-07-28T18:30:00.7338658Z   EXPECTED_ELF_MACHINE: AArch64
2026-07-28T18:30:00.7339229Z   SOURCE_SHA: 62cc90241548d5570ee68e01aaba6506964e9811
2026-07-28T18:30:00.7339870Z   SOURCE_SHORT_SHA: 62cc90241548
2026-07-28T18:30:00.7340380Z ##[endgroup]
2026-07-28T18:30:00.8285258Z Get:1 file:/etc/apt/apt-mirrors.txt Mirrorlist [144 B]
2026-07-28T18:30:00.8656406Z Hit:6 https://packages.microsoft.com/repos/azure-cli noble InRelease
2026-07-28T18:30:00.8658107Z Hit:2 http://azure.archive.ubuntu.com/ubuntu noble InRelease
2026-07-28T18:30:00.8659666Z Get:7 https://packages.microsoft.com/ubuntu/24.04/prod noble InRelease [3600 B]
2026-07-28T18:30:00.8680465Z Get:3 http://azure.archive.ubuntu.com/ubuntu noble-updates InRelease [126 kB]
2026-07-28T18:30:00.8756132Z Get:4 http://azure.archive.ubuntu.com/ubuntu noble-backports InRelease [126 kB]
2026-07-28T18:30:00.8803163Z Get:5 http://azure.archive.ubuntu.com/ubuntu noble-security InRelease [126 kB]
2026-07-28T18:30:01.0323193Z Get:8 https://dl.google.com/linux/chrome-stable/deb stable InRelease [2548 B]
2026-07-28T18:30:01.0619557Z Get:9 https://packages.microsoft.com/ubuntu/24.04/prod noble/main arm64 Packages [218 kB]
2026-07-28T18:30:01.0737724Z Get:10 https://packages.microsoft.com/ubuntu/24.04/prod noble/main amd64 Packages [252 kB]
2026-07-28T18:30:01.0763279Z Get:11 https://packages.microsoft.com/ubuntu/24.04/prod noble/main armhf Packages [11.7 kB]
2026-07-28T18:30:01.1177289Z Get:12 http://azure.archive.ubuntu.com/ubuntu noble-updates/main amd64 Packages [1153 kB]
2026-07-28T18:30:01.1239396Z Get:13 http://azure.archive.ubuntu.com/ubuntu noble-updates/main Translation-en [278 kB]
2026-07-28T18:30:01.1265995Z Get:14 http://azure.archive.ubuntu.com/ubuntu noble-updates/main amd64 Components [180 kB]
2026-07-28T18:30:01.1274288Z Get:15 http://azure.archive.ubuntu.com/ubuntu noble-updates/universe amd64 Packages [1679 kB]
2026-07-28T18:30:01.1386242Z Get:16 http://azure.archive.ubuntu.com/ubuntu noble-updates/universe Translation-en [334 kB]
2026-07-28T18:30:01.1415503Z Get:17 http://azure.archive.ubuntu.com/ubuntu noble-updates/universe amd64 Components [389 kB]
2026-07-28T18:30:01.1445726Z Get:18 http://azure.archive.ubuntu.com/ubuntu noble-updates/restricted amd64 Packages [1367 kB]
2026-07-28T18:30:01.1494988Z Get:19 http://azure.archive.ubuntu.com/ubuntu noble-updates/restricted Translation-en [308 kB]
2026-07-28T18:30:01.1514788Z Get:20 http://azure.archive.ubuntu.com/ubuntu noble-updates/multiverse amd64 Packages [45.4 kB]
2026-07-28T18:30:01.1521309Z Get:21 http://azure.archive.ubuntu.com/ubuntu noble-updates/multiverse Translation-en [12.3 kB]
2026-07-28T18:30:01.1949339Z Get:22 http://azure.archive.ubuntu.com/ubuntu noble-updates/multiverse amd64 Components [940 B]
2026-07-28T18:30:01.1963068Z Get:23 http://azure.archive.ubuntu.com/ubuntu noble-backports/main amd64 Components [5760 B]
2026-07-28T18:30:01.1969217Z Get:24 http://azure.archive.ubuntu.com/ubuntu noble-backports/universe amd64 Packages [32.5 kB]
2026-07-28T18:30:01.1980570Z Get:25 http://azure.archive.ubuntu.com/ubuntu noble-backports/universe amd64 Components [12.6 kB]
2026-07-28T18:30:01.2384842Z Get:26 http://azure.archive.ubuntu.com/ubuntu noble-security/main amd64 Packages [898 kB]
2026-07-28T18:30:01.2436599Z Get:27 http://azure.archive.ubuntu.com/ubuntu noble-security/main Translation-en [198 kB]
2026-07-28T18:30:01.2463936Z Get:28 http://azure.archive.ubuntu.com/ubuntu noble-security/main amd64 Components [46.3 kB]
2026-07-28T18:30:01.2482187Z Get:29 http://azure.archive.ubuntu.com/ubuntu noble-security/universe amd64 Packages [1199 kB]
2026-07-28T18:30:01.2592387Z Get:30 http://azure.archive.ubuntu.com/ubuntu noble-security/universe Translation-en [239 kB]
2026-07-28T18:30:01.2604486Z Get:31 http://azure.archive.ubuntu.com/ubuntu noble-security/universe amd64 Components [76.2 kB]
2026-07-28T18:30:01.2607163Z Get:32 http://azure.archive.ubuntu.com/ubuntu noble-security/restricted amd64 Packages [1273 kB]
2026-07-28T18:30:01.2672446Z Get:33 http://azure.archive.ubuntu.com/ubuntu noble-security/restricted Translation-en [290 kB]
2026-07-28T18:30:01.2692991Z Get:34 http://azure.archive.ubuntu.com/ubuntu noble-security/multiverse amd64 Packages [40.3 kB]
2026-07-28T18:30:01.2695708Z Get:35 http://azure.archive.ubuntu.com/ubuntu noble-security/multiverse Translation-en [10.6 kB]
2026-07-28T18:30:01.3974414Z Get:36 https://dl.google.com/linux/chrome-stable/deb stable/main amd64 Packages [1424 B]
2026-07-28T18:30:05.4850195Z Fetched 10.9 MB in 1s (8091 kB/s)
2026-07-28T18:30:06.2434816Z Reading package lists...
2026-07-28T18:30:06.2763447Z Reading package lists...
2026-07-28T18:30:06.4699283Z Building dependency tree...
2026-07-28T18:30:06.4710130Z Reading state information...
2026-07-28T18:30:06.6803868Z bc is already the newest version (1.07.1-3ubuntu4).
2026-07-28T18:30:06.6805034Z bc set to manually installed.
2026-07-28T18:30:06.6805679Z binutils is already the newest version (2.42-4ubuntu2.10).
2026-07-28T18:30:06.6806458Z bison is already the newest version (2:3.8.2+dfsg-1build2).
2026-07-28T18:30:06.6807282Z cpio is already the newest version (2.15+dfsg-1ubuntu2).
2026-07-28T18:30:06.6808332Z cpio set to manually installed.
2026-07-28T18:30:06.6808752Z file is already the newest version (1:5.45-3build1).
2026-07-28T18:30:06.6809186Z flex is already the newest version (2.6.4-8.2build1).
2026-07-28T18:30:06.6809671Z kmod is already the newest version (31+20240202-2ubuntu7.2).
2026-07-28T18:30:06.6810450Z kmod set to manually installed.
2026-07-28T18:30:06.6810908Z libssl-dev is already the newest version (3.0.13-0ubuntu3.11).
2026-07-28T18:30:06.6811404Z perl is already the newest version (5.38.2-3.2ubuntu0.3).
2026-07-28T18:30:06.6811824Z perl set to manually installed.
2026-07-28T18:30:06.6812203Z pkg-config is already the newest version (1.8.1-2build1).
2026-07-28T18:30:06.6812689Z python3 is already the newest version (3.12.3-0ubuntu2.1).
2026-07-28T18:30:06.6813149Z rsync is already the newest version (3.2.7-1ubuntu1.5).
2026-07-28T18:30:06.6813643Z xz-utils is already the newest version (5.6.1+really5.4.5-1ubuntu0.3).
2026-07-28T18:30:06.6814576Z zstd is already the newest version (1.5.5+dfsg2-2build1.1).
2026-07-28T18:30:06.6815101Z zstd set to manually installed.
2026-07-28T18:30:06.6815497Z The following additional packages will be installed:
2026-07-28T18:30:06.6816061Z   binutils-aarch64-linux-gnu cpp-13-aarch64-linux-gnu cpp-aarch64-linux-gnu
2026-07-28T18:30:06.6816765Z   gcc-13-aarch64-linux-gnu gcc-13-aarch64-linux-gnu-base gcc-13-cross-base
2026-07-28T18:30:06.6817862Z   gcc-14-cross-base libasan8-arm64-cross libatomic1-arm64-cross
2026-07-28T18:30:06.6818433Z   libc6-arm64-cross libgcc-13-dev-arm64-cross libgcc-s1-arm64-cross
2026-07-28T18:30:06.6819014Z   libgomp1-arm64-cross libhwasan0-arm64-cross libitm1-arm64-cross
2026-07-28T18:30:06.6819666Z   liblsan0-arm64-cross libstdc++6-arm64-cross libtsan2-arm64-cross
2026-07-28T18:30:06.6820077Z   libubsan1-arm64-cross pahole
2026-07-28T18:30:06.6820374Z Suggested packages:
2026-07-28T18:30:06.6820737Z   binutils-doc gcc-13-locales cpp-13-doc cpp-doc gcc-13-doc manpages-dev
2026-07-28T18:30:06.6821162Z   gdb-aarch64-linux-gnu gcc-doc
2026-07-28T18:30:06.6821684Z Recommended packages:
2026-07-28T18:30:06.6822049Z   libc6-dev-arm64-cross libc6-dev-arm64-cross | libc-dev-arm64-cross
2026-07-28T18:30:06.7162507Z The following NEW packages will be installed:
2026-07-28T18:30:06.7163272Z   binutils-aarch64-linux-gnu build-essential cpp-13-aarch64-linux-gnu
2026-07-28T18:30:06.7164492Z   cpp-aarch64-linux-gnu dwarves gcc-13-aarch64-linux-gnu
2026-07-28T18:30:06.7165218Z   gcc-13-aarch64-linux-gnu-base gcc-13-cross-base gcc-14-cross-base
2026-07-28T18:30:06.7166041Z   gcc-aarch64-linux-gnu libasan8-arm64-cross libatomic1-arm64-cross
2026-07-28T18:30:06.7166713Z   libc6-arm64-cross libelf-dev libgcc-13-dev-arm64-cross libgcc-s1-arm64-cross
2026-07-28T18:30:06.7167427Z   libgomp1-arm64-cross libhwasan0-arm64-cross libitm1-arm64-cross
2026-07-28T18:30:06.7169759Z   liblsan0-arm64-cross libstdc++6-arm64-cross libtsan2-arm64-cross
2026-07-28T18:30:06.7173956Z   libubsan1-arm64-cross pahole
2026-07-28T18:30:06.7370445Z 0 upgraded, 24 newly installed, 0 to remove and 73 not upgraded.
2026-07-28T18:30:06.7371042Z Need to get 42.5 MB of archives.
2026-07-28T18:30:06.7371440Z After this operation, 162 MB of additional disk space will be used.
2026-07-28T18:30:06.7371907Z Get:1 file:/etc/apt/apt-mirrors.txt Mirrorlist [144 B]
2026-07-28T18:30:06.8022184Z Get:2 http://azure.archive.ubuntu.com/ubuntu noble/main amd64 build-essential amd64 12.10ubuntu1 [4928 B]
2026-07-28T18:30:06.8521996Z Get:3 http://azure.archive.ubuntu.com/ubuntu noble-updates/main amd64 gcc-13-aarch64-linux-gnu-base amd64 13.3.0-6ubuntu2~24.04.1cross1 [51.9 kB]
2026-07-28T18:30:06.9002400Z Get:4 http://azure.archive.ubuntu.com/ubuntu noble-updates/main amd64 cpp-13-aarch64-linux-gnu amd64 13.3.0-6ubuntu2~24.04.1cross1 [10.8 MB]
2026-07-28T18:30:07.2314807Z Get:5 http://azure.archive.ubuntu.com/ubuntu noble/main amd64 cpp-aarch64-linux-gnu amd64 4:13.2.0-7ubuntu1 [5332 B]
2026-07-28T18:30:07.2795289Z Get:6 http://azure.archive.ubuntu.com/ubuntu noble-updates/main amd64 binutils-aarch64-linux-gnu amd64 2.42-4ubuntu2.10 [3711 kB]
2026-07-28T18:30:07.4227984Z Get:7 http://azure.archive.ubuntu.com/ubuntu noble-updates/main amd64 gcc-13-cross-base all 13.3.0-6ubuntu2~24.04.1cross1 [46.5 kB]
2026-07-28T18:30:07.4705110Z Get:8 http://azure.archive.ubuntu.com/ubuntu noble-updates/main amd64 gcc-14-cross-base all 14.2.0-4ubuntu2~24.04.1cross1 [46.1 kB]
2026-07-28T18:30:07.5182316Z Get:9 http://azure.archive.ubuntu.com/ubuntu noble/main amd64 libc6-arm64-cross all 2.39-0ubuntu8cross1 [1197 kB]
2026-07-28T18:30:07.5757275Z Get:10 http://azure.archive.ubuntu.com/ubuntu noble-updates/main amd64 libgcc-s1-arm64-cross all 14.2.0-4ubuntu2~24.04.1cross1 [61.9 kB]
2026-07-28T18:30:07.6236239Z Get:11 http://azure.archive.ubuntu.com/ubuntu noble-updates/main amd64 libgomp1-arm64-cross all 14.2.0-4ubuntu2~24.04.1cross1 [110 kB]
2026-07-28T18:30:07.6730377Z Get:12 http://azure.archive.ubuntu.com/ubuntu noble-updates/main amd64 libitm1-arm64-cross all 14.2.0-4ubuntu2~24.04.1cross1 [31.1 kB]
2026-07-28T18:30:07.7205658Z Get:13 http://azure.archive.ubuntu.com/ubuntu noble-updates/main amd64 libatomic1-arm64-cross all 14.2.0-4ubuntu2~24.04.1cross1 [11.5 kB]
2026-07-28T18:30:07.7681395Z Get:14 http://azure.archive.ubuntu.com/ubuntu noble-updates/main amd64 libasan8-arm64-cross all 14.2.0-4ubuntu2~24.04.1cross1 [524 kB]
2026-07-28T18:30:07.8225422Z Get:15 http://azure.archive.ubuntu.com/ubuntu noble-updates/main amd64 liblsan0-arm64-cross all 14.2.0-4ubuntu2~24.04.1cross1 [238 kB]
2026-07-28T18:30:07.8711163Z Get:16 http://azure.archive.ubuntu.com/ubuntu noble-updates/main amd64 libtsan2-arm64-cross all 14.2.0-4ubuntu2~24.04.1cross1 [500 kB]
2026-07-28T18:30:07.9237989Z Get:17 http://azure.archive.ubuntu.com/ubuntu noble-updates/main amd64 libstdc++6-arm64-cross all 14.2.0-4ubuntu2~24.04.1cross1 [659 kB]
2026-07-28T18:30:07.9773491Z Get:18 http://azure.archive.ubuntu.com/ubuntu noble-updates/main amd64 libubsan1-arm64-cross all 14.2.0-4ubuntu2~24.04.1cross1 [219 kB]
2026-07-28T18:30:08.0269340Z Get:19 http://azure.archive.ubuntu.com/ubuntu noble-updates/main amd64 libhwasan0-arm64-cross all 14.2.0-4ubuntu2~24.04.1cross1 [304 kB]
2026-07-28T18:30:08.0769479Z Get:20 http://azure.archive.ubuntu.com/ubuntu noble-updates/main amd64 libgcc-13-dev-arm64-cross all 13.3.0-6ubuntu2~24.04.1cross1 [2616 kB]
2026-07-28T18:30:08.1793632Z Get:21 http://azure.archive.ubuntu.com/ubuntu noble-updates/main amd64 gcc-13-aarch64-linux-gnu amd64 13.3.0-6ubuntu2~24.04.1cross1 [21.1 MB]
2026-07-28T18:30:08.7595349Z Get:22 http://azure.archive.ubuntu.com/ubuntu noble/main amd64 gcc-aarch64-linux-gnu amd64 4:13.2.0-7ubuntu1 [1210 B]
2026-07-28T18:30:08.8070450Z Get:23 http://azure.archive.ubuntu.com/ubuntu noble-updates/main amd64 libelf-dev amd64 0.190-1.1ubuntu0.1 [68.5 kB]
2026-07-28T18:30:08.8549551Z Get:24 http://azure.archive.ubuntu.com/ubuntu noble/universe amd64 pahole amd64 1.25-0ubuntu3 [277 kB]
2026-07-28T18:30:08.9047898Z Get:25 http://azure.archive.ubuntu.com/ubuntu noble/universe amd64 dwarves all 1.25-0ubuntu3 [2186 B]
2026-07-28T18:30:09.1710974Z Fetched 42.5 MB in 2s (19.5 MB/s)
2026-07-28T18:30:09.1941244Z Selecting previously unselected package build-essential.
2026-07-28T18:30:09.2213772Z (Reading database ... 
2026-07-28T18:30:09.2214864Z (Reading database ... 5%
2026-07-28T18:30:09.2215566Z (Reading database ... 10%
2026-07-28T18:30:09.2216395Z (Reading database ... 15%
2026-07-28T18:30:09.2216885Z (Reading database ... 20%
2026-07-28T18:30:09.2217304Z (Reading database ... 25%
2026-07-28T18:30:09.2217787Z (Reading database ... 30%
2026-07-28T18:30:09.2218271Z (Reading database ... 35%
2026-07-28T18:30:09.2218680Z (Reading database ... 40%
2026-07-28T18:30:09.2219086Z (Reading database ... 45%
2026-07-28T18:30:09.2219678Z (Reading database ... 50%
2026-07-28T18:30:09.2274903Z (Reading database ... 55%
2026-07-28T18:30:09.3244271Z (Reading database ... 60%
2026-07-28T18:30:09.5263369Z (Reading database ... 65%
2026-07-28T18:30:09.7143491Z (Reading database ... 70%
2026-07-28T18:30:09.8292125Z (Reading database ... 75%
2026-07-28T18:30:10.0165013Z (Reading database ... 80%
2026-07-28T18:30:10.2373939Z (Reading database ... 85%
2026-07-28T18:30:10.3663003Z (Reading database ... 90%
2026-07-28T18:30:10.5321019Z (Reading database ... 95%
2026-07-28T18:30:10.5321667Z (Reading database ... 100%
2026-07-28T18:30:10.5322358Z (Reading database ... 202954 files and directories currently installed.)
2026-07-28T18:30:10.5369270Z Preparing to unpack .../00-build-essential_12.10ubuntu1_amd64.deb ...
2026-07-28T18:30:10.5397715Z Unpacking build-essential (12.10ubuntu1) ...
2026-07-28T18:30:10.5619242Z Selecting previously unselected package gcc-13-aarch64-linux-gnu-base:amd64.
2026-07-28T18:30:10.5752820Z Preparing to unpack .../01-gcc-13-aarch64-linux-gnu-base_13.3.0-6ubuntu2~24.04.1cross1_amd64.deb ...
2026-07-28T18:30:10.5763991Z Unpacking gcc-13-aarch64-linux-gnu-base:amd64 (13.3.0-6ubuntu2~24.04.1cross1) ...
2026-07-28T18:30:10.6121207Z Selecting previously unselected package cpp-13-aarch64-linux-gnu.
2026-07-28T18:30:10.6248091Z Preparing to unpack .../02-cpp-13-aarch64-linux-gnu_13.3.0-6ubuntu2~24.04.1cross1_amd64.deb ...
2026-07-28T18:30:10.6281836Z Unpacking cpp-13-aarch64-linux-gnu (13.3.0-6ubuntu2~24.04.1cross1) ...
2026-07-28T18:30:10.7821805Z Selecting previously unselected package cpp-aarch64-linux-gnu.
2026-07-28T18:30:10.7947444Z Preparing to unpack .../03-cpp-aarch64-linux-gnu_4%3a13.2.0-7ubuntu1_amd64.deb ...
2026-07-28T18:30:10.7960411Z Unpacking cpp-aarch64-linux-gnu (4:13.2.0-7ubuntu1) ...
2026-07-28T18:30:10.8186480Z Selecting previously unselected package binutils-aarch64-linux-gnu.
2026-07-28T18:30:10.8313087Z Preparing to unpack .../04-binutils-aarch64-linux-gnu_2.42-4ubuntu2.10_amd64.deb ...
2026-07-28T18:30:10.8338172Z Unpacking binutils-aarch64-linux-gnu (2.42-4ubuntu2.10) ...
2026-07-28T18:30:10.9753276Z Selecting previously unselected package gcc-13-cross-base.
2026-07-28T18:30:10.9884943Z Preparing to unpack .../05-gcc-13-cross-base_13.3.0-6ubuntu2~24.04.1cross1_all.deb ...
2026-07-28T18:30:10.9899633Z Unpacking gcc-13-cross-base (13.3.0-6ubuntu2~24.04.1cross1) ...
2026-07-28T18:30:11.0116530Z Selecting previously unselected package gcc-14-cross-base.
2026-07-28T18:30:11.0243885Z Preparing to unpack .../06-gcc-14-cross-base_14.2.0-4ubuntu2~24.04.1cross1_all.deb ...
2026-07-28T18:30:11.0254689Z Unpacking gcc-14-cross-base (14.2.0-4ubuntu2~24.04.1cross1) ...
2026-07-28T18:30:11.0470531Z Selecting previously unselected package libc6-arm64-cross.
2026-07-28T18:30:11.0600918Z Preparing to unpack .../07-libc6-arm64-cross_2.39-0ubuntu8cross1_all.deb ...
2026-07-28T18:30:11.0611865Z Unpacking libc6-arm64-cross (2.39-0ubuntu8cross1) ...
2026-07-28T18:30:11.0999263Z Selecting previously unselected package libgcc-s1-arm64-cross.
2026-07-28T18:30:11.1130802Z Preparing to unpack .../08-libgcc-s1-arm64-cross_14.2.0-4ubuntu2~24.04.1cross1_all.deb ...
2026-07-28T18:30:11.1141930Z Unpacking libgcc-s1-arm64-cross (14.2.0-4ubuntu2~24.04.1cross1) ...
2026-07-28T18:30:11.1365552Z Selecting previously unselected package libgomp1-arm64-cross.
2026-07-28T18:30:11.1496450Z Preparing to unpack .../09-libgomp1-arm64-cross_14.2.0-4ubuntu2~24.04.1cross1_all.deb ...
2026-07-28T18:30:11.1507804Z Unpacking libgomp1-arm64-cross (14.2.0-4ubuntu2~24.04.1cross1) ...
2026-07-28T18:30:11.1752077Z Selecting previously unselected package libitm1-arm64-cross.
2026-07-28T18:30:11.1885335Z Preparing to unpack .../10-libitm1-arm64-cross_14.2.0-4ubuntu2~24.04.1cross1_all.deb ...
2026-07-28T18:30:11.1896445Z Unpacking libitm1-arm64-cross (14.2.0-4ubuntu2~24.04.1cross1) ...
2026-07-28T18:30:11.2125137Z Selecting previously unselected package libatomic1-arm64-cross.
2026-07-28T18:30:11.2255487Z Preparing to unpack .../11-libatomic1-arm64-cross_14.2.0-4ubuntu2~24.04.1cross1_all.deb ...
2026-07-28T18:30:11.2289181Z Unpacking libatomic1-arm64-cross (14.2.0-4ubuntu2~24.04.1cross1) ...
2026-07-28T18:30:11.2504401Z Selecting previously unselected package libasan8-arm64-cross.
2026-07-28T18:30:11.2633137Z Preparing to unpack .../12-libasan8-arm64-cross_14.2.0-4ubuntu2~24.04.1cross1_all.deb ...
2026-07-28T18:30:11.2644386Z Unpacking libasan8-arm64-cross (14.2.0-4ubuntu2~24.04.1cross1) ...
2026-07-28T18:30:11.2963346Z Selecting previously unselected package liblsan0-arm64-cross.
2026-07-28T18:30:11.3093069Z Preparing to unpack .../13-liblsan0-arm64-cross_14.2.0-4ubuntu2~24.04.1cross1_all.deb ...
2026-07-28T18:30:11.3104440Z Unpacking liblsan0-arm64-cross (14.2.0-4ubuntu2~24.04.1cross1) ...
2026-07-28T18:30:11.3357022Z Selecting previously unselected package libtsan2-arm64-cross.
2026-07-28T18:30:11.3484408Z Preparing to unpack .../14-libtsan2-arm64-cross_14.2.0-4ubuntu2~24.04.1cross1_all.deb ...
2026-07-28T18:30:11.3497569Z Unpacking libtsan2-arm64-cross (14.2.0-4ubuntu2~24.04.1cross1) ...
2026-07-28T18:30:11.3818912Z Selecting previously unselected package libstdc++6-arm64-cross.
2026-07-28T18:30:11.3948590Z Preparing to unpack .../15-libstdc++6-arm64-cross_14.2.0-4ubuntu2~24.04.1cross1_all.deb ...
2026-07-28T18:30:11.3961372Z Unpacking libstdc++6-arm64-cross (14.2.0-4ubuntu2~24.04.1cross1) ...
2026-07-28T18:30:11.4352359Z Selecting previously unselected package libubsan1-arm64-cross.
2026-07-28T18:30:11.4481849Z Preparing to unpack .../16-libubsan1-arm64-cross_14.2.0-4ubuntu2~24.04.1cross1_all.deb ...
2026-07-28T18:30:11.4513904Z Unpacking libubsan1-arm64-cross (14.2.0-4ubuntu2~24.04.1cross1) ...
2026-07-28T18:30:11.4770702Z Selecting previously unselected package libhwasan0-arm64-cross.
2026-07-28T18:30:11.4897397Z Preparing to unpack .../17-libhwasan0-arm64-cross_14.2.0-4ubuntu2~24.04.1cross1_all.deb ...
2026-07-28T18:30:11.4909461Z Unpacking libhwasan0-arm64-cross (14.2.0-4ubuntu2~24.04.1cross1) ...
2026-07-28T18:30:11.5179997Z Selecting previously unselected package libgcc-13-dev-arm64-cross.
2026-07-28T18:30:11.5307951Z Preparing to unpack .../18-libgcc-13-dev-arm64-cross_13.3.0-6ubuntu2~24.04.1cross1_all.deb ...
2026-07-28T18:30:11.5317994Z Unpacking libgcc-13-dev-arm64-cross (13.3.0-6ubuntu2~24.04.1cross1) ...
2026-07-28T18:30:11.6279106Z Selecting previously unselected package gcc-13-aarch64-linux-gnu.
2026-07-28T18:30:11.6405048Z Preparing to unpack .../19-gcc-13-aarch64-linux-gnu_13.3.0-6ubuntu2~24.04.1cross1_amd64.deb ...
2026-07-28T18:30:11.6440576Z Unpacking gcc-13-aarch64-linux-gnu (13.3.0-6ubuntu2~24.04.1cross1) ...
2026-07-28T18:30:11.9034720Z Selecting previously unselected package gcc-aarch64-linux-gnu.
2026-07-28T18:30:11.9160363Z Preparing to unpack .../20-gcc-aarch64-linux-gnu_4%3a13.2.0-7ubuntu1_amd64.deb ...
2026-07-28T18:30:11.9172824Z Unpacking gcc-aarch64-linux-gnu (4:13.2.0-7ubuntu1) ...
2026-07-28T18:30:11.9394321Z Selecting previously unselected package libelf-dev:amd64.
2026-07-28T18:30:11.9521590Z Preparing to unpack .../21-libelf-dev_0.190-1.1ubuntu0.1_amd64.deb ...
2026-07-28T18:30:11.9534671Z Unpacking libelf-dev:amd64 (0.190-1.1ubuntu0.1) ...
2026-07-28T18:30:11.9815933Z Selecting previously unselected package pahole.
2026-07-28T18:30:11.9939745Z Preparing to unpack .../22-pahole_1.25-0ubuntu3_amd64.deb ...
2026-07-28T18:30:11.9950545Z Unpacking pahole (1.25-0ubuntu3) ...
2026-07-28T18:30:12.0236321Z Selecting previously unselected package dwarves.
2026-07-28T18:30:12.0360987Z Preparing to unpack .../23-dwarves_1.25-0ubuntu3_all.deb ...
2026-07-28T18:30:12.0371891Z Unpacking dwarves (1.25-0ubuntu3) ...
2026-07-28T18:30:12.0776577Z Setting up binutils-aarch64-linux-gnu (2.42-4ubuntu2.10) ...
2026-07-28T18:30:12.0808288Z Setting up gcc-14-cross-base (14.2.0-4ubuntu2~24.04.1cross1) ...
2026-07-28T18:30:12.0836710Z Setting up gcc-13-cross-base (13.3.0-6ubuntu2~24.04.1cross1) ...
2026-07-28T18:30:12.0862787Z Setting up libc6-arm64-cross (2.39-0ubuntu8cross1) ...
2026-07-28T18:30:12.0889379Z Setting up libelf-dev:amd64 (0.190-1.1ubuntu0.1) ...
2026-07-28T18:30:12.0916663Z Setting up libitm1-arm64-cross (14.2.0-4ubuntu2~24.04.1cross1) ...
2026-07-28T18:30:12.0946463Z Setting up pahole (1.25-0ubuntu3) ...
2026-07-28T18:30:12.0972572Z Setting up build-essential (12.10ubuntu1) ...
2026-07-28T18:30:12.0998939Z Setting up gcc-13-aarch64-linux-gnu-base:amd64 (13.3.0-6ubuntu2~24.04.1cross1) ...
2026-07-28T18:30:12.1025934Z Setting up libgcc-s1-arm64-cross (14.2.0-4ubuntu2~24.04.1cross1) ...
2026-07-28T18:30:12.1053373Z Setting up libatomic1-arm64-cross (14.2.0-4ubuntu2~24.04.1cross1) ...
2026-07-28T18:30:12.1079499Z Setting up liblsan0-arm64-cross (14.2.0-4ubuntu2~24.04.1cross1) ...
2026-07-28T18:30:12.1127714Z Setting up libgomp1-arm64-cross (14.2.0-4ubuntu2~24.04.1cross1) ...
2026-07-28T18:30:12.1156701Z Setting up cpp-13-aarch64-linux-gnu (13.3.0-6ubuntu2~24.04.1cross1) ...
2026-07-28T18:30:12.1186461Z Setting up libhwasan0-arm64-cross (14.2.0-4ubuntu2~24.04.1cross1) ...
2026-07-28T18:30:12.1215526Z Setting up libstdc++6-arm64-cross (14.2.0-4ubuntu2~24.04.1cross1) ...
2026-07-28T18:30:12.1244121Z Setting up cpp-aarch64-linux-gnu (4:13.2.0-7ubuntu1) ...
2026-07-28T18:30:12.1272948Z Setting up dwarves (1.25-0ubuntu3) ...
2026-07-28T18:30:12.1299995Z Setting up libasan8-arm64-cross (14.2.0-4ubuntu2~24.04.1cross1) ...
2026-07-28T18:30:12.1327719Z Setting up libtsan2-arm64-cross (14.2.0-4ubuntu2~24.04.1cross1) ...
2026-07-28T18:30:12.1355451Z Setting up libubsan1-arm64-cross (14.2.0-4ubuntu2~24.04.1cross1) ...
2026-07-28T18:30:12.1379031Z Setting up libgcc-13-dev-arm64-cross (13.3.0-6ubuntu2~24.04.1cross1) ...
2026-07-28T18:30:12.1402187Z Setting up gcc-13-aarch64-linux-gnu (13.3.0-6ubuntu2~24.04.1cross1) ...
2026-07-28T18:30:12.1423726Z Setting up gcc-aarch64-linux-gnu (4:13.2.0-7ubuntu1) ...
2026-07-28T18:30:12.1450805Z Processing triggers for man-db (2.12.0-4build2) ...
2026-07-28T18:30:12.1474507Z Not building database; man-db/auto-update is not 'true'.
2026-07-28T18:30:12.1488128Z Processing triggers for libc-bin (2.39-0ubuntu8.7) ...
2026-07-28T18:30:12.8009999Z 
2026-07-28T18:30:12.8010622Z Running kernel seems to be up-to-date.
2026-07-28T18:30:12.8010995Z 
2026-07-28T18:30:12.8011178Z No services need to be restarted.
2026-07-28T18:30:12.8011409Z 
2026-07-28T18:30:12.8011528Z No containers need to be restarted.
2026-07-28T18:30:12.8011728Z 
2026-07-28T18:30:12.8011908Z No user sessions are running outdated binaries.
2026-07-28T18:30:12.8012158Z 
2026-07-28T18:30:12.8012388Z No VM guests are running outdated hypervisor (qemu) binaries on this host.
2026-07-28T18:30:13.8567013Z /usr/bin/aarch64-linux-gnu-gcc
2026-07-28T18:30:13.8567375Z /usr/bin/aarch64-linux-gnu-ld
2026-07-28T18:30:13.8585297Z aarch64-linux-gnu-gcc (Ubuntu 13.3.0-6ubuntu2~24.04.1) 13.3.0
2026-07-28T18:30:13.8607705Z GNU ld (GNU Binutils for Ubuntu) 2.42
2026-07-28T18:30:13.8630488Z GNU Make 4.3
2026-07-28T18:30:13.8647246Z v1.25
2026-07-28T18:30:13.8689421Z ##[group]Run set -euo pipefail
2026-07-28T18:30:13.8689763Z [36;1mset -euo pipefail[0m
2026-07-28T18:30:13.8690035Z [36;1mbuild_id="${ARCHITECTURE}-${PROFILE}"[0m
2026-07-28T18:30:13.8690397Z [36;1msource_root="${RUNNER_TEMP}/zigux-${build_id}-source"[0m
2026-07-28T18:30:13.8690796Z [36;1msource_archive="${RUNNER_TEMP}/zigux-${build_id}.tar.gz"[0m
2026-07-28T18:30:13.8691173Z [36;1mout_dir="${GITHUB_WORKSPACE}/out-${build_id}"[0m
2026-07-28T18:30:13.8691457Z [36;1m[0m
2026-07-28T18:30:13.8691752Z [36;1m# Every matrix row receives an empty source and output tree.[0m
2026-07-28T18:30:13.8692174Z [36;1mrm -rf "${source_root}" "${source_archive}" "${out_dir}"[0m
2026-07-28T18:30:13.8692525Z [36;1mmkdir -p "${source_root}" "${out_dir}"[0m
2026-07-28T18:30:13.8692795Z [36;1m[0m
2026-07-28T18:30:13.8692997Z [36;1mcurl --fail --location \[0m
2026-07-28T18:30:13.8693309Z [36;1m  --retry 5 --retry-all-errors --retry-delay 5 \[0m
2026-07-28T18:30:13.8693819Z [36;1m  "https://codeload.github.com/${GITHUB_REPOSITORY}/tar.gz/${SOURCE_SHA}" \[0m
2026-07-28T18:30:13.8694732Z [36;1m  -o "${source_archive}"[0m
2026-07-28T18:30:13.8695098Z [36;1mtar -xzf "${source_archive}" --strip-components=1 -C "${source_root}"[0m
2026-07-28T18:30:13.8695469Z [36;1m[0m
2026-07-28T18:30:13.8695672Z [36;1mtest -s "${source_root}/Makefile"[0m
2026-07-28T18:30:13.8695988Z [36;1mgrep -q '^VERSION = ' "${source_root}/Makefile"[0m
2026-07-28T18:30:13.8696275Z [36;1m[0m
2026-07-28T18:30:13.8696496Z [36;1mecho "BUILD_ID=${build_id}" >> "${GITHUB_ENV}"[0m
2026-07-28T18:30:13.8696846Z [36;1mecho "SOURCE_ROOT=${source_root}" >> "${GITHUB_ENV}"[0m
2026-07-28T18:30:13.8697194Z [36;1mecho "OUT_DIR=${out_dir}" >> "${GITHUB_ENV}"[0m
2026-07-28T18:30:13.8742167Z shell: /usr/bin/bash --noprofile --norc -e -o pipefail {0}
2026-07-28T18:30:13.8742517Z env:
2026-07-28T18:30:13.8742729Z   SOURCE_BRANCH: rolling-linux-sync
2026-07-28T18:30:13.8742992Z   CCACHE_DISABLE: 1
2026-07-28T18:30:13.8743209Z   ARCHITECTURE: arm64
2026-07-28T18:30:13.8743434Z   PROFILE: allmodconfig
2026-07-28T18:30:13.8743647Z   KBUILD_ARCH: arm64
2026-07-28T18:30:13.8743854Z   CONFIG_TARGET: allmodconfig
2026-07-28T18:30:13.8744381Z   CROSS_COMPILE: aarch64-linux-gnu-
2026-07-28T18:30:13.8744660Z   TOOLCHAIN_PACKAGES: gcc-aarch64-linux-gnu
2026-07-28T18:30:13.8744936Z   IMAGE_TARGET: Image
2026-07-28T18:30:13.8745158Z   IMAGE_PATH: arch/arm64/boot/Image
2026-07-28T18:30:13.8745403Z   EXPECTED_ELF_CLASS: ELF64
2026-07-28T18:30:13.8745652Z   EXPECTED_ELF_MACHINE: AArch64
2026-07-28T18:30:13.8745937Z   SOURCE_SHA: 62cc90241548d5570ee68e01aaba6506964e9811
2026-07-28T18:30:13.8746248Z   SOURCE_SHORT_SHA: 62cc90241548
2026-07-28T18:30:13.8746480Z ##[endgroup]
2026-07-28T18:30:13.8884660Z   % Total    % Received % Xferd  Average Speed   Time    Time     Time  Current
2026-07-28T18:30:13.8885856Z                                  Dload  Upload   Total   Spent    Left  Speed
2026-07-28T18:30:13.8886334Z 
2026-07-28T18:30:14.0396816Z   0     0    0     0    0     0      0      0 --:--:-- --:--:-- --:--:--     0
2026-07-28T18:30:15.0201053Z   0     0    0     0    0     0      0      0 --:--:-- --:--:-- --:--:--     0
2026-07-28T18:30:16.0160688Z 100 1513k    0 1513k    0     0  1337k      0 --:--:--  0:00:01 --:--:-- 1337k
2026-07-28T18:30:17.0166724Z 100 11.5M    0 11.5M    0     0  5537k      0 --:--:--  0:00:02 --:--:-- 5536k
2026-07-28T18:30:18.0199264Z 100 19.2M    0 19.2M    0     0  6305k      0 --:--:--  0:00:03 --:--:-- 6304k
2026-07-28T18:30:19.0134825Z 100 26.7M    0 26.7M    0     0  6630k      0 --:--:--  0:00:04 --:--:-- 6629k
2026-07-28T18:30:20.0420069Z 100 33.5M    0 33.5M    0     0  6699k      0 --:--:--  0:00:05 --:--:-- 6903k
2026-07-28T18:30:21.0210868Z 100 40.7M    0 40.7M    0     0  6781k      0 --:--:--  0:00:06 --:--:-- 8009k
2026-07-28T18:30:22.0336158Z 100 47.7M    0 47.7M    0     0  6855k      0 --:--:--  0:00:07 --:--:-- 7417k
2026-07-28T18:30:23.0490655Z 100 54.7M    0 54.7M    0     0  6883k      0 --:--:--  0:00:08 --:--:-- 7244k
2026-07-28T18:30:24.0499459Z 100 61.2M    0 61.2M    0     0  6846k      0 --:--:--  0:00:09 --:--:-- 7024k
2026-07-28T18:30:25.0307911Z 100 65.2M    0 65.2M    0     0  6576k      0 --:--:--  0:00:10 --:--:-- 6452k
2026-07-28T18:30:26.0524542Z 100 70.0M    0 70.0M    0     0  6433k      0 --:--:--  0:00:11 --:--:-- 6004k
2026-07-28T18:30:27.0227472Z 100 74.7M    0 74.7M    0     0  6295k      0 --:--:--  0:00:12 --:--:-- 5502k
2026-07-28T18:30:28.0438759Z 100 79.0M    0 79.0M    0     0  6160k      0 --:--:--  0:00:13 --:--:-- 4980k
2026-07-28T18:30:29.0264868Z 100 83.5M    0 83.5M    0     0  6040k      0 --:--:--  0:00:14 --:--:-- 4561k
2026-07-28T18:30:30.0133801Z 100 88.0M    0 88.0M    0     0  5955k      0 --:--:--  0:00:15 --:--:-- 4684k
2026-07-28T18:30:31.0261139Z 100 92.7M    0 92.7M    0     0  5890k      0 --:--:--  0:00:16 --:--:-- 4674k
2026-07-28T18:30:32.0152911Z 100 98.7M    0 98.7M    0     0  5901k      0 --:--:--  0:00:17 --:--:-- 4935k
2026-07-28T18:30:33.0140985Z 100  105M    0  105M    0     0  5960k      0 --:--:--  0:00:18 --:--:-- 5433k
2026-07-28T18:30:34.0129268Z 100  112M    0  112M    0     0  6023k      0 --:--:--  0:00:19 --:--:-- 5974k
2026-07-28T18:30:35.0320134Z 100  120M    0  120M    0     0  6106k      0 --:--:--  0:00:20 --:--:-- 6563k
2026-07-28T18:30:36.0298885Z 100  127M    0  127M    0     0  6150k      0 --:--:--  0:00:21 --:--:-- 6989k
2026-07-28T18:30:37.0420767Z 100  134M    0  134M    0     0  6198k      0 --:--:--  0:00:22 --:--:-- 7216k
2026-07-28T18:30:38.0232107Z 100  141M    0  141M    0     0  6258k      0 --:--:--  0:00:23 --:--:-- 7334k
2026-07-28T18:30:39.0171899Z 100  148M    0  148M    0     0  6311k      0 --:--:--  0:00:24 --:--:-- 7410k
2026-07-28T18:30:40.0304244Z 100  156M    0  156M    0     0  6357k      0 --:--:--  0:00:25 --:--:-- 7370k
2026-07-28T18:30:41.0427542Z 100  163M    0  163M    0     0  6395k      0 --:--:--  0:00:26 --:--:-- 7428k
2026-07-28T18:30:42.0223594Z 100  170M    0  170M    0     0  6429k      0 --:--:--  0:00:27 --:--:-- 7453k
2026-07-28T18:30:43.0146338Z 100  177M    0  177M    0     0  6470k      0 --:--:--  0:00:28 --:--:-- 7453k
2026-07-28T18:30:44.0268935Z 100  185M    0  185M    0     0  6504k      0 --:--:--  0:00:29 --:--:-- 7436k
2026-07-28T18:30:45.0354883Z 100  192M    0  192M    0     0  6541k      0 --:--:--  0:00:30 --:--:-- 7461k
2026-07-28T18:30:46.0260246Z 100  198M    0  198M    0     0  6534k      0 --:--:--  0:00:31 --:--:-- 7259k
2026-07-28T18:30:47.0259797Z 100  205M    0  205M    0     0  6558k      0 --:--:--  0:00:32 --:--:-- 7260k
2026-07-28T18:30:48.0129224Z 100  213M    0  213M    0     0  6605k      0 --:--:--  0:00:33 --:--:-- 7365k
2026-07-28T18:30:49.0443017Z 100  220M    0  220M    0     0  6616k      0 --:--:--  0:00:34 --:--:-- 7271k
2026-07-28T18:30:50.0207399Z 100  227M    0  227M    0     0  6628k      0 --:--:--  0:00:35 --:--:-- 7156k
2026-07-28T18:30:51.0130021Z 100  234M    0  234M    0     0  6653k      0 --:--:--  0:00:36 --:--:-- 7399k
2026-07-28T18:30:52.0507152Z 100  242M    0  242M    0     0  6683k      0 --:--:--  0:00:37 --:--:-- 7488k
2026-07-28T18:30:52.7776984Z 100  249M    0  249M    0     0  6681k      0 --:--:--  0:00:38 --:--:-- 7185k
2026-07-28T18:30:52.7778610Z 100  253M    0  253M    0     0  6677k      0 --:--:--  0:00:38 --:--:-- 7117k
2026-07-28T18:31:01.3019422Z ##[group]Run set -euo pipefail
2026-07-28T18:31:01.3019804Z [36;1mset -euo pipefail[0m
2026-07-28T18:31:01.3020118Z [36;1mlog_dir="${GITHUB_WORKSPACE}/build-logs/${BUILD_ID}"[0m
2026-07-28T18:31:01.3020449Z [36;1m[0m
2026-07-28T18:31:01.3020735Z [36;1munset CCACHE_DIR CCACHE_BASEDIR CCACHE_COMPILERCHECK || true[0m
2026-07-28T18:31:01.3021101Z [36;1mexport CCACHE_DISABLE=1[0m
2026-07-28T18:31:01.3021348Z [36;1m[0m
2026-07-28T18:31:01.3021535Z [36;1mmake -C "${SOURCE_ROOT}" \[0m
2026-07-28T18:31:01.3021803Z [36;1m  O="${OUT_DIR}" \[0m
2026-07-28T18:31:01.3022035Z [36;1m  ARCH="${KBUILD_ARCH}" \[0m
2026-07-28T18:31:01.3022306Z [36;1m  CROSS_COMPILE="${CROSS_COMPILE}" \[0m
2026-07-28T18:31:01.3022579Z [36;1m  mrproper[0m
2026-07-28T18:31:01.3022772Z [36;1m[0m
2026-07-28T18:31:01.3022960Z [36;1mmake -C "${SOURCE_ROOT}" \[0m
2026-07-28T18:31:01.3023214Z [36;1m  O="${OUT_DIR}" \[0m
2026-07-28T18:31:01.3023440Z [36;1m  ARCH="${KBUILD_ARCH}" \[0m
2026-07-28T18:31:01.3023739Z [36;1m  CROSS_COMPILE="${CROSS_COMPILE}" \[0m
2026-07-28T18:31:01.3024293Z [36;1m  "${CONFIG_TARGET}"[0m
2026-07-28T18:31:01.3024595Z [36;1m[0m
2026-07-28T18:31:01.3024776Z [36;1madjustments="none"[0m
2026-07-28T18:31:01.3025033Z [36;1mif [ "${PROFILE}" = "allmodconfig" ]; then[0m
2026-07-28T18:31:01.3025420Z [36;1m  # Keep allmodconfig broad while avoiding warning-only and Rust[0m
2026-07-28T18:31:01.3025903Z [36;1m  # cross-toolchain failures that do not measure C kernel coverage.[0m
2026-07-28T18:31:01.3026421Z [36;1m  "${SOURCE_ROOT}/scripts/config" --file "${OUT_DIR}/.config" --disable WERROR[0m
2026-07-28T18:31:01.3026937Z [36;1m  "${SOURCE_ROOT}/scripts/config" --file "${OUT_DIR}/.config" --disable RUST[0m
2026-07-28T18:31:01.3027368Z [36;1m  adjustments="CONFIG_WERROR=n,CONFIG_RUST=n"[0m
2026-07-28T18:31:01.3027652Z [36;1mfi[0m
2026-07-28T18:31:01.3027823Z [36;1m[0m
2026-07-28T18:31:01.3028009Z [36;1mmake -C "${SOURCE_ROOT}" \[0m
2026-07-28T18:31:01.3028264Z [36;1m  O="${OUT_DIR}" \[0m
2026-07-28T18:31:01.3028492Z [36;1m  ARCH="${KBUILD_ARCH}" \[0m
2026-07-28T18:31:01.3028756Z [36;1m  CROSS_COMPILE="${CROSS_COMPILE}" \[0m
2026-07-28T18:31:01.3029026Z [36;1m  olddefconfig[0m
2026-07-28T18:31:01.3029225Z [36;1m[0m
2026-07-28T18:31:01.3029407Z [36;1mcase "${ARCHITECTURE}" in[0m
2026-07-28T18:31:01.3029650Z [36;1m  x86_64|arm64|riscv64)[0m
2026-07-28T18:31:01.3029932Z [36;1m    grep -qx 'CONFIG_64BIT=y' "${OUT_DIR}/.config"[0m
2026-07-28T18:31:01.3030224Z [36;1m    ;;[0m
2026-07-28T18:31:01.3030412Z [36;1m  i686|armv7)[0m
2026-07-28T18:31:01.3030687Z [36;1m    if grep -qx 'CONFIG_64BIT=y' "${OUT_DIR}/.config"; then[0m
2026-07-28T18:31:01.3031160Z [36;1m      echo "::error::${ARCHITECTURE}/${PROFILE} unexpectedly selected CONFIG_64BIT=y."[0m
2026-07-28T18:31:01.3031559Z [36;1m      exit 1[0m
2026-07-28T18:31:01.3031750Z [36;1m    fi[0m
2026-07-28T18:31:01.3031925Z [36;1m    ;;[0m
2026-07-28T18:31:01.3032098Z [36;1mesac[0m
2026-07-28T18:31:01.3032275Z [36;1m[0m
2026-07-28T18:31:01.3032483Z [36;1mif [ "${PROFILE}" = "allmodconfig" ]; then[0m
2026-07-28T18:31:01.3032837Z [36;1m  grep -qx '# CONFIG_WERROR is not set' "${OUT_DIR}/.config"[0m
2026-07-28T18:31:01.3033232Z [36;1m  grep -qx '# CONFIG_RUST is not set' "${OUT_DIR}/.config"[0m
2026-07-28T18:31:01.3033598Z [36;1m  grep -qx 'CONFIG_MODULES=y' "${OUT_DIR}/.config"[0m
2026-07-28T18:31:01.3033895Z [36;1mfi[0m
2026-07-28T18:31:01.3034322Z [36;1m[0m
2026-07-28T18:31:01.3034642Z [36;1mconfigured_module_symbols="$(grep -c '=m$' "${OUT_DIR}/.config" || true)"[0m
2026-07-28T18:31:01.3035422Z [36;1mecho "configured_module_symbols=${configured_module_symbols}" >> "${GITHUB_OUTPUT}"[0m
2026-07-28T18:31:01.3035943Z [36;1mecho "config_adjustments=${adjustments}" >> "${GITHUB_OUTPUT}"[0m
2026-07-28T18:31:01.3036291Z [36;1m[0m
2026-07-28T18:31:01.3036529Z [36;1mcp "${OUT_DIR}/.config" "${log_dir}/kernel.config"[0m
2026-07-28T18:31:01.3036826Z [36;1m{[0m
2026-07-28T18:31:01.3037172Z [36;1m  echo "Profile: ${PROFILE}"[0m
2026-07-28T18:31:01.3037486Z [36;1m  echo "Configuration target: ${CONFIG_TARGET}"[0m
2026-07-28T18:31:01.3037818Z [36;1m  echo "CI adjustments: ${adjustments}"[0m
2026-07-28T18:31:01.3038199Z [36;1m  echo "Configured module symbols: ${configured_module_symbols}"[0m
2026-07-28T18:31:01.3038603Z [36;1m} | tee "${log_dir}/configuration-summary.txt"[0m
2026-07-28T18:31:01.3038891Z [36;1m[0m
2026-07-28T18:31:01.3039078Z [36;1mmake -s -C "${SOURCE_ROOT}" \[0m
2026-07-28T18:31:01.3039341Z [36;1m  O="${OUT_DIR}" \[0m
2026-07-28T18:31:01.3039566Z [36;1m  ARCH="${KBUILD_ARCH}" \[0m
2026-07-28T18:31:01.3039837Z [36;1m  CROSS_COMPILE="${CROSS_COMPILE}" \[0m
2026-07-28T18:31:01.3040111Z [36;1m  kernelrelease \[0m
2026-07-28T18:31:01.3040388Z [36;1m  | tee "${log_dir}/configured-kernel-release.txt"[0m
2026-07-28T18:31:01.3086754Z shell: /usr/bin/bash --noprofile --norc -e -o pipefail {0}
2026-07-28T18:31:01.3087099Z env:
2026-07-28T18:31:01.3087320Z   SOURCE_BRANCH: rolling-linux-sync
2026-07-28T18:31:01.3087574Z   CCACHE_DISABLE: 1
2026-07-28T18:31:01.3087778Z   ARCHITECTURE: arm64
2026-07-28T18:31:01.3087990Z   PROFILE: allmodconfig
2026-07-28T18:31:01.3088210Z   KBUILD_ARCH: arm64
2026-07-28T18:31:01.3088418Z   CONFIG_TARGET: allmodconfig
2026-07-28T18:31:01.3088662Z   CROSS_COMPILE: aarch64-linux-gnu-
2026-07-28T18:31:01.3088935Z   TOOLCHAIN_PACKAGES: gcc-aarch64-linux-gnu
2026-07-28T18:31:01.3089209Z   IMAGE_TARGET: Image
2026-07-28T18:31:01.3089433Z   IMAGE_PATH: arch/arm64/boot/Image
2026-07-28T18:31:01.3089686Z   EXPECTED_ELF_CLASS: ELF64
2026-07-28T18:31:01.3089914Z   EXPECTED_ELF_MACHINE: AArch64
2026-07-28T18:31:01.3090184Z   SOURCE_SHA: 62cc90241548d5570ee68e01aaba6506964e9811
2026-07-28T18:31:01.3090485Z   SOURCE_SHORT_SHA: 62cc90241548
2026-07-28T18:31:01.3090726Z   BUILD_ID: arm64-allmodconfig
2026-07-28T18:31:01.3091060Z   SOURCE_ROOT: /home/runner/work/_temp/zigux-arm64-allmodconfig-source
2026-07-28T18:31:01.3091495Z   OUT_DIR: /home/runner/work/Zigux/Zigux/out-arm64-allmodconfig
2026-07-28T18:31:01.3091828Z ##[endgroup]
2026-07-28T18:31:01.3653634Z make: Entering directory '/home/runner/work/_temp/zigux-arm64-allmodconfig-source'
2026-07-28T18:31:01.3687586Z make[1]: Entering directory '/home/runner/work/Zigux/Zigux/out-arm64-allmodconfig'
2026-07-28T18:31:04.6653779Z make[1]: Leaving directory '/home/runner/work/Zigux/Zigux/out-arm64-allmodconfig'
2026-07-28T18:31:04.6656326Z make: Leaving directory '/home/runner/work/_temp/zigux-arm64-allmodconfig-source'
2026-07-28T18:31:04.6672456Z make: Entering directory '/home/runner/work/_temp/zigux-arm64-allmodconfig-source'
2026-07-28T18:31:04.6706105Z make[1]: Entering directory '/home/runner/work/Zigux/Zigux/out-arm64-allmodconfig'
2026-07-28T18:31:04.9233404Z   UPD     Makefile
2026-07-28T18:31:04.9699608Z   HOSTCC  scripts/basic/fixdep
2026-07-28T18:31:05.2129994Z   HOSTCC  scripts/kconfig/conf.o
2026-07-28T18:31:05.4181437Z   HOSTCC  scripts/kconfig/confdata.o
2026-07-28T18:31:05.6714514Z   HOSTCC  scripts/kconfig/expr.o
2026-07-28T18:31:05.9077211Z   LEX     scripts/kconfig/lexer.lex.c
2026-07-28T18:31:05.9933310Z   YACC    scripts/kconfig/parser.tab.[ch]
2026-07-28T18:31:06.2248676Z   HOSTCC  scripts/kconfig/lexer.lex.o
2026-07-28T18:31:06.5033636Z   HOSTCC  scripts/kconfig/menu.o
2026-07-28T18:31:06.6840837Z   HOSTCC  scripts/kconfig/parser.tab.o
2026-07-28T18:31:06.9267213Z   HOSTCC  scripts/kconfig/preprocess.o
2026-07-28T18:31:07.0499244Z   HOSTCC  scripts/kconfig/symbol.o
2026-07-28T18:31:07.3463267Z   HOSTCC  scripts/kconfig/util.o
2026-07-28T18:31:07.4005427Z   HOSTLD  scripts/kconfig/conf
2026-07-28T18:31:09.3775458Z #
2026-07-28T18:31:09.3776044Z # configuration written to .config
2026-07-28T18:31:09.3776607Z #
2026-07-28T18:31:09.3798513Z make[1]: Leaving directory '/home/runner/work/Zigux/Zigux/out-arm64-allmodconfig'
2026-07-28T18:31:09.3800933Z make: Leaving directory '/home/runner/work/_temp/zigux-arm64-allmodconfig-source'
2026-07-28T18:31:09.4058418Z make: Entering directory '/home/runner/work/_temp/zigux-arm64-allmodconfig-source'
2026-07-28T18:31:09.4090288Z make[1]: Entering directory '/home/runner/work/Zigux/Zigux/out-arm64-allmodconfig'
2026-07-28T18:31:11.1529973Z #
2026-07-28T18:31:11.1530312Z # configuration written to .config
2026-07-28T18:31:11.1530609Z #
2026-07-28T18:31:11.1559666Z make[1]: Leaving directory '/home/runner/work/Zigux/Zigux/out-arm64-allmodconfig'
2026-07-28T18:31:11.1561383Z make: Leaving directory '/home/runner/work/_temp/zigux-arm64-allmodconfig-source'
2026-07-28T18:31:11.1620449Z ##[error]Process completed with exit code 1.
2026-07-28T18:31:11.1743468Z ##[group]Run actions/upload-artifact@v7
2026-07-28T18:31:11.1743781Z with:
2026-07-28T18:31:11.1744420Z   name: zigux-linux-arm64-allmodconfig-cold-build-logs-30387081032
2026-07-28T18:31:11.1744832Z   path: build-logs/arm64-allmodconfig/
2026-07-28T18:31:11.1745115Z   if-no-files-found: warn
2026-07-28T18:31:11.1745339Z   retention-days: 8
2026-07-28T18:31:11.1745539Z   compression-level: 6
2026-07-28T18:31:11.1745742Z   overwrite: false
2026-07-28T18:31:11.1745947Z   include-hidden-files: false
2026-07-28T18:31:11.1746172Z   archive: true
2026-07-28T18:31:11.1746353Z env:
2026-07-28T18:31:11.1746540Z   SOURCE_BRANCH: rolling-linux-sync
2026-07-28T18:31:11.1746785Z   CCACHE_DISABLE: 1
2026-07-28T18:31:11.1746977Z   ARCHITECTURE: arm64
2026-07-28T18:31:11.1747182Z   PROFILE: allmodconfig
2026-07-28T18:31:11.1747397Z   KBUILD_ARCH: arm64
2026-07-28T18:31:11.1747603Z   CONFIG_TARGET: allmodconfig
2026-07-28T18:31:11.1747842Z   CROSS_COMPILE: aarch64-linux-gnu-
2026-07-28T18:31:11.1748162Z   TOOLCHAIN_PACKAGES: gcc-aarch64-linux-gnu
2026-07-28T18:31:11.1748441Z   IMAGE_TARGET: Image
2026-07-28T18:31:11.1748646Z   IMAGE_PATH: arch/arm64/boot/Image
2026-07-28T18:31:11.1748885Z   EXPECTED_ELF_CLASS: ELF64
2026-07-28T18:31:11.1749119Z   EXPECTED_ELF_MACHINE: AArch64
2026-07-28T18:31:11.1749393Z   SOURCE_SHA: 62cc90241548d5570ee68e01aaba6506964e9811
2026-07-28T18:31:11.1749693Z   SOURCE_SHORT_SHA: 62cc90241548
2026-07-28T18:31:11.1749940Z   BUILD_ID: arm64-allmodconfig
2026-07-28T18:31:11.1750275Z   SOURCE_ROOT: /home/runner/work/_temp/zigux-arm64-allmodconfig-source
2026-07-28T18:31:11.1750709Z   OUT_DIR: /home/runner/work/Zigux/Zigux/out-arm64-allmodconfig
2026-07-28T18:31:11.1751032Z ##[endgroup]
2026-07-28T18:31:11.3250396Z With the provided path, there will be 2 files uploaded
2026-07-28T18:31:11.3256176Z Artifact name is valid!
2026-07-28T18:31:11.3256940Z Root directory input is valid!
2026-07-28T18:31:11.5969442Z Uploading artifact: zigux-linux-arm64-allmodconfig-cold-build-logs-30387081032.zip
2026-07-28T18:31:11.6018745Z Beginning upload of artifact content to blob storage
2026-07-28T18:31:11.8404242Z Uploaded bytes 966
2026-07-28T18:31:11.8955827Z Finished uploading artifact content to blob storage!
2026-07-28T18:31:11.8956922Z SHA256 digest of uploaded artifact is 61b531a77ac02b5432c6d8947914caac36ecb1f9fd89a9189795fe55e7ca37c6
2026-07-28T18:31:11.8957857Z Finalizing artifact upload
2026-07-28T18:31:12.2338081Z Artifact zigux-linux-arm64-allmodconfig-cold-build-logs-30387081032 successfully finalized. Artifact ID 8699646401
2026-07-28T18:31:12.2339510Z Artifact zigux-linux-arm64-allmodconfig-cold-build-logs-30387081032 has been successfully uploaded! Final size is 966 bytes. Artifact ID is 8699646401
2026-07-28T18:31:12.2342404Z Artifact download URL: https://github.com/adybag14-cyber/Zigux/actions/runs/30387081032/artifacts/8699646401
2026-07-28T18:31:12.2502759Z Cleaning up orphan processes
