2026-07-28T18:30:05.0725891Z Current runner version: '2.336.0'
2026-07-28T18:30:05.0750421Z ##[group]Runner Image Provisioner
2026-07-28T18:30:05.0751265Z Hosted Compute Agent
2026-07-28T18:30:05.0751925Z Version: 20260707.563
2026-07-28T18:30:05.0752587Z Commit: 02667638d2b423fbc733a8e32a88b44996a3ba6e
2026-07-28T18:30:05.0753297Z Build Date: 2026-07-07T19:33:50Z
2026-07-28T18:30:05.0754062Z Worker ID: {f44a0bc7-828f-4498-b1ea-980a2644d57e}
2026-07-28T18:30:05.0754790Z Azure Region: eastus2
2026-07-28T18:30:05.0755465Z ##[endgroup]
2026-07-28T18:30:05.0757595Z ##[group]Operating System
2026-07-28T18:30:05.0758220Z Ubuntu
2026-07-28T18:30:05.0758818Z 24.04.4
2026-07-28T18:30:05.0759324Z LTS
2026-07-28T18:30:05.0759946Z ##[endgroup]
2026-07-28T18:30:05.0760473Z ##[group]Runner Image
2026-07-28T18:30:05.0761188Z Image: ubuntu-24.04
2026-07-28T18:30:05.0761791Z Version: 20260720.247.2
2026-07-28T18:30:05.0762994Z Included Software: https://github.com/actions/runner-images/blob/ubuntu24/20260720.247/images/ubuntu/Ubuntu2404-Readme.md
2026-07-28T18:30:05.0764566Z Image Release: https://github.com/actions/runner-images/releases/tag/ubuntu24%2F20260720.247
2026-07-28T18:30:05.0765531Z ##[endgroup]
2026-07-28T18:30:05.0766674Z ##[group]GITHUB_TOKEN Permissions
2026-07-28T18:30:05.0768942Z Contents: read
2026-07-28T18:30:05.0769601Z Metadata: read
2026-07-28T18:30:05.0770210Z ##[endgroup]
2026-07-28T18:30:05.0772232Z Secret source: Actions
2026-07-28T18:30:05.0773591Z Prepare workflow directory
2026-07-28T18:30:05.1287604Z Prepare all required actions
2026-07-28T18:30:05.1335104Z Getting action download info
2026-07-28T18:30:05.3545777Z Download action repository 'actions/upload-artifact@v7' (SHA:043fb46d1a93c77aae656e7c1c64a875d1fc6a0a)
2026-07-28T18:30:05.6459398Z Complete job name: Cold-build i686 / allmodconfig
2026-07-28T18:30:05.7156436Z ##[group]Run set -euo pipefail
2026-07-28T18:30:05.7157393Z [36;1mset -euo pipefail[0m
2026-07-28T18:30:05.7158077Z [36;1mbuild_id="${ARCHITECTURE}-${PROFILE}"[0m
2026-07-28T18:30:05.7158971Z [36;1mlog_dir="${GITHUB_WORKSPACE}/build-logs/${build_id}"[0m
2026-07-28T18:30:05.7159819Z [36;1mmkdir -p "${log_dir}" "${GITHUB_WORKSPACE}/artifacts/${build_id}"[0m
2026-07-28T18:30:05.7160514Z [36;1m[0m
2026-07-28T18:30:05.7160905Z [36;1m{[0m
2026-07-28T18:30:05.7161331Z [36;1m  echo "Cold build: true"[0m
2026-07-28T18:30:05.7161877Z [36;1m  echo "Cache restore: disabled"[0m
2026-07-28T18:30:05.7162483Z [36;1m  echo "Source branch: ${SOURCE_BRANCH}"[0m
2026-07-28T18:30:05.7163215Z [36;1m  echo "Source commit: ${SOURCE_SHA}"[0m
2026-07-28T18:30:05.7163865Z [36;1m  echo "Architecture label: ${ARCHITECTURE}"[0m
2026-07-28T18:30:05.7164528Z [36;1m  echo "Build profile: ${PROFILE}"[0m
2026-07-28T18:30:05.7165139Z [36;1m  echo "Kbuild ARCH: ${KBUILD_ARCH}"[0m
2026-07-28T18:30:05.7165820Z [36;1m  echo "Configuration target: ${CONFIG_TARGET}"[0m
2026-07-28T18:30:05.7166579Z [36;1m  echo "Cross compiler prefix: ${CROSS_COMPILE:-native}"[0m
2026-07-28T18:30:05.7167633Z [36;1m  echo "Image target: ${IMAGE_TARGET}"[0m
2026-07-28T18:30:05.7168268Z [36;1m  echo "Image path: ${IMAGE_PATH}"[0m
2026-07-28T18:30:05.7168861Z [36;1m  echo "Runner: ${RUNNER_NAME}"[0m
2026-07-28T18:30:05.7169433Z [36;1m  echo "Runner OS: ${RUNNER_OS}"[0m
2026-07-28T18:30:05.7170046Z [36;1m  echo "Runner architecture: ${RUNNER_ARCH}"[0m
2026-07-28T18:30:05.7170747Z [36;1m  echo "Started UTC: $(date -u --iso-8601=seconds)"[0m
2026-07-28T18:30:05.7171372Z [36;1m  echo[0m
2026-07-28T18:30:05.7171797Z [36;1m  df -h[0m
2026-07-28T18:30:05.7172245Z [36;1m  echo[0m
2026-07-28T18:30:05.7172665Z [36;1m  free -h[0m
2026-07-28T18:30:05.7173104Z [36;1m  echo[0m
2026-07-28T18:30:05.7173533Z [36;1m  nproc[0m
2026-07-28T18:30:05.7174027Z [36;1m} | tee "${log_dir}/runner-baseline.txt"[0m
2026-07-28T18:30:05.7225107Z shell: /usr/bin/bash --noprofile --norc -e -o pipefail {0}
2026-07-28T18:30:05.7226076Z env:
2026-07-28T18:30:05.7226525Z   SOURCE_BRANCH: rolling-linux-sync
2026-07-28T18:30:05.7227528Z   CCACHE_DISABLE: 1
2026-07-28T18:30:05.7228232Z   ARCHITECTURE: i686
2026-07-28T18:30:05.7228694Z   PROFILE: allmodconfig
2026-07-28T18:30:05.7229165Z   KBUILD_ARCH: i386
2026-07-28T18:30:05.7229611Z   CONFIG_TARGET: allmodconfig
2026-07-28T18:30:05.7230123Z   CROSS_COMPILE: i686-linux-gnu-
2026-07-28T18:30:05.7230668Z   TOOLCHAIN_PACKAGES: gcc-i686-linux-gnu
2026-07-28T18:30:05.7231216Z   IMAGE_TARGET: bzImage
2026-07-28T18:30:05.7231703Z   IMAGE_PATH: arch/x86/boot/bzImage
2026-07-28T18:30:05.7232242Z   EXPECTED_ELF_CLASS: ELF32
2026-07-28T18:30:05.7232745Z   EXPECTED_ELF_MACHINE: Intel 80386
2026-07-28T18:30:05.7233342Z   SOURCE_SHA: 62cc90241548d5570ee68e01aaba6506964e9811
2026-07-28T18:30:05.7233968Z   SOURCE_SHORT_SHA: 62cc90241548
2026-07-28T18:30:05.7234462Z ##[endgroup]
2026-07-28T18:30:05.7394910Z Cold build: true
2026-07-28T18:30:05.7395480Z Cache restore: disabled
2026-07-28T18:30:05.7396000Z Source branch: rolling-linux-sync
2026-07-28T18:30:05.7396643Z Source commit: 62cc90241548d5570ee68e01aaba6506964e9811
2026-07-28T18:30:05.7397616Z Architecture label: i686
2026-07-28T18:30:05.7398121Z Build profile: allmodconfig
2026-07-28T18:30:05.7398611Z Kbuild ARCH: i386
2026-07-28T18:30:05.7399069Z Configuration target: allmodconfig
2026-07-28T18:30:05.7399624Z Cross compiler prefix: i686-linux-gnu-
2026-07-28T18:30:05.7400167Z Image target: bzImage
2026-07-28T18:30:05.7400635Z Image path: arch/x86/boot/bzImage
2026-07-28T18:30:05.7401166Z Runner: GitHub Actions 1000158370
2026-07-28T18:30:05.7401693Z Runner OS: Linux
2026-07-28T18:30:05.7402138Z Runner architecture: X64
2026-07-28T18:30:05.7406172Z Started UTC: 2026-07-28T18:30:05+00:00
2026-07-28T18:30:05.7406568Z 
2026-07-28T18:30:05.7664887Z Filesystem      Size  Used Avail Use% Mounted on
2026-07-28T18:30:05.7666177Z /dev/root       145G   57G   88G  40% /
2026-07-28T18:30:05.7667396Z tmpfs           7.9G   84K  7.9G   1% /dev/shm
2026-07-28T18:30:05.7668147Z tmpfs           3.2G  988K  3.2G   1% /run
2026-07-28T18:30:05.7668741Z tmpfs           5.0M     0  5.0M   0% /run/lock
2026-07-28T18:30:05.7669435Z efivarfs        128M   32K  128M   1% /sys/firmware/efi/efivars
2026-07-28T18:30:05.7670125Z /dev/sda16      881M   64M  756M   8% /boot
2026-07-28T18:30:05.7670727Z /dev/sda15      105M  6.2M   99M   6% /boot/efi
2026-07-28T18:30:05.7671370Z tmpfs           1.6G   12K  1.6G   1% /run/user/1001
2026-07-28T18:30:05.7671803Z 
2026-07-28T18:30:05.7683422Z                total        used        free      shared  buff/cache   available
2026-07-28T18:30:05.7684433Z Mem:            15Gi       1.1Gi        12Gi        38Mi       2.2Gi        14Gi
2026-07-28T18:30:05.7685451Z Swap:          3.0Gi          0B       3.0Gi
2026-07-28T18:30:05.7686077Z 
2026-07-28T18:30:05.7702687Z 4
2026-07-28T18:30:05.7806667Z ##[group]Run set -euo pipefail
2026-07-28T18:30:05.7807450Z [36;1mset -euo pipefail[0m
2026-07-28T18:30:05.7808001Z [36;1mbuild_id="${ARCHITECTURE}-${PROFILE}"[0m
2026-07-28T18:30:05.7808694Z [36;1mlog_dir="${GITHUB_WORKSPACE}/build-logs/${build_id}"[0m
2026-07-28T18:30:05.7809352Z [36;1m[0m
2026-07-28T18:30:05.7809767Z [36;1msudo apt-get update[0m
2026-07-28T18:30:05.7810562Z [36;1msudo DEBIAN_FRONTEND=noninteractive apt-get install -y --no-install-recommends \[0m
2026-07-28T18:30:05.7811394Z [36;1m  bc \[0m
2026-07-28T18:30:05.7811810Z [36;1m  binutils \[0m
2026-07-28T18:30:05.7812242Z [36;1m  bison \[0m
2026-07-28T18:30:05.7812684Z [36;1m  build-essential \[0m
2026-07-28T18:30:05.7813167Z [36;1m  cpio \[0m
2026-07-28T18:30:05.7813584Z [36;1m  dwarves \[0m
2026-07-28T18:30:05.7814013Z [36;1m  file \[0m
2026-07-28T18:30:05.7814426Z [36;1m  flex \[0m
2026-07-28T18:30:05.7814826Z [36;1m  kmod \[0m
2026-07-28T18:30:05.7815242Z [36;1m  libelf-dev \[0m
2026-07-28T18:30:05.7815722Z [36;1m  libssl-dev \[0m
2026-07-28T18:30:05.7816172Z [36;1m  perl \[0m
2026-07-28T18:30:05.7816599Z [36;1m  pkg-config \[0m
2026-07-28T18:30:05.7817378Z [36;1m  python3 \[0m
2026-07-28T18:30:05.7817869Z [36;1m  rsync \[0m
2026-07-28T18:30:05.7818406Z [36;1m  xz-utils \[0m
2026-07-28T18:30:05.7819023Z [36;1m  zstd \[0m
2026-07-28T18:30:05.7819464Z [36;1m  ${TOOLCHAIN_PACKAGES}[0m
2026-07-28T18:30:05.7819958Z [36;1m[0m
2026-07-28T18:30:05.7820382Z [36;1mcompiler="${CROSS_COMPILE}gcc"[0m
2026-07-28T18:30:05.7820937Z [36;1mlinker="${CROSS_COMPILE}ld"[0m
2026-07-28T18:30:05.7821465Z [36;1mcommand -v "${compiler}"[0m
2026-07-28T18:30:05.7821982Z [36;1mcommand -v "${linker}"[0m
2026-07-28T18:30:05.7822464Z [36;1m[0m
2026-07-28T18:30:05.7822845Z [36;1m{[0m
2026-07-28T18:30:05.7823291Z [36;1m  "${compiler}" --version | head -n 1[0m
2026-07-28T18:30:05.7823888Z [36;1m  "${linker}" --version | head -n 1[0m
2026-07-28T18:30:05.7824464Z [36;1m  make --version | head -n 1[0m
2026-07-28T18:30:05.7825018Z [36;1m  pahole --version[0m
2026-07-28T18:30:05.7825560Z [36;1m} | tee "${log_dir}/toolchain-versions.txt"[0m
2026-07-28T18:30:05.7868479Z shell: /usr/bin/bash --noprofile --norc -e -o pipefail {0}
2026-07-28T18:30:05.7869134Z env:
2026-07-28T18:30:05.7869560Z   SOURCE_BRANCH: rolling-linux-sync
2026-07-28T18:30:05.7870106Z   CCACHE_DISABLE: 1
2026-07-28T18:30:05.7870558Z   ARCHITECTURE: i686
2026-07-28T18:30:05.7871013Z   PROFILE: allmodconfig
2026-07-28T18:30:05.7871478Z   KBUILD_ARCH: i386
2026-07-28T18:30:05.7871930Z   CONFIG_TARGET: allmodconfig
2026-07-28T18:30:05.7872448Z   CROSS_COMPILE: i686-linux-gnu-
2026-07-28T18:30:05.7872989Z   TOOLCHAIN_PACKAGES: gcc-i686-linux-gnu
2026-07-28T18:30:05.7873534Z   IMAGE_TARGET: bzImage
2026-07-28T18:30:05.7874000Z   IMAGE_PATH: arch/x86/boot/bzImage
2026-07-28T18:30:05.7874524Z   EXPECTED_ELF_CLASS: ELF32
2026-07-28T18:30:05.7875020Z   EXPECTED_ELF_MACHINE: Intel 80386
2026-07-28T18:30:05.7875614Z   SOURCE_SHA: 62cc90241548d5570ee68e01aaba6506964e9811
2026-07-28T18:30:05.7876235Z   SOURCE_SHORT_SHA: 62cc90241548
2026-07-28T18:30:05.7876718Z ##[endgroup]
2026-07-28T18:30:05.9619422Z Get:1 file:/etc/apt/apt-mirrors.txt Mirrorlist [144 B]
2026-07-28T18:30:06.0113228Z Hit:6 https://packages.microsoft.com/repos/azure-cli noble InRelease
2026-07-28T18:30:06.0118384Z Hit:2 http://azure.archive.ubuntu.com/ubuntu noble InRelease
2026-07-28T18:30:06.0120735Z Get:7 https://packages.microsoft.com/ubuntu/24.04/prod noble InRelease [3600 B]
2026-07-28T18:30:06.0213835Z Get:3 http://azure.archive.ubuntu.com/ubuntu noble-updates InRelease [126 kB]
2026-07-28T18:30:06.0302413Z Get:4 http://azure.archive.ubuntu.com/ubuntu noble-backports InRelease [126 kB]
2026-07-28T18:30:06.0318689Z Get:5 http://azure.archive.ubuntu.com/ubuntu noble-security InRelease [126 kB]
2026-07-28T18:30:06.0595584Z Get:8 https://dl.google.com/linux/chrome-stable/deb stable InRelease [2548 B]
2026-07-28T18:30:06.2651760Z Get:9 https://packages.microsoft.com/ubuntu/24.04/prod noble/main arm64 Packages [218 kB]
2026-07-28T18:30:06.2835114Z Get:10 https://packages.microsoft.com/ubuntu/24.04/prod noble/main armhf Packages [11.7 kB]
2026-07-28T18:30:06.2916245Z Get:11 https://packages.microsoft.com/ubuntu/24.04/prod noble/main amd64 Packages [252 kB]
2026-07-28T18:30:06.3169463Z Get:12 http://azure.archive.ubuntu.com/ubuntu noble-updates/main amd64 Packages [1153 kB]
2026-07-28T18:30:06.3212728Z Get:13 http://azure.archive.ubuntu.com/ubuntu noble-updates/main Translation-en [278 kB]
2026-07-28T18:30:06.3250838Z Get:14 http://azure.archive.ubuntu.com/ubuntu noble-updates/main amd64 Components [180 kB]
2026-07-28T18:30:06.3289371Z Get:15 http://azure.archive.ubuntu.com/ubuntu noble-updates/universe amd64 Packages [1679 kB]
2026-07-28T18:30:06.3354248Z Get:16 http://azure.archive.ubuntu.com/ubuntu noble-updates/universe Translation-en [334 kB]
2026-07-28T18:30:06.3381204Z Get:17 http://azure.archive.ubuntu.com/ubuntu noble-updates/universe amd64 Components [389 kB]
2026-07-28T18:30:06.3420219Z Get:18 http://azure.archive.ubuntu.com/ubuntu noble-updates/restricted amd64 Packages [1367 kB]
2026-07-28T18:30:06.3482920Z Get:19 http://azure.archive.ubuntu.com/ubuntu noble-updates/restricted Translation-en [308 kB]
2026-07-28T18:30:06.3509311Z Get:20 http://azure.archive.ubuntu.com/ubuntu noble-updates/multiverse amd64 Packages [45.4 kB]
2026-07-28T18:30:06.3519856Z Get:21 http://azure.archive.ubuntu.com/ubuntu noble-updates/multiverse Translation-en [12.3 kB]
2026-07-28T18:30:06.3989480Z Get:22 http://azure.archive.ubuntu.com/ubuntu noble-updates/multiverse amd64 Components [940 B]
2026-07-28T18:30:06.4000036Z Get:23 http://azure.archive.ubuntu.com/ubuntu noble-backports/main amd64 Components [5760 B]
2026-07-28T18:30:06.4014138Z Get:24 http://azure.archive.ubuntu.com/ubuntu noble-backports/universe amd64 Packages [32.5 kB]
2026-07-28T18:30:06.4030823Z Get:25 http://azure.archive.ubuntu.com/ubuntu noble-backports/universe amd64 Components [12.6 kB]
2026-07-28T18:30:06.4332903Z Get:26 http://azure.archive.ubuntu.com/ubuntu noble-security/main amd64 Packages [898 kB]
2026-07-28T18:30:06.4392027Z Get:27 http://azure.archive.ubuntu.com/ubuntu noble-security/main Translation-en [198 kB]
2026-07-28T18:30:06.4429096Z Get:28 http://azure.archive.ubuntu.com/ubuntu noble-security/main amd64 Components [46.3 kB]
2026-07-28T18:30:06.4433091Z Get:29 http://azure.archive.ubuntu.com/ubuntu noble-security/universe amd64 Packages [1199 kB]
2026-07-28T18:30:06.4518319Z Get:30 http://azure.archive.ubuntu.com/ubuntu noble-security/universe Translation-en [239 kB]
2026-07-28T18:30:06.4528285Z Get:31 http://azure.archive.ubuntu.com/ubuntu noble-security/universe amd64 Components [76.2 kB]
2026-07-28T18:30:06.4539076Z Get:32 http://azure.archive.ubuntu.com/ubuntu noble-security/restricted amd64 Packages [1273 kB]
2026-07-28T18:30:06.4611192Z Get:33 http://azure.archive.ubuntu.com/ubuntu noble-security/restricted Translation-en [290 kB]
2026-07-28T18:30:06.4649281Z Get:34 http://azure.archive.ubuntu.com/ubuntu noble-security/multiverse amd64 Packages [40.3 kB]
2026-07-28T18:30:06.4653362Z Get:35 http://azure.archive.ubuntu.com/ubuntu noble-security/multiverse Translation-en [10.6 kB]
2026-07-28T18:30:06.5206732Z Get:36 https://dl.google.com/linux/chrome-stable/deb stable/main amd64 Packages [1424 B]
2026-07-28T18:30:14.3605753Z Fetched 10.9 MB in 1s (7709 kB/s)
2026-07-28T18:30:15.0523827Z Reading package lists...
2026-07-28T18:30:15.0830121Z Reading package lists...
2026-07-28T18:30:15.2311669Z Building dependency tree...
2026-07-28T18:30:15.2318274Z Reading state information...
2026-07-28T18:30:15.3625465Z bc is already the newest version (1.07.1-3ubuntu4).
2026-07-28T18:30:15.3626409Z bc set to manually installed.
2026-07-28T18:30:15.3627408Z binutils is already the newest version (2.42-4ubuntu2.10).
2026-07-28T18:30:15.3628277Z bison is already the newest version (2:3.8.2+dfsg-1build2).
2026-07-28T18:30:15.3629075Z cpio is already the newest version (2.15+dfsg-1ubuntu2).
2026-07-28T18:30:15.3630497Z cpio set to manually installed.
2026-07-28T18:30:15.3631125Z file is already the newest version (1:5.45-3build1).
2026-07-28T18:30:15.3631851Z flex is already the newest version (2.6.4-8.2build1).
2026-07-28T18:30:15.3632665Z kmod is already the newest version (31+20240202-2ubuntu7.2).
2026-07-28T18:30:15.3633497Z kmod set to manually installed.
2026-07-28T18:30:15.3634231Z libssl-dev is already the newest version (3.0.13-0ubuntu3.11).
2026-07-28T18:30:15.3635068Z perl is already the newest version (5.38.2-3.2ubuntu0.3).
2026-07-28T18:30:15.3635829Z perl set to manually installed.
2026-07-28T18:30:15.3636488Z pkg-config is already the newest version (1.8.1-2build1).
2026-07-28T18:30:15.3637527Z python3 is already the newest version (3.12.3-0ubuntu2.1).
2026-07-28T18:30:15.3638285Z rsync is already the newest version (3.2.7-1ubuntu1.5).
2026-07-28T18:30:15.3639076Z xz-utils is already the newest version (5.6.1+really5.4.5-1ubuntu0.3).
2026-07-28T18:30:15.3639873Z zstd is already the newest version (1.5.5+dfsg2-2build1.1).
2026-07-28T18:30:15.3640557Z zstd set to manually installed.
2026-07-28T18:30:15.3641147Z The following additional packages will be installed:
2026-07-28T18:30:15.3641667Z   binutils-i686-linux-gnu cpp-13-i686-linux-gnu cpp-i686-linux-gnu
2026-07-28T18:30:15.3642252Z   gcc-13-cross-base gcc-13-i686-linux-gnu gcc-13-i686-linux-gnu-base
2026-07-28T18:30:15.3643063Z   gcc-14-cross-base libasan8-i386-cross libatomic1-i386-cross libc6-i386-cross
2026-07-28T18:30:15.3643805Z   libgcc-13-dev-i386-cross libgcc-s1-i386-cross libgomp1-i386-cross
2026-07-28T18:30:15.3644594Z   libitm1-i386-cross libquadmath0-i386-cross libstdc++6-i386-cross
2026-07-28T18:30:15.3645071Z   libubsan1-i386-cross pahole
2026-07-28T18:30:15.3645370Z Suggested packages:
2026-07-28T18:30:15.3645755Z   binutils-doc gcc-13-locales cpp-13-doc cpp-doc gcc-13-doc manpages-dev
2026-07-28T18:30:15.3646254Z   gdb-i686-linux-gnu gcc-doc
2026-07-28T18:30:15.3646542Z Recommended packages:
2026-07-28T18:30:15.3647198Z   libc6-dev-i386-cross libc6-dev-i386-cross | libc-dev-i386-cross
2026-07-28T18:30:15.4260234Z The following NEW packages will be installed:
2026-07-28T18:30:15.4261089Z   binutils-i686-linux-gnu build-essential cpp-13-i686-linux-gnu
2026-07-28T18:30:15.4261857Z   cpp-i686-linux-gnu dwarves gcc-13-cross-base gcc-13-i686-linux-gnu
2026-07-28T18:30:15.4262992Z   gcc-13-i686-linux-gnu-base gcc-14-cross-base gcc-i686-linux-gnu
2026-07-28T18:30:15.4263946Z   libasan8-i386-cross libatomic1-i386-cross libc6-i386-cross libelf-dev
2026-07-28T18:30:15.4264709Z   libgcc-13-dev-i386-cross libgcc-s1-i386-cross libgomp1-i386-cross
2026-07-28T18:30:15.4265353Z   libitm1-i386-cross libquadmath0-i386-cross libstdc++6-i386-cross
2026-07-28T18:30:15.4266161Z   libubsan1-i386-cross pahole
2026-07-28T18:30:15.4441694Z 0 upgraded, 22 newly installed, 0 to remove and 73 not upgraded.
2026-07-28T18:30:15.4442509Z Need to get 46.2 MB of archives.
2026-07-28T18:30:15.4443229Z After this operation, 157 MB of additional disk space will be used.
2026-07-28T18:30:15.4444126Z Get:1 file:/etc/apt/apt-mirrors.txt Mirrorlist [144 B]
2026-07-28T18:30:15.4670721Z Get:2 http://azure.archive.ubuntu.com/ubuntu noble/main amd64 build-essential amd64 12.10ubuntu1 [4928 B]
2026-07-28T18:30:15.4692885Z Get:3 http://azure.archive.ubuntu.com/ubuntu noble-updates/universe amd64 gcc-13-i686-linux-gnu-base amd64 13.3.0-6ubuntu2~24.04.1cross1 [51.9 kB]
2026-07-28T18:30:15.4720689Z Get:4 http://azure.archive.ubuntu.com/ubuntu noble-updates/main amd64 cpp-13-i686-linux-gnu amd64 13.3.0-6ubuntu2~24.04.1cross1 [11.3 MB]
2026-07-28T18:30:15.5810333Z Get:5 http://azure.archive.ubuntu.com/ubuntu noble/main amd64 cpp-i686-linux-gnu amd64 4:13.2.0-7ubuntu1 [5330 B]
2026-07-28T18:30:15.5827636Z Get:6 http://azure.archive.ubuntu.com/ubuntu noble-updates/main amd64 gcc-13-cross-base all 13.3.0-6ubuntu2~24.04.1cross1 [46.5 kB]
2026-07-28T18:30:15.5861201Z Get:7 http://azure.archive.ubuntu.com/ubuntu noble-updates/main amd64 binutils-i686-linux-gnu amd64 2.42-4ubuntu2.10 [2894 kB]
2026-07-28T18:30:15.6358076Z Get:8 http://azure.archive.ubuntu.com/ubuntu noble-updates/main amd64 gcc-14-cross-base all 14.2.0-4ubuntu2~24.04.1cross1 [46.1 kB]
2026-07-28T18:30:15.6383718Z Get:9 http://azure.archive.ubuntu.com/ubuntu noble/universe amd64 libc6-i386-cross all 2.39-0ubuntu8cross1 [1486 kB]
2026-07-28T18:30:15.6600907Z Get:10 http://azure.archive.ubuntu.com/ubuntu noble-updates/universe amd64 libgcc-s1-i386-cross all 14.2.0-4ubuntu2~24.04.1cross1 [95.5 kB]
2026-07-28T18:30:15.6630516Z Get:11 http://azure.archive.ubuntu.com/ubuntu noble-updates/universe amd64 libgomp1-i386-cross all 14.2.0-4ubuntu2~24.04.1cross1 [149 kB]
2026-07-28T18:30:15.6659035Z Get:12 http://azure.archive.ubuntu.com/ubuntu noble-updates/universe amd64 libitm1-i386-cross all 14.2.0-4ubuntu2~24.04.1cross1 [30.6 kB]
2026-07-28T18:30:15.6676306Z Get:13 http://azure.archive.ubuntu.com/ubuntu noble-updates/universe amd64 libatomic1-i386-cross all 14.2.0-4ubuntu2~24.04.1cross1 [8300 B]
2026-07-28T18:30:15.6706235Z Get:14 http://azure.archive.ubuntu.com/ubuntu noble-updates/universe amd64 libasan8-i386-cross all 14.2.0-4ubuntu2~24.04.1cross1 [2869 kB]
2026-07-28T18:30:15.6982480Z Get:15 http://azure.archive.ubuntu.com/ubuntu noble-updates/universe amd64 libstdc++6-i386-cross all 14.2.0-4ubuntu2~24.04.1cross1 [813 kB]
2026-07-28T18:30:15.7071763Z Get:16 http://azure.archive.ubuntu.com/ubuntu noble-updates/universe amd64 libubsan1-i386-cross all 14.2.0-4ubuntu2~24.04.1cross1 [1147 kB]
2026-07-28T18:30:15.7243879Z Get:17 http://azure.archive.ubuntu.com/ubuntu noble-updates/universe amd64 libquadmath0-i386-cross all 14.2.0-4ubuntu2~24.04.1cross1 [247 kB]
2026-07-28T18:30:15.7775923Z Get:18 http://azure.archive.ubuntu.com/ubuntu noble-updates/universe amd64 libgcc-13-dev-i386-cross all 13.3.0-6ubuntu2~24.04.1cross1 [2631 kB]
2026-07-28T18:30:15.8087402Z Get:19 http://azure.archive.ubuntu.com/ubuntu noble-updates/main amd64 gcc-13-i686-linux-gnu amd64 13.3.0-6ubuntu2~24.04.1cross1 [22.1 MB]
2026-07-28T18:30:16.1499138Z Get:20 http://azure.archive.ubuntu.com/ubuntu noble/main amd64 gcc-i686-linux-gnu amd64 4:13.2.0-7ubuntu1 [1206 B]
2026-07-28T18:30:16.1528193Z Get:21 http://azure.archive.ubuntu.com/ubuntu noble-updates/main amd64 libelf-dev amd64 0.190-1.1ubuntu0.1 [68.5 kB]
2026-07-28T18:30:16.1560925Z Get:22 http://azure.archive.ubuntu.com/ubuntu noble/universe amd64 pahole amd64 1.25-0ubuntu3 [277 kB]
2026-07-28T18:30:16.1607991Z Get:23 http://azure.archive.ubuntu.com/ubuntu noble/universe amd64 dwarves all 1.25-0ubuntu3 [2186 B]
2026-07-28T18:30:16.6616583Z Fetched 46.2 MB in 1s (63.6 MB/s)
2026-07-28T18:30:16.7160082Z Selecting previously unselected package build-essential.
2026-07-28T18:30:16.8128992Z (Reading database ... 
2026-07-28T18:30:16.8129422Z (Reading database ... 5%
2026-07-28T18:30:16.8129681Z (Reading database ... 10%
2026-07-28T18:30:16.8129919Z (Reading database ... 15%
2026-07-28T18:30:16.8130251Z (Reading database ... 20%
2026-07-28T18:30:16.8130662Z (Reading database ... 25%
2026-07-28T18:30:16.8131047Z (Reading database ... 30%
2026-07-28T18:30:16.8132127Z (Reading database ... 35%
2026-07-28T18:30:16.8132543Z (Reading database ... 40%
2026-07-28T18:30:16.8132913Z (Reading database ... 45%
2026-07-28T18:30:16.8133303Z (Reading database ... 50%
2026-07-28T18:30:16.8529309Z (Reading database ... 55%
2026-07-28T18:30:17.3444716Z (Reading database ... 60%
2026-07-28T18:30:17.7216476Z (Reading database ... 65%
2026-07-28T18:30:18.0969559Z (Reading database ... 70%
2026-07-28T18:30:18.3725194Z (Reading database ... 75%
2026-07-28T18:30:19.0750472Z (Reading database ... 80%
2026-07-28T18:30:20.1482205Z (Reading database ... 85%
2026-07-28T18:30:21.1065129Z (Reading database ... 90%
2026-07-28T18:30:22.1894380Z (Reading database ... 95%
2026-07-28T18:30:22.1894926Z (Reading database ... 100%
2026-07-28T18:30:22.1895641Z (Reading database ... 202954 files and directories currently installed.)
2026-07-28T18:30:22.1938493Z Preparing to unpack .../00-build-essential_12.10ubuntu1_amd64.deb ...
2026-07-28T18:30:22.1966418Z Unpacking build-essential (12.10ubuntu1) ...
2026-07-28T18:30:22.2205423Z Selecting previously unselected package gcc-13-i686-linux-gnu-base:amd64.
2026-07-28T18:30:22.2326317Z Preparing to unpack .../01-gcc-13-i686-linux-gnu-base_13.3.0-6ubuntu2~24.04.1cross1_amd64.deb ...
2026-07-28T18:30:22.2340604Z Unpacking gcc-13-i686-linux-gnu-base:amd64 (13.3.0-6ubuntu2~24.04.1cross1) ...
2026-07-28T18:30:22.2753975Z Selecting previously unselected package cpp-13-i686-linux-gnu.
2026-07-28T18:30:22.2876694Z Preparing to unpack .../02-cpp-13-i686-linux-gnu_13.3.0-6ubuntu2~24.04.1cross1_amd64.deb ...
2026-07-28T18:30:22.2911903Z Unpacking cpp-13-i686-linux-gnu (13.3.0-6ubuntu2~24.04.1cross1) ...
2026-07-28T18:30:22.4462318Z Selecting previously unselected package cpp-i686-linux-gnu.
2026-07-28T18:30:22.4584288Z Preparing to unpack .../03-cpp-i686-linux-gnu_4%3a13.2.0-7ubuntu1_amd64.deb ...
2026-07-28T18:30:22.4596633Z Unpacking cpp-i686-linux-gnu (4:13.2.0-7ubuntu1) ...
2026-07-28T18:30:22.4825324Z Selecting previously unselected package gcc-13-cross-base.
2026-07-28T18:30:22.4948022Z Preparing to unpack .../04-gcc-13-cross-base_13.3.0-6ubuntu2~24.04.1cross1_all.deb ...
2026-07-28T18:30:22.4960663Z Unpacking gcc-13-cross-base (13.3.0-6ubuntu2~24.04.1cross1) ...
2026-07-28T18:30:22.5174011Z Selecting previously unselected package binutils-i686-linux-gnu.
2026-07-28T18:30:22.5296776Z Preparing to unpack .../05-binutils-i686-linux-gnu_2.42-4ubuntu2.10_amd64.deb ...
2026-07-28T18:30:22.5324032Z Unpacking binutils-i686-linux-gnu (2.42-4ubuntu2.10) ...
2026-07-28T18:30:22.6386061Z Selecting previously unselected package gcc-14-cross-base.
2026-07-28T18:30:22.6511884Z Preparing to unpack .../06-gcc-14-cross-base_14.2.0-4ubuntu2~24.04.1cross1_all.deb ...
2026-07-28T18:30:22.6525065Z Unpacking gcc-14-cross-base (14.2.0-4ubuntu2~24.04.1cross1) ...
2026-07-28T18:30:22.6739893Z Selecting previously unselected package libc6-i386-cross.
2026-07-28T18:30:22.6863782Z Preparing to unpack .../07-libc6-i386-cross_2.39-0ubuntu8cross1_all.deb ...
2026-07-28T18:30:22.6875815Z Unpacking libc6-i386-cross (2.39-0ubuntu8cross1) ...
2026-07-28T18:30:22.7269325Z Selecting previously unselected package libgcc-s1-i386-cross.
2026-07-28T18:30:22.7392633Z Preparing to unpack .../08-libgcc-s1-i386-cross_14.2.0-4ubuntu2~24.04.1cross1_all.deb ...
2026-07-28T18:30:22.7405750Z Unpacking libgcc-s1-i386-cross (14.2.0-4ubuntu2~24.04.1cross1) ...
2026-07-28T18:30:22.7627352Z Selecting previously unselected package libgomp1-i386-cross.
2026-07-28T18:30:22.7750546Z Preparing to unpack .../09-libgomp1-i386-cross_14.2.0-4ubuntu2~24.04.1cross1_all.deb ...
2026-07-28T18:30:22.7763178Z Unpacking libgomp1-i386-cross (14.2.0-4ubuntu2~24.04.1cross1) ...
2026-07-28T18:30:22.7994075Z Selecting previously unselected package libitm1-i386-cross.
2026-07-28T18:30:22.8118903Z Preparing to unpack .../10-libitm1-i386-cross_14.2.0-4ubuntu2~24.04.1cross1_all.deb ...
2026-07-28T18:30:22.8134900Z Unpacking libitm1-i386-cross (14.2.0-4ubuntu2~24.04.1cross1) ...
2026-07-28T18:30:22.8355984Z Selecting previously unselected package libatomic1-i386-cross.
2026-07-28T18:30:22.8480921Z Preparing to unpack .../11-libatomic1-i386-cross_14.2.0-4ubuntu2~24.04.1cross1_all.deb ...
2026-07-28T18:30:22.8492792Z Unpacking libatomic1-i386-cross (14.2.0-4ubuntu2~24.04.1cross1) ...
2026-07-28T18:30:22.8725570Z Selecting previously unselected package libasan8-i386-cross.
2026-07-28T18:30:22.8919236Z Preparing to unpack .../12-libasan8-i386-cross_14.2.0-4ubuntu2~24.04.1cross1_all.deb ...
2026-07-28T18:30:22.8920208Z Unpacking libasan8-i386-cross (14.2.0-4ubuntu2~24.04.1cross1) ...
2026-07-28T18:30:22.9476086Z Selecting previously unselected package libstdc++6-i386-cross.
2026-07-28T18:30:22.9600177Z Preparing to unpack .../13-libstdc++6-i386-cross_14.2.0-4ubuntu2~24.04.1cross1_all.deb ...
2026-07-28T18:30:22.9611925Z Unpacking libstdc++6-i386-cross (14.2.0-4ubuntu2~24.04.1cross1) ...
2026-07-28T18:30:23.0012508Z Selecting previously unselected package libubsan1-i386-cross.
2026-07-28T18:30:23.0136412Z Preparing to unpack .../14-libubsan1-i386-cross_14.2.0-4ubuntu2~24.04.1cross1_all.deb ...
2026-07-28T18:30:23.0157817Z Unpacking libubsan1-i386-cross (14.2.0-4ubuntu2~24.04.1cross1) ...
2026-07-28T18:30:23.0507829Z Selecting previously unselected package libquadmath0-i386-cross.
2026-07-28T18:30:23.0632758Z Preparing to unpack .../15-libquadmath0-i386-cross_14.2.0-4ubuntu2~24.04.1cross1_all.deb ...
2026-07-28T18:30:23.0644739Z Unpacking libquadmath0-i386-cross (14.2.0-4ubuntu2~24.04.1cross1) ...
2026-07-28T18:30:23.0929875Z Selecting previously unselected package libgcc-13-dev-i386-cross.
2026-07-28T18:30:23.1053869Z Preparing to unpack .../16-libgcc-13-dev-i386-cross_13.3.0-6ubuntu2~24.04.1cross1_all.deb ...
2026-07-28T18:30:23.1064943Z Unpacking libgcc-13-dev-i386-cross (13.3.0-6ubuntu2~24.04.1cross1) ...
2026-07-28T18:30:23.1823157Z Selecting previously unselected package gcc-13-i686-linux-gnu.
2026-07-28T18:30:23.1948239Z Preparing to unpack .../17-gcc-13-i686-linux-gnu_13.3.0-6ubuntu2~24.04.1cross1_amd64.deb ...
2026-07-28T18:30:23.1980739Z Unpacking gcc-13-i686-linux-gnu (13.3.0-6ubuntu2~24.04.1cross1) ...
2026-07-28T18:30:23.4645946Z Selecting previously unselected package gcc-i686-linux-gnu.
2026-07-28T18:30:23.4770956Z Preparing to unpack .../18-gcc-i686-linux-gnu_4%3a13.2.0-7ubuntu1_amd64.deb ...
2026-07-28T18:30:23.4783217Z Unpacking gcc-i686-linux-gnu (4:13.2.0-7ubuntu1) ...
2026-07-28T18:30:23.5070857Z Selecting previously unselected package libelf-dev:amd64.
2026-07-28T18:30:23.5194950Z Preparing to unpack .../19-libelf-dev_0.190-1.1ubuntu0.1_amd64.deb ...
2026-07-28T18:30:23.5207561Z Unpacking libelf-dev:amd64 (0.190-1.1ubuntu0.1) ...
2026-07-28T18:30:23.5513904Z Selecting previously unselected package pahole.
2026-07-28T18:30:23.5638629Z Preparing to unpack .../20-pahole_1.25-0ubuntu3_amd64.deb ...
2026-07-28T18:30:23.5651140Z Unpacking pahole (1.25-0ubuntu3) ...
2026-07-28T18:30:23.5933940Z Selecting previously unselected package dwarves.
2026-07-28T18:30:23.6057898Z Preparing to unpack .../21-dwarves_1.25-0ubuntu3_all.deb ...
2026-07-28T18:30:23.6067217Z Unpacking dwarves (1.25-0ubuntu3) ...
2026-07-28T18:30:23.6454756Z Setting up binutils-i686-linux-gnu (2.42-4ubuntu2.10) ...
2026-07-28T18:30:23.6491013Z Setting up gcc-14-cross-base (14.2.0-4ubuntu2~24.04.1cross1) ...
2026-07-28T18:30:23.6519490Z Setting up gcc-13-cross-base (13.3.0-6ubuntu2~24.04.1cross1) ...
2026-07-28T18:30:23.6548824Z Setting up libelf-dev:amd64 (0.190-1.1ubuntu0.1) ...
2026-07-28T18:30:23.6577821Z Setting up pahole (1.25-0ubuntu3) ...
2026-07-28T18:30:23.6607524Z Setting up libc6-i386-cross (2.39-0ubuntu8cross1) ...
2026-07-28T18:30:23.6636805Z Setting up build-essential (12.10ubuntu1) ...
2026-07-28T18:30:23.6668535Z Setting up gcc-13-i686-linux-gnu-base:amd64 (13.3.0-6ubuntu2~24.04.1cross1) ...
2026-07-28T18:30:23.6696388Z Setting up cpp-13-i686-linux-gnu (13.3.0-6ubuntu2~24.04.1cross1) ...
2026-07-28T18:30:23.6724503Z Setting up libquadmath0-i386-cross (14.2.0-4ubuntu2~24.04.1cross1) ...
2026-07-28T18:30:23.6758036Z Setting up libatomic1-i386-cross (14.2.0-4ubuntu2~24.04.1cross1) ...
2026-07-28T18:30:23.6790873Z Setting up libgomp1-i386-cross (14.2.0-4ubuntu2~24.04.1cross1) ...
2026-07-28T18:30:23.6820838Z Setting up libgcc-s1-i386-cross (14.2.0-4ubuntu2~24.04.1cross1) ...
2026-07-28T18:30:23.6851985Z Setting up libitm1-i386-cross (14.2.0-4ubuntu2~24.04.1cross1) ...
2026-07-28T18:30:23.6880446Z Setting up dwarves (1.25-0ubuntu3) ...
2026-07-28T18:30:23.6915263Z Setting up cpp-i686-linux-gnu (4:13.2.0-7ubuntu1) ...
2026-07-28T18:30:23.6946108Z Setting up libasan8-i386-cross (14.2.0-4ubuntu2~24.04.1cross1) ...
2026-07-28T18:30:23.6974354Z Setting up libstdc++6-i386-cross (14.2.0-4ubuntu2~24.04.1cross1) ...
2026-07-28T18:30:23.7002579Z Setting up libubsan1-i386-cross (14.2.0-4ubuntu2~24.04.1cross1) ...
2026-07-28T18:30:23.7030581Z Setting up libgcc-13-dev-i386-cross (13.3.0-6ubuntu2~24.04.1cross1) ...
2026-07-28T18:30:23.7062178Z Setting up gcc-13-i686-linux-gnu (13.3.0-6ubuntu2~24.04.1cross1) ...
2026-07-28T18:30:23.7093139Z Setting up gcc-i686-linux-gnu (4:13.2.0-7ubuntu1) ...
2026-07-28T18:30:23.7126751Z Processing triggers for man-db (2.12.0-4build2) ...
2026-07-28T18:30:23.7219698Z Not building database; man-db/auto-update is not 'true'.
2026-07-28T18:30:23.7237124Z Processing triggers for libc-bin (2.39-0ubuntu8.7) ...
2026-07-28T18:30:25.2431182Z 
2026-07-28T18:30:25.2431643Z Running kernel seems to be up-to-date.
2026-07-28T18:30:25.2432036Z 
2026-07-28T18:30:25.2432205Z No services need to be restarted.
2026-07-28T18:30:25.2432498Z 
2026-07-28T18:30:25.2432644Z No containers need to be restarted.
2026-07-28T18:30:25.2432832Z 
2026-07-28T18:30:25.2432974Z No user sessions are running outdated binaries.
2026-07-28T18:30:25.2433197Z 
2026-07-28T18:30:25.2433427Z No VM guests are running outdated hypervisor (qemu) binaries on this host.
2026-07-28T18:30:26.0265138Z /usr/bin/i686-linux-gnu-gcc
2026-07-28T18:30:26.0265482Z /usr/bin/i686-linux-gnu-ld
2026-07-28T18:30:26.0281494Z i686-linux-gnu-gcc (Ubuntu 13.3.0-6ubuntu2~24.04.1) 13.3.0
2026-07-28T18:30:26.0305634Z GNU ld (GNU Binutils for Ubuntu) 2.42
2026-07-28T18:30:26.0565059Z GNU Make 4.3
2026-07-28T18:30:26.0583842Z v1.25
2026-07-28T18:30:26.0628756Z ##[group]Run set -euo pipefail
2026-07-28T18:30:26.0629095Z [36;1mset -euo pipefail[0m
2026-07-28T18:30:26.0629368Z [36;1mbuild_id="${ARCHITECTURE}-${PROFILE}"[0m
2026-07-28T18:30:26.0629893Z [36;1msource_root="${RUNNER_TEMP}/zigux-${build_id}-source"[0m
2026-07-28T18:30:26.0630303Z [36;1msource_archive="${RUNNER_TEMP}/zigux-${build_id}.tar.gz"[0m
2026-07-28T18:30:26.0630676Z [36;1mout_dir="${GITHUB_WORKSPACE}/out-${build_id}"[0m
2026-07-28T18:30:26.0630965Z [36;1m[0m
2026-07-28T18:30:26.0631260Z [36;1m# Every matrix row receives an empty source and output tree.[0m
2026-07-28T18:30:26.0631675Z [36;1mrm -rf "${source_root}" "${source_archive}" "${out_dir}"[0m
2026-07-28T18:30:26.0632021Z [36;1mmkdir -p "${source_root}" "${out_dir}"[0m
2026-07-28T18:30:26.0632287Z [36;1m[0m
2026-07-28T18:30:26.0632475Z [36;1mcurl --fail --location \[0m
2026-07-28T18:30:26.0632780Z [36;1m  --retry 5 --retry-all-errors --retry-delay 5 \[0m
2026-07-28T18:30:26.0633280Z [36;1m  "https://codeload.github.com/${GITHUB_REPOSITORY}/tar.gz/${SOURCE_SHA}" \[0m
2026-07-28T18:30:26.0633690Z [36;1m  -o "${source_archive}"[0m
2026-07-28T18:30:26.0634047Z [36;1mtar -xzf "${source_archive}" --strip-components=1 -C "${source_root}"[0m
2026-07-28T18:30:26.0634416Z [36;1m[0m
2026-07-28T18:30:26.0634618Z [36;1mtest -s "${source_root}/Makefile"[0m
2026-07-28T18:30:26.0634935Z [36;1mgrep -q '^VERSION = ' "${source_root}/Makefile"[0m
2026-07-28T18:30:26.0635232Z [36;1m[0m
2026-07-28T18:30:26.0635460Z [36;1mecho "BUILD_ID=${build_id}" >> "${GITHUB_ENV}"[0m
2026-07-28T18:30:26.0635820Z [36;1mecho "SOURCE_ROOT=${source_root}" >> "${GITHUB_ENV}"[0m
2026-07-28T18:30:26.0636172Z [36;1mecho "OUT_DIR=${out_dir}" >> "${GITHUB_ENV}"[0m
2026-07-28T18:30:26.0681632Z shell: /usr/bin/bash --noprofile --norc -e -o pipefail {0}
2026-07-28T18:30:26.0681965Z env:
2026-07-28T18:30:26.0682165Z   SOURCE_BRANCH: rolling-linux-sync
2026-07-28T18:30:26.0682417Z   CCACHE_DISABLE: 1
2026-07-28T18:30:26.0682631Z   ARCHITECTURE: i686
2026-07-28T18:30:26.0682857Z   PROFILE: allmodconfig
2026-07-28T18:30:26.0683065Z   KBUILD_ARCH: i386
2026-07-28T18:30:26.0683270Z   CONFIG_TARGET: allmodconfig
2026-07-28T18:30:26.0683509Z   CROSS_COMPILE: i686-linux-gnu-
2026-07-28T18:30:26.0683774Z   TOOLCHAIN_PACKAGES: gcc-i686-linux-gnu
2026-07-28T18:30:26.0684034Z   IMAGE_TARGET: bzImage
2026-07-28T18:30:26.0684249Z   IMAGE_PATH: arch/x86/boot/bzImage
2026-07-28T18:30:26.0684499Z   EXPECTED_ELF_CLASS: ELF32
2026-07-28T18:30:26.0684735Z   EXPECTED_ELF_MACHINE: Intel 80386
2026-07-28T18:30:26.0685019Z   SOURCE_SHA: 62cc90241548d5570ee68e01aaba6506964e9811
2026-07-28T18:30:26.0685324Z   SOURCE_SHORT_SHA: 62cc90241548
2026-07-28T18:30:26.0685557Z ##[endgroup]
2026-07-28T18:30:26.0821036Z   % Total    % Received % Xferd  Average Speed   Time    Time     Time  Current
2026-07-28T18:30:26.0821822Z                                  Dload  Upload   Total   Spent    Left  Speed
2026-07-28T18:30:26.0822223Z 
2026-07-28T18:30:26.9495567Z   0     0    0     0    0     0      0      0 --:--:-- --:--:-- --:--:--     0
2026-07-28T18:30:27.9453824Z 100 36.7M    0 36.7M    0     0  42.3M      0 --:--:-- --:--:-- --:--:-- 42.3M
2026-07-28T18:30:28.9497716Z 100 43.2M    0 43.2M    0     0  23.2M      0 --:--:--  0:00:01 --:--:-- 23.2M
2026-07-28T18:30:29.9475761Z 100 50.0M    0 50.0M    0     0  17.4M      0 --:--:--  0:00:02 --:--:-- 17.4M
2026-07-28T18:30:30.9593917Z 100 56.5M    0 56.5M    0     0  14.6M      0 --:--:--  0:00:03 --:--:-- 14.6M
2026-07-28T18:30:31.9603224Z 100 62.2M    0 62.2M    0     0  12.7M      0 --:--:--  0:00:04 --:--:-- 12.7M
2026-07-28T18:30:32.9477692Z 100 66.3M    0 66.3M    0     0  11.2M      0 --:--:--  0:00:05 --:--:-- 6040k
2026-07-28T18:30:33.9669867Z 100 70.7M    0 70.7M    0     0  10.3M      0 --:--:--  0:00:06 --:--:-- 5622k
2026-07-28T18:30:35.0212400Z 100 75.2M    0 75.2M    0     0  9773k      0 --:--:--  0:00:07 --:--:-- 5146k
2026-07-28T18:30:35.9407699Z 100 79.7M    0 79.7M    0     0  9137k      0 --:--:--  0:00:08 --:--:-- 4693k
2026-07-28T18:30:36.9406765Z 100 83.7M    0 83.7M    0     0  8699k      0 --:--:--  0:00:09 --:--:-- 4415k
2026-07-28T18:30:37.9768455Z 100 88.0M    0 88.0M    0     0  8298k      0 --:--:--  0:00:10 --:--:-- 4459k
2026-07-28T18:30:38.9392369Z 100 92.2M    0 92.2M    0     0  7942k      0 --:--:--  0:00:11 --:--:-- 4380k
2026-07-28T18:30:39.9392043Z 100 98.2M    0 98.2M    0     0  7827k      0 --:--:--  0:00:12 --:--:-- 4741k
2026-07-28T18:30:40.9641159Z 100  105M    0  105M    0     0  7782k      0 --:--:--  0:00:13 --:--:-- 5321k
2026-07-28T18:30:41.9488279Z 100  112M    0  112M    0     0  7741k      0 --:--:--  0:00:14 --:--:-- 5860k
2026-07-28T18:30:42.9561848Z 100  119M    0  119M    0     0  7713k      0 --:--:--  0:00:15 --:--:-- 6445k
2026-07-28T18:30:43.9642226Z 100  126M    0  126M    0     0  7677k      0 --:--:--  0:00:16 --:--:-- 7041k
2026-07-28T18:30:44.9618832Z 100  133M    0  133M    0     0  7631k      0 --:--:--  0:00:17 --:--:-- 7131k
2026-07-28T18:30:45.9352522Z 100  140M    0  140M    0     0  7593k      0 --:--:--  0:00:18 --:--:-- 7072k
2026-07-28T18:30:46.9400314Z 100  146M    0  146M    0     0  7560k      0 --:--:--  0:00:19 --:--:-- 7019k
2026-07-28T18:30:47.9448231Z 100  153M    0  153M    0     0  7548k      0 --:--:--  0:00:20 --:--:-- 7020k
2026-07-28T18:30:48.9583797Z 100  160M    0  160M    0     0  7517k      0 --:--:--  0:00:21 --:--:-- 6977k
2026-07-28T18:30:49.9689953Z 100  167M    0  167M    0     0  7497k      0 --:--:--  0:00:22 --:--:-- 7016k
2026-07-28T18:30:50.9425542Z 100  173M    0  173M    0     0  7448k      0 --:--:--  0:00:23 --:--:-- 6902k
2026-07-28T18:30:51.9519314Z 100  179M    0  179M    0     0  7405k      0 --:--:--  0:00:24 --:--:-- 6788k
2026-07-28T18:30:52.9359483Z 100  186M    0  186M    0     0  7382k      0 --:--:--  0:00:25 --:--:-- 6692k
2026-07-28T18:30:53.9460411Z 100  193M    0  193M    0     0  7369k      0 --:--:--  0:00:26 --:--:-- 6719k
2026-07-28T18:30:54.9647785Z 100  199M    0  199M    0     0  7340k      0 --:--:--  0:00:27 --:--:-- 6620k
2026-07-28T18:30:55.9592452Z 100  207M    0  207M    0     0  7341k      0 --:--:--  0:00:28 --:--:-- 6827k
2026-07-28T18:30:56.9426091Z 100  213M    0  213M    0     0  7326k      0 --:--:--  0:00:29 --:--:-- 6936k
2026-07-28T18:30:57.9609004Z 100  220M    0  220M    0     0  7308k      0 --:--:--  0:00:30 --:--:-- 6926k
2026-07-28T18:30:58.9614171Z 100  227M    0  227M    0     0  7307k      0 --:--:--  0:00:31 --:--:-- 6977k
2026-07-28T18:30:59.9553635Z 100  234M    0  234M    0     0  7303k      0 --:--:--  0:00:32 --:--:-- 7095k
2026-07-28T18:31:00.9416539Z 100  241M    0  241M    0     0  7286k      0 --:--:--  0:00:33 --:--:-- 6965k
2026-07-28T18:31:02.0728110Z 100  246M    0  246M    0     0  7248k      0 --:--:--  0:00:34 --:--:-- 6780k
2026-07-28T18:31:02.0728958Z 100  253M    0  253M    0     0  7215k      0 --:--:--  0:00:35 --:--:-- 6657k
2026-07-28T18:31:02.0729799Z 100  253M    0  253M    0     0  7215k      0 --:--:--  0:00:35 --:--:-- 6504k
2026-07-28T18:31:10.3652230Z ##[group]Run set -euo pipefail
2026-07-28T18:31:10.3652594Z [36;1mset -euo pipefail[0m
2026-07-28T18:31:10.3652906Z [36;1mlog_dir="${GITHUB_WORKSPACE}/build-logs/${BUILD_ID}"[0m
2026-07-28T18:31:10.3653226Z [36;1m[0m
2026-07-28T18:31:10.3653515Z [36;1munset CCACHE_DIR CCACHE_BASEDIR CCACHE_COMPILERCHECK || true[0m
2026-07-28T18:31:10.3653880Z [36;1mexport CCACHE_DISABLE=1[0m
2026-07-28T18:31:10.3654114Z [36;1m[0m
2026-07-28T18:31:10.3654305Z [36;1mmake -C "${SOURCE_ROOT}" \[0m
2026-07-28T18:31:10.3654561Z [36;1m  O="${OUT_DIR}" \[0m
2026-07-28T18:31:10.3654793Z [36;1m  ARCH="${KBUILD_ARCH}" \[0m
2026-07-28T18:31:10.3655066Z [36;1m  CROSS_COMPILE="${CROSS_COMPILE}" \[0m
2026-07-28T18:31:10.3655342Z [36;1m  mrproper[0m
2026-07-28T18:31:10.3655537Z [36;1m[0m
2026-07-28T18:31:10.3655722Z [36;1mmake -C "${SOURCE_ROOT}" \[0m
2026-07-28T18:31:10.3655965Z [36;1m  O="${OUT_DIR}" \[0m
2026-07-28T18:31:10.3656193Z [36;1m  ARCH="${KBUILD_ARCH}" \[0m
2026-07-28T18:31:10.3656493Z [36;1m  CROSS_COMPILE="${CROSS_COMPILE}" \[0m
2026-07-28T18:31:10.3656765Z [36;1m  "${CONFIG_TARGET}"[0m
2026-07-28T18:31:10.3657219Z [36;1m[0m
2026-07-28T18:31:10.3657409Z [36;1madjustments="none"[0m
2026-07-28T18:31:10.3657858Z [36;1mif [ "${PROFILE}" = "allmodconfig" ]; then[0m
2026-07-28T18:31:10.3658245Z [36;1m  # Keep allmodconfig broad while avoiding warning-only and Rust[0m
2026-07-28T18:31:10.3658716Z [36;1m  # cross-toolchain failures that do not measure C kernel coverage.[0m
2026-07-28T18:31:10.3659235Z [36;1m  "${SOURCE_ROOT}/scripts/config" --file "${OUT_DIR}/.config" --disable WERROR[0m
2026-07-28T18:31:10.3659751Z [36;1m  "${SOURCE_ROOT}/scripts/config" --file "${OUT_DIR}/.config" --disable RUST[0m
2026-07-28T18:31:10.3660186Z [36;1m  adjustments="CONFIG_WERROR=n,CONFIG_RUST=n"[0m
2026-07-28T18:31:10.3660470Z [36;1mfi[0m
2026-07-28T18:31:10.3660651Z [36;1m[0m
2026-07-28T18:31:10.3660859Z [36;1mmake -C "${SOURCE_ROOT}" \[0m
2026-07-28T18:31:10.3661122Z [36;1m  O="${OUT_DIR}" \[0m
2026-07-28T18:31:10.3661359Z [36;1m  ARCH="${KBUILD_ARCH}" \[0m
2026-07-28T18:31:10.3661632Z [36;1m  CROSS_COMPILE="${CROSS_COMPILE}" \[0m
2026-07-28T18:31:10.3661910Z [36;1m  olddefconfig[0m
2026-07-28T18:31:10.3662123Z [36;1m[0m
2026-07-28T18:31:10.3662307Z [36;1mcase "${ARCHITECTURE}" in[0m
2026-07-28T18:31:10.3662552Z [36;1m  x86_64|arm64|riscv64)[0m
2026-07-28T18:31:10.3662838Z [36;1m    grep -qx 'CONFIG_64BIT=y' "${OUT_DIR}/.config"[0m
2026-07-28T18:31:10.3663135Z [36;1m    ;;[0m
2026-07-28T18:31:10.3663322Z [36;1m  i686|armv7)[0m
2026-07-28T18:31:10.3663597Z [36;1m    if grep -qx 'CONFIG_64BIT=y' "${OUT_DIR}/.config"; then[0m
2026-07-28T18:31:10.3664065Z [36;1m      echo "::error::${ARCHITECTURE}/${PROFILE} unexpectedly selected CONFIG_64BIT=y."[0m
2026-07-28T18:31:10.3664471Z [36;1m      exit 1[0m
2026-07-28T18:31:10.3664667Z [36;1m    fi[0m
2026-07-28T18:31:10.3664845Z [36;1m    ;;[0m
2026-07-28T18:31:10.3665020Z [36;1mesac[0m
2026-07-28T18:31:10.3665200Z [36;1m[0m
2026-07-28T18:31:10.3665413Z [36;1mif [ "${PROFILE}" = "allmodconfig" ]; then[0m
2026-07-28T18:31:10.3665773Z [36;1m  grep -qx '# CONFIG_WERROR is not set' "${OUT_DIR}/.config"[0m
2026-07-28T18:31:10.3666168Z [36;1m  grep -qx '# CONFIG_RUST is not set' "${OUT_DIR}/.config"[0m
2026-07-28T18:31:10.3666541Z [36;1m  grep -qx 'CONFIG_MODULES=y' "${OUT_DIR}/.config"[0m
2026-07-28T18:31:10.3666830Z [36;1mfi[0m
2026-07-28T18:31:10.3667256Z [36;1m[0m
2026-07-28T18:31:10.3667571Z [36;1mconfigured_module_symbols="$(grep -c '=m$' "${OUT_DIR}/.config" || true)"[0m
2026-07-28T18:31:10.3668129Z [36;1mecho "configured_module_symbols=${configured_module_symbols}" >> "${GITHUB_OUTPUT}"[0m
2026-07-28T18:31:10.3668652Z [36;1mecho "config_adjustments=${adjustments}" >> "${GITHUB_OUTPUT}"[0m
2026-07-28T18:31:10.3668997Z [36;1m[0m
2026-07-28T18:31:10.3669231Z [36;1mcp "${OUT_DIR}/.config" "${log_dir}/kernel.config"[0m
2026-07-28T18:31:10.3669529Z [36;1m{[0m
2026-07-28T18:31:10.3669892Z [36;1m  echo "Profile: ${PROFILE}"[0m
2026-07-28T18:31:10.3670206Z [36;1m  echo "Configuration target: ${CONFIG_TARGET}"[0m
2026-07-28T18:31:10.3670538Z [36;1m  echo "CI adjustments: ${adjustments}"[0m
2026-07-28T18:31:10.3670913Z [36;1m  echo "Configured module symbols: ${configured_module_symbols}"[0m
2026-07-28T18:31:10.3671317Z [36;1m} | tee "${log_dir}/configuration-summary.txt"[0m
2026-07-28T18:31:10.3671603Z [36;1m[0m
2026-07-28T18:31:10.3671796Z [36;1mmake -s -C "${SOURCE_ROOT}" \[0m
2026-07-28T18:31:10.3672056Z [36;1m  O="${OUT_DIR}" \[0m
2026-07-28T18:31:10.3672284Z [36;1m  ARCH="${KBUILD_ARCH}" \[0m
2026-07-28T18:31:10.3672554Z [36;1m  CROSS_COMPILE="${CROSS_COMPILE}" \[0m
2026-07-28T18:31:10.3672834Z [36;1m  kernelrelease \[0m
2026-07-28T18:31:10.3673108Z [36;1m  | tee "${log_dir}/configured-kernel-release.txt"[0m
2026-07-28T18:31:10.3718816Z shell: /usr/bin/bash --noprofile --norc -e -o pipefail {0}
2026-07-28T18:31:10.3719156Z env:
2026-07-28T18:31:10.3719373Z   SOURCE_BRANCH: rolling-linux-sync
2026-07-28T18:31:10.3719629Z   CCACHE_DISABLE: 1
2026-07-28T18:31:10.3719833Z   ARCHITECTURE: i686
2026-07-28T18:31:10.3720040Z   PROFILE: allmodconfig
2026-07-28T18:31:10.3720267Z   KBUILD_ARCH: i386
2026-07-28T18:31:10.3720625Z   CONFIG_TARGET: allmodconfig
2026-07-28T18:31:10.3720868Z   CROSS_COMPILE: i686-linux-gnu-
2026-07-28T18:31:10.3721130Z   TOOLCHAIN_PACKAGES: gcc-i686-linux-gnu
2026-07-28T18:31:10.3721390Z   IMAGE_TARGET: bzImage
2026-07-28T18:31:10.3721609Z   IMAGE_PATH: arch/x86/boot/bzImage
2026-07-28T18:31:10.3721856Z   EXPECTED_ELF_CLASS: ELF32
2026-07-28T18:31:10.3722088Z   EXPECTED_ELF_MACHINE: Intel 80386
2026-07-28T18:31:10.3722373Z   SOURCE_SHA: 62cc90241548d5570ee68e01aaba6506964e9811
2026-07-28T18:31:10.3722671Z   SOURCE_SHORT_SHA: 62cc90241548
2026-07-28T18:31:10.3722907Z   BUILD_ID: i686-allmodconfig
2026-07-28T18:31:10.3723229Z   SOURCE_ROOT: /home/runner/work/_temp/zigux-i686-allmodconfig-source
2026-07-28T18:31:10.3723649Z   OUT_DIR: /home/runner/work/Zigux/Zigux/out-i686-allmodconfig
2026-07-28T18:31:10.3723969Z ##[endgroup]
2026-07-28T18:31:10.4525152Z make: Entering directory '/home/runner/work/_temp/zigux-i686-allmodconfig-source'
2026-07-28T18:31:10.4557763Z make[1]: Entering directory '/home/runner/work/Zigux/Zigux/out-i686-allmodconfig'
2026-07-28T18:31:13.7228529Z make[1]: Leaving directory '/home/runner/work/Zigux/Zigux/out-i686-allmodconfig'
2026-07-28T18:31:13.7229769Z make: Leaving directory '/home/runner/work/_temp/zigux-i686-allmodconfig-source'
2026-07-28T18:31:13.7244277Z make: Entering directory '/home/runner/work/_temp/zigux-i686-allmodconfig-source'
2026-07-28T18:31:13.7275664Z make[1]: Entering directory '/home/runner/work/Zigux/Zigux/out-i686-allmodconfig'
2026-07-28T18:31:17.0114282Z   UPD     Makefile
2026-07-28T18:31:17.1218007Z   HOSTCC  scripts/basic/fixdep
2026-07-28T18:31:17.8282507Z   HOSTCC  scripts/kconfig/conf.o
2026-07-28T18:31:18.0342565Z   HOSTCC  scripts/kconfig/confdata.o
2026-07-28T18:31:18.2873426Z   HOSTCC  scripts/kconfig/expr.o
2026-07-28T18:31:18.5113795Z   LEX     scripts/kconfig/lexer.lex.c
2026-07-28T18:31:18.6457861Z   YACC    scripts/kconfig/parser.tab.[ch]
2026-07-28T18:31:19.0201795Z   HOSTCC  scripts/kconfig/lexer.lex.o
2026-07-28T18:31:19.2951220Z   HOSTCC  scripts/kconfig/menu.o
2026-07-28T18:31:19.4684929Z   HOSTCC  scripts/kconfig/parser.tab.o
2026-07-28T18:31:19.6989548Z   HOSTCC  scripts/kconfig/preprocess.o
2026-07-28T18:31:19.8182612Z   HOSTCC  scripts/kconfig/symbol.o
2026-07-28T18:31:20.1050608Z   HOSTCC  scripts/kconfig/util.o
2026-07-28T18:31:20.1562652Z   HOSTLD  scripts/kconfig/conf
2026-07-28T18:31:31.2108320Z #
2026-07-28T18:31:31.2108641Z # configuration written to .config
2026-07-28T18:31:31.2108995Z #
2026-07-28T18:31:31.2129664Z make[1]: Leaving directory '/home/runner/work/Zigux/Zigux/out-i686-allmodconfig'
2026-07-28T18:31:31.2132266Z make: Leaving directory '/home/runner/work/_temp/zigux-i686-allmodconfig-source'
2026-07-28T18:31:31.2378000Z make: Entering directory '/home/runner/work/_temp/zigux-i686-allmodconfig-source'
2026-07-28T18:31:31.2409882Z make[1]: Entering directory '/home/runner/work/Zigux/Zigux/out-i686-allmodconfig'
2026-07-28T18:31:32.7741343Z #
2026-07-28T18:31:32.7741841Z # configuration written to .config
2026-07-28T18:31:32.7742409Z #
2026-07-28T18:31:32.7766292Z make[1]: Leaving directory '/home/runner/work/Zigux/Zigux/out-i686-allmodconfig'
2026-07-28T18:31:32.7768972Z make: Leaving directory '/home/runner/work/_temp/zigux-i686-allmodconfig-source'
2026-07-28T18:31:32.7829862Z ##[error]Process completed with exit code 1.
2026-07-28T18:31:32.7950632Z ##[group]Run actions/upload-artifact@v7
2026-07-28T18:31:32.7951019Z with:
2026-07-28T18:31:32.7951321Z   name: zigux-linux-i686-allmodconfig-cold-build-logs-30387081032
2026-07-28T18:31:32.7951707Z   path: build-logs/i686-allmodconfig/
2026-07-28T18:31:32.7951985Z   if-no-files-found: warn
2026-07-28T18:31:32.7952209Z   retention-days: 8
2026-07-28T18:31:32.7952411Z   compression-level: 6
2026-07-28T18:31:32.7952618Z   overwrite: false
2026-07-28T18:31:32.7952823Z   include-hidden-files: false
2026-07-28T18:31:32.7953050Z   archive: true
2026-07-28T18:31:32.7953236Z env:
2026-07-28T18:31:32.7953431Z   SOURCE_BRANCH: rolling-linux-sync
2026-07-28T18:31:32.7953680Z   CCACHE_DISABLE: 1
2026-07-28T18:31:32.7954066Z   ARCHITECTURE: i686
2026-07-28T18:31:32.7954273Z   PROFILE: allmodconfig
2026-07-28T18:31:32.7954480Z   KBUILD_ARCH: i386
2026-07-28T18:31:32.7954674Z   CONFIG_TARGET: allmodconfig
2026-07-28T18:31:32.7954906Z   CROSS_COMPILE: i686-linux-gnu-
2026-07-28T18:31:32.7955190Z   TOOLCHAIN_PACKAGES: gcc-i686-linux-gnu
2026-07-28T18:31:32.7955452Z   IMAGE_TARGET: bzImage
2026-07-28T18:31:32.7955663Z   IMAGE_PATH: arch/x86/boot/bzImage
2026-07-28T18:31:32.7955901Z   EXPECTED_ELF_CLASS: ELF32
2026-07-28T18:31:32.7956128Z   EXPECTED_ELF_MACHINE: Intel 80386
2026-07-28T18:31:32.7956404Z   SOURCE_SHA: 62cc90241548d5570ee68e01aaba6506964e9811
2026-07-28T18:31:32.7956707Z   SOURCE_SHORT_SHA: 62cc90241548
2026-07-28T18:31:32.7957137Z   BUILD_ID: i686-allmodconfig
2026-07-28T18:31:32.7957462Z   SOURCE_ROOT: /home/runner/work/_temp/zigux-i686-allmodconfig-source
2026-07-28T18:31:32.7957882Z   OUT_DIR: /home/runner/work/Zigux/Zigux/out-i686-allmodconfig
2026-07-28T18:31:32.7958198Z ##[endgroup]
2026-07-28T18:31:32.9418575Z With the provided path, there will be 2 files uploaded
2026-07-28T18:31:32.9419412Z Artifact name is valid!
2026-07-28T18:31:32.9419798Z Root directory input is valid!
2026-07-28T18:31:33.0932169Z Uploading artifact: zigux-linux-i686-allmodconfig-cold-build-logs-30387081032.zip
2026-07-28T18:31:33.0978197Z Beginning upload of artifact content to blob storage
2026-07-28T18:31:33.1551005Z Uploaded bytes 965
2026-07-28T18:31:33.1665090Z Finished uploading artifact content to blob storage!
2026-07-28T18:31:33.1665870Z SHA256 digest of uploaded artifact is 9a80277b2f8a3561576e6dba6a2c734b19b851b3fc1038badb4e9faa4710467d
2026-07-28T18:31:33.1666588Z Finalizing artifact upload
2026-07-28T18:31:33.3558605Z Artifact zigux-linux-i686-allmodconfig-cold-build-logs-30387081032 successfully finalized. Artifact ID 8699656538
2026-07-28T18:31:33.3559910Z Artifact zigux-linux-i686-allmodconfig-cold-build-logs-30387081032 has been successfully uploaded! Final size is 965 bytes. Artifact ID is 8699656538
2026-07-28T18:31:33.3562717Z Artifact download URL: https://github.com/adybag14-cyber/Zigux/actions/runs/30387081032/artifacts/8699656538
2026-07-28T18:31:33.3715812Z Cleaning up orphan processes
