2026-07-28T18:30:06.6524544Z Current runner version: '2.336.0'
2026-07-28T18:30:06.6551171Z ##[group]Runner Image Provisioner
2026-07-28T18:30:06.6552112Z Hosted Compute Agent
2026-07-28T18:30:06.6552707Z Version: 20260707.563
2026-07-28T18:30:06.6553312Z Commit: 02667638d2b423fbc733a8e32a88b44996a3ba6e
2026-07-28T18:30:06.6554099Z Build Date: 2026-07-07T19:33:50Z
2026-07-28T18:30:06.6554813Z Worker ID: {a897953d-5772-45b6-913b-5203a5802f1d}
2026-07-28T18:30:06.6555555Z Azure Region: westus
2026-07-28T18:30:06.6556131Z ##[endgroup]
2026-07-28T18:30:06.6557740Z ##[group]Operating System
2026-07-28T18:30:06.6558795Z Ubuntu
2026-07-28T18:30:06.6559392Z 24.04.4
2026-07-28T18:30:06.6559892Z LTS
2026-07-28T18:30:06.6560488Z ##[endgroup]
2026-07-28T18:30:06.6561046Z ##[group]Runner Image
2026-07-28T18:30:06.6561679Z Image: ubuntu-24.04
2026-07-28T18:30:06.6562306Z Version: 20260720.247.2
2026-07-28T18:30:06.6563684Z Included Software: https://github.com/actions/runner-images/blob/ubuntu24/20260720.247/images/ubuntu/Ubuntu2404-Readme.md
2026-07-28T18:30:06.6565340Z Image Release: https://github.com/actions/runner-images/releases/tag/ubuntu24%2F20260720.247
2026-07-28T18:30:06.6566266Z ##[endgroup]
2026-07-28T18:30:06.6567543Z ##[group]GITHUB_TOKEN Permissions
2026-07-28T18:30:06.6569777Z Contents: read
2026-07-28T18:30:06.6570501Z Metadata: read
2026-07-28T18:30:06.6571117Z ##[endgroup]
2026-07-28T18:30:06.6573278Z Secret source: Actions
2026-07-28T18:30:06.6574432Z Prepare workflow directory
2026-07-28T18:30:06.7167964Z Prepare all required actions
2026-07-28T18:30:06.7216714Z Getting action download info
2026-07-28T18:30:07.0560948Z Download action repository 'actions/upload-artifact@v7' (SHA:043fb46d1a93c77aae656e7c1c64a875d1fc6a0a)
2026-07-28T18:30:07.3506729Z Complete job name: Cold-build riscv64 / allmodconfig
2026-07-28T18:30:07.4218778Z ##[group]Run set -euo pipefail
2026-07-28T18:30:07.4219468Z [36;1mset -euo pipefail[0m
2026-07-28T18:30:07.4220041Z [36;1mbuild_id="${ARCHITECTURE}-${PROFILE}"[0m
2026-07-28T18:30:07.4220754Z [36;1mlog_dir="${GITHUB_WORKSPACE}/build-logs/${build_id}"[0m
2026-07-28T18:30:07.4221595Z [36;1mmkdir -p "${log_dir}" "${GITHUB_WORKSPACE}/artifacts/${build_id}"[0m
2026-07-28T18:30:07.4222387Z [36;1m[0m
2026-07-28T18:30:07.4222777Z [36;1m{[0m
2026-07-28T18:30:07.4223191Z [36;1m  echo "Cold build: true"[0m
2026-07-28T18:30:07.4223741Z [36;1m  echo "Cache restore: disabled"[0m
2026-07-28T18:30:07.4224341Z [36;1m  echo "Source branch: ${SOURCE_BRANCH}"[0m
2026-07-28T18:30:07.4224966Z [36;1m  echo "Source commit: ${SOURCE_SHA}"[0m
2026-07-28T18:30:07.4225598Z [36;1m  echo "Architecture label: ${ARCHITECTURE}"[0m
2026-07-28T18:30:07.4226283Z [36;1m  echo "Build profile: ${PROFILE}"[0m
2026-07-28T18:30:07.4226882Z [36;1m  echo "Kbuild ARCH: ${KBUILD_ARCH}"[0m
2026-07-28T18:30:07.4227544Z [36;1m  echo "Configuration target: ${CONFIG_TARGET}"[0m
2026-07-28T18:30:07.4228271Z [36;1m  echo "Cross compiler prefix: ${CROSS_COMPILE:-native}"[0m
2026-07-28T18:30:07.4229135Z [36;1m  echo "Image target: ${IMAGE_TARGET}"[0m
2026-07-28T18:30:07.4229753Z [36;1m  echo "Image path: ${IMAGE_PATH}"[0m
2026-07-28T18:30:07.4230332Z [36;1m  echo "Runner: ${RUNNER_NAME}"[0m
2026-07-28T18:30:07.4230893Z [36;1m  echo "Runner OS: ${RUNNER_OS}"[0m
2026-07-28T18:30:07.4231498Z [36;1m  echo "Runner architecture: ${RUNNER_ARCH}"[0m
2026-07-28T18:30:07.4232183Z [36;1m  echo "Started UTC: $(date -u --iso-8601=seconds)"[0m
2026-07-28T18:30:07.4232805Z [36;1m  echo[0m
2026-07-28T18:30:07.4233215Z [36;1m  df -h[0m
2026-07-28T18:30:07.4233628Z [36;1m  echo[0m
2026-07-28T18:30:07.4234042Z [36;1m  free -h[0m
2026-07-28T18:30:07.4234461Z [36;1m  echo[0m
2026-07-28T18:30:07.4234871Z [36;1m  nproc[0m
2026-07-28T18:30:07.4235342Z [36;1m} | tee "${log_dir}/runner-baseline.txt"[0m
2026-07-28T18:30:07.4290781Z shell: /usr/bin/bash --noprofile --norc -e -o pipefail {0}
2026-07-28T18:30:07.4292233Z env:
2026-07-28T18:30:07.4293021Z   SOURCE_BRANCH: rolling-linux-sync
2026-07-28T18:30:07.4294072Z   CCACHE_DISABLE: 1
2026-07-28T18:30:07.4295130Z   ARCHITECTURE: riscv64
2026-07-28T18:30:07.4295900Z   PROFILE: allmodconfig
2026-07-28T18:30:07.4296649Z   KBUILD_ARCH: riscv
2026-07-28T18:30:07.4297394Z   CONFIG_TARGET: allmodconfig
2026-07-28T18:30:07.4298232Z   CROSS_COMPILE: riscv64-linux-gnu-
2026-07-28T18:30:07.4299471Z   TOOLCHAIN_PACKAGES: gcc-riscv64-linux-gnu
2026-07-28T18:30:07.4300441Z   IMAGE_TARGET: Image
2026-07-28T18:30:07.4301285Z   IMAGE_PATH: arch/riscv/boot/Image
2026-07-28T18:30:07.4302189Z   EXPECTED_ELF_CLASS: ELF64
2026-07-28T18:30:07.4303010Z   EXPECTED_ELF_MACHINE: RISC-V
2026-07-28T18:30:07.4303948Z   SOURCE_SHA: 62cc90241548d5570ee68e01aaba6506964e9811
2026-07-28T18:30:07.4304955Z   SOURCE_SHORT_SHA: 62cc90241548
2026-07-28T18:30:07.4305767Z ##[endgroup]
2026-07-28T18:30:07.4495448Z Cold build: true
2026-07-28T18:30:07.4496475Z Cache restore: disabled
2026-07-28T18:30:07.4497356Z Source branch: rolling-linux-sync
2026-07-28T18:30:07.4499154Z Source commit: 62cc90241548d5570ee68e01aaba6506964e9811
2026-07-28T18:30:07.4500357Z Architecture label: riscv64
2026-07-28T18:30:07.4501259Z Build profile: allmodconfig
2026-07-28T18:30:07.4502093Z Kbuild ARCH: riscv
2026-07-28T18:30:07.4502930Z Configuration target: allmodconfig
2026-07-28T18:30:07.4503849Z Cross compiler prefix: riscv64-linux-gnu-
2026-07-28T18:30:07.4504756Z Image target: Image
2026-07-28T18:30:07.4505483Z Image path: arch/riscv/boot/Image
2026-07-28T18:30:07.4506157Z Runner: GitHub Actions 1000158373
2026-07-28T18:30:07.4506675Z Runner OS: Linux
2026-07-28T18:30:07.4507133Z Runner architecture: X64
2026-07-28T18:30:07.4507645Z Started UTC: 2026-07-28T18:30:07+00:00
2026-07-28T18:30:07.4508015Z 
2026-07-28T18:30:07.4596633Z Filesystem      Size  Used Avail Use% Mounted on
2026-07-28T18:30:07.4598263Z /dev/root       145G   57G   88G  40% /
2026-07-28T18:30:07.4599743Z tmpfs           7.9G   84K  7.9G   1% /dev/shm
2026-07-28T18:30:07.4600596Z tmpfs           3.2G 1008K  3.2G   1% /run
2026-07-28T18:30:07.4601248Z tmpfs           5.0M     0  5.0M   0% /run/lock
2026-07-28T18:30:07.4602028Z efivarfs        128M   32K  128M   1% /sys/firmware/efi/efivars
2026-07-28T18:30:07.4602793Z /dev/sda16      881M   64M  756M   8% /boot
2026-07-28T18:30:07.4603451Z /dev/sda15      105M  6.2M   99M   6% /boot/efi
2026-07-28T18:30:07.4604135Z tmpfs           1.6G   12K  1.6G   1% /run/user/1001
2026-07-28T18:30:07.4604616Z 
2026-07-28T18:30:07.4616212Z                total        used        free      shared  buff/cache   available
2026-07-28T18:30:07.4617278Z Mem:            15Gi       919Mi        12Gi        38Mi       2.2Gi        14Gi
2026-07-28T18:30:07.4618723Z Swap:          3.0Gi          0B       3.0Gi
2026-07-28T18:30:07.4619400Z 
2026-07-28T18:30:07.4632486Z 4
2026-07-28T18:30:07.4745763Z ##[group]Run set -euo pipefail
2026-07-28T18:30:07.4746364Z [36;1mset -euo pipefail[0m
2026-07-28T18:30:07.4746900Z [36;1mbuild_id="${ARCHITECTURE}-${PROFILE}"[0m
2026-07-28T18:30:07.4747589Z [36;1mlog_dir="${GITHUB_WORKSPACE}/build-logs/${build_id}"[0m
2026-07-28T18:30:07.4748228Z [36;1m[0m
2026-07-28T18:30:07.4748945Z [36;1msudo apt-get update[0m
2026-07-28T18:30:07.4749742Z [36;1msudo DEBIAN_FRONTEND=noninteractive apt-get install -y --no-install-recommends \[0m
2026-07-28T18:30:07.4750574Z [36;1m  bc \[0m
2026-07-28T18:30:07.4750985Z [36;1m  binutils \[0m
2026-07-28T18:30:07.4751429Z [36;1m  bison \[0m
2026-07-28T18:30:07.4751867Z [36;1m  build-essential \[0m
2026-07-28T18:30:07.4752337Z [36;1m  cpio \[0m
2026-07-28T18:30:07.4752746Z [36;1m  dwarves \[0m
2026-07-28T18:30:07.4753173Z [36;1m  file \[0m
2026-07-28T18:30:07.4753580Z [36;1m  flex \[0m
2026-07-28T18:30:07.4753982Z [36;1m  kmod \[0m
2026-07-28T18:30:07.4754441Z [36;1m  libelf-dev \[0m
2026-07-28T18:30:07.4754929Z [36;1m  libssl-dev \[0m
2026-07-28T18:30:07.4755382Z [36;1m  perl \[0m
2026-07-28T18:30:07.4755802Z [36;1m  pkg-config \[0m
2026-07-28T18:30:07.4756241Z [36;1m  python3 \[0m
2026-07-28T18:30:07.4756666Z [36;1m  rsync \[0m
2026-07-28T18:30:07.4757140Z [36;1m  xz-utils \[0m
2026-07-28T18:30:07.4757762Z [36;1m  zstd \[0m
2026-07-28T18:30:07.4758211Z [36;1m  ${TOOLCHAIN_PACKAGES}[0m
2026-07-28T18:30:07.4758969Z [36;1m[0m
2026-07-28T18:30:07.4759393Z [36;1mcompiler="${CROSS_COMPILE}gcc"[0m
2026-07-28T18:30:07.4759947Z [36;1mlinker="${CROSS_COMPILE}ld"[0m
2026-07-28T18:30:07.4760481Z [36;1mcommand -v "${compiler}"[0m
2026-07-28T18:30:07.4760992Z [36;1mcommand -v "${linker}"[0m
2026-07-28T18:30:07.4761466Z [36;1m[0m
2026-07-28T18:30:07.4761840Z [36;1m{[0m
2026-07-28T18:30:07.4762268Z [36;1m  "${compiler}" --version | head -n 1[0m
2026-07-28T18:30:07.4762856Z [36;1m  "${linker}" --version | head -n 1[0m
2026-07-28T18:30:07.4763424Z [36;1m  make --version | head -n 1[0m
2026-07-28T18:30:07.4763949Z [36;1m  pahole --version[0m
2026-07-28T18:30:07.4764514Z [36;1m} | tee "${log_dir}/toolchain-versions.txt"[0m
2026-07-28T18:30:07.4809149Z shell: /usr/bin/bash --noprofile --norc -e -o pipefail {0}
2026-07-28T18:30:07.4809801Z env:
2026-07-28T18:30:07.4810224Z   SOURCE_BRANCH: rolling-linux-sync
2026-07-28T18:30:07.4810729Z   CCACHE_DISABLE: 1
2026-07-28T18:30:07.4811158Z   ARCHITECTURE: riscv64
2026-07-28T18:30:07.4811611Z   PROFILE: allmodconfig
2026-07-28T18:30:07.4812061Z   KBUILD_ARCH: riscv
2026-07-28T18:30:07.4812500Z   CONFIG_TARGET: allmodconfig
2026-07-28T18:30:07.4812998Z   CROSS_COMPILE: riscv64-linux-gnu-
2026-07-28T18:30:07.4813549Z   TOOLCHAIN_PACKAGES: gcc-riscv64-linux-gnu
2026-07-28T18:30:07.4814103Z   IMAGE_TARGET: Image
2026-07-28T18:30:07.4814560Z   IMAGE_PATH: arch/riscv/boot/Image
2026-07-28T18:30:07.4815077Z   EXPECTED_ELF_CLASS: ELF64
2026-07-28T18:30:07.4815561Z   EXPECTED_ELF_MACHINE: RISC-V
2026-07-28T18:30:07.4816131Z   SOURCE_SHA: 62cc90241548d5570ee68e01aaba6506964e9811
2026-07-28T18:30:07.4816731Z   SOURCE_SHORT_SHA: 62cc90241548
2026-07-28T18:30:07.4817206Z ##[endgroup]
2026-07-28T18:30:07.5661379Z Get:1 file:/etc/apt/apt-mirrors.txt Mirrorlist [144 B]
2026-07-28T18:30:07.6126279Z Hit:6 https://packages.microsoft.com/repos/azure-cli noble InRelease
2026-07-28T18:30:07.6133815Z Hit:2 http://azure.archive.ubuntu.com/ubuntu noble InRelease
2026-07-28T18:30:07.6139626Z Get:7 https://packages.microsoft.com/ubuntu/24.04/prod noble InRelease [3600 B]
2026-07-28T18:30:07.6152171Z Get:3 http://azure.archive.ubuntu.com/ubuntu noble-updates InRelease [126 kB]
2026-07-28T18:30:07.6210526Z Get:4 http://azure.archive.ubuntu.com/ubuntu noble-backports InRelease [126 kB]
2026-07-28T18:30:07.6287216Z Get:5 http://azure.archive.ubuntu.com/ubuntu noble-security InRelease [126 kB]
2026-07-28T18:30:07.6692431Z Get:8 https://dl.google.com/linux/chrome-stable/deb stable InRelease [2548 B]
2026-07-28T18:30:07.7885338Z Get:9 https://packages.microsoft.com/ubuntu/24.04/prod noble/main armhf Packages [11.7 kB]
2026-07-28T18:30:07.8008917Z Get:10 https://packages.microsoft.com/ubuntu/24.04/prod noble/main arm64 Packages [218 kB]
2026-07-28T18:30:07.8064594Z Get:11 https://packages.microsoft.com/ubuntu/24.04/prod noble/main amd64 Packages [252 kB]
2026-07-28T18:30:07.8407622Z Get:12 http://azure.archive.ubuntu.com/ubuntu noble-updates/main amd64 Packages [1153 kB]
2026-07-28T18:30:07.8471571Z Get:13 http://azure.archive.ubuntu.com/ubuntu noble-updates/main Translation-en [278 kB]
2026-07-28T18:30:07.8493312Z Get:14 http://azure.archive.ubuntu.com/ubuntu noble-updates/main amd64 Components [180 kB]
2026-07-28T18:30:07.8520162Z Get:15 http://azure.archive.ubuntu.com/ubuntu noble-updates/universe amd64 Packages [1679 kB]
2026-07-28T18:30:07.8626428Z Get:16 http://azure.archive.ubuntu.com/ubuntu noble-updates/universe Translation-en [334 kB]
2026-07-28T18:30:07.8639462Z Get:17 http://azure.archive.ubuntu.com/ubuntu noble-updates/universe amd64 Components [389 kB]
2026-07-28T18:30:07.8667233Z Get:18 http://azure.archive.ubuntu.com/ubuntu noble-updates/restricted amd64 Packages [1367 kB]
2026-07-28T18:30:07.8749921Z Get:19 http://azure.archive.ubuntu.com/ubuntu noble-updates/restricted Translation-en [308 kB]
2026-07-28T18:30:07.8772848Z Get:20 http://azure.archive.ubuntu.com/ubuntu noble-updates/multiverse amd64 Packages [45.4 kB]
2026-07-28T18:30:07.8787639Z Get:21 http://azure.archive.ubuntu.com/ubuntu noble-updates/multiverse Translation-en [12.3 kB]
2026-07-28T18:30:07.9231458Z Get:22 http://azure.archive.ubuntu.com/ubuntu noble-updates/multiverse amd64 Components [940 B]
2026-07-28T18:30:07.9234966Z Get:23 http://azure.archive.ubuntu.com/ubuntu noble-backports/main amd64 Components [5760 B]
2026-07-28T18:30:07.9239828Z Get:24 http://azure.archive.ubuntu.com/ubuntu noble-backports/universe amd64 Packages [32.5 kB]
2026-07-28T18:30:07.9249561Z Get:25 http://azure.archive.ubuntu.com/ubuntu noble-backports/universe amd64 Components [12.6 kB]
2026-07-28T18:30:07.9598070Z Get:26 http://azure.archive.ubuntu.com/ubuntu noble-security/main amd64 Packages [898 kB]
2026-07-28T18:30:07.9657596Z Get:27 http://azure.archive.ubuntu.com/ubuntu noble-security/main Translation-en [198 kB]
2026-07-28T18:30:07.9690208Z Get:28 http://azure.archive.ubuntu.com/ubuntu noble-security/main amd64 Components [46.3 kB]
2026-07-28T18:30:07.9720136Z Get:29 http://azure.archive.ubuntu.com/ubuntu noble-security/universe amd64 Packages [1199 kB]
2026-07-28T18:30:07.9829282Z Get:30 http://azure.archive.ubuntu.com/ubuntu noble-security/universe Translation-en [239 kB]
2026-07-28T18:30:07.9841915Z Get:31 http://azure.archive.ubuntu.com/ubuntu noble-security/universe amd64 Components [76.2 kB]
2026-07-28T18:30:07.9892510Z Get:32 http://azure.archive.ubuntu.com/ubuntu noble-security/restricted amd64 Packages [1273 kB]
2026-07-28T18:30:07.9943422Z Get:33 http://azure.archive.ubuntu.com/ubuntu noble-security/restricted Translation-en [290 kB]
2026-07-28T18:30:07.9969114Z Get:34 http://azure.archive.ubuntu.com/ubuntu noble-security/multiverse amd64 Packages [40.3 kB]
2026-07-28T18:30:07.9990320Z Get:35 http://azure.archive.ubuntu.com/ubuntu noble-security/multiverse Translation-en [10.6 kB]
2026-07-28T18:30:08.0642726Z Get:36 https://dl.google.com/linux/chrome-stable/deb stable/main amd64 Packages [1424 B]
2026-07-28T18:30:11.8317160Z Fetched 10.9 MB in 1s (8279 kB/s)
2026-07-28T18:30:12.5072711Z Reading package lists...
2026-07-28T18:30:12.5374488Z Reading package lists...
2026-07-28T18:30:12.6839285Z Building dependency tree...
2026-07-28T18:30:12.6845785Z Reading state information...
2026-07-28T18:30:12.8165404Z bc is already the newest version (1.07.1-3ubuntu4).
2026-07-28T18:30:12.8167501Z bc set to manually installed.
2026-07-28T18:30:12.8168341Z binutils is already the newest version (2.42-4ubuntu2.10).
2026-07-28T18:30:12.8169445Z bison is already the newest version (2:3.8.2+dfsg-1build2).
2026-07-28T18:30:12.8170072Z cpio is already the newest version (2.15+dfsg-1ubuntu2).
2026-07-28T18:30:12.8171317Z cpio set to manually installed.
2026-07-28T18:30:12.8171864Z file is already the newest version (1:5.45-3build1).
2026-07-28T18:30:12.8172448Z flex is already the newest version (2.6.4-8.2build1).
2026-07-28T18:30:12.8173027Z kmod is already the newest version (31+20240202-2ubuntu7.2).
2026-07-28T18:30:12.8173645Z kmod set to manually installed.
2026-07-28T18:30:12.8174104Z libssl-dev is already the newest version (3.0.13-0ubuntu3.11).
2026-07-28T18:30:12.8174587Z perl is already the newest version (5.38.2-3.2ubuntu0.3).
2026-07-28T18:30:12.8174996Z perl set to manually installed.
2026-07-28T18:30:12.8175453Z pkg-config is already the newest version (1.8.1-2build1).
2026-07-28T18:30:12.8175918Z python3 is already the newest version (3.12.3-0ubuntu2.1).
2026-07-28T18:30:12.8176647Z rsync is already the newest version (3.2.7-1ubuntu1.5).
2026-07-28T18:30:12.8177187Z xz-utils is already the newest version (5.6.1+really5.4.5-1ubuntu0.3).
2026-07-28T18:30:12.8177730Z zstd is already the newest version (1.5.5+dfsg2-2build1.1).
2026-07-28T18:30:12.8178147Z zstd set to manually installed.
2026-07-28T18:30:12.8178821Z The following additional packages will be installed:
2026-07-28T18:30:12.8179570Z   binutils-riscv64-linux-gnu cpp-13-riscv64-linux-gnu cpp-riscv64-linux-gnu
2026-07-28T18:30:12.8180239Z   gcc-13-cross-base gcc-13-riscv64-linux-gnu gcc-13-riscv64-linux-gnu-base
2026-07-28T18:30:12.8181116Z   gcc-14-cross-base libasan8-riscv64-cross libatomic1-riscv64-cross
2026-07-28T18:30:12.8181709Z   libc6-riscv64-cross libgcc-13-dev-riscv64-cross libgcc-s1-riscv64-cross
2026-07-28T18:30:12.8182467Z   libgomp1-riscv64-cross libitm1-riscv64-cross libstdc++6-riscv64-cross
2026-07-28T18:30:12.8182991Z   libubsan1-riscv64-cross pahole
2026-07-28T18:30:12.8183363Z Suggested packages:
2026-07-28T18:30:12.8183766Z   binutils-doc gcc-13-locales cpp-13-doc cpp-doc gcc-13-doc manpages-dev
2026-07-28T18:30:12.8184250Z   gdb-riscv64-linux-gnu gcc-doc
2026-07-28T18:30:12.8184657Z Recommended packages:
2026-07-28T18:30:12.8185047Z   libc6-dev-riscv64-cross libc6-dev-riscv64-cross | libc-dev-riscv64-cross
2026-07-28T18:30:12.8444936Z The following NEW packages will be installed:
2026-07-28T18:30:12.8445959Z   binutils-riscv64-linux-gnu build-essential cpp-13-riscv64-linux-gnu
2026-07-28T18:30:12.8446702Z   cpp-riscv64-linux-gnu dwarves gcc-13-cross-base gcc-13-riscv64-linux-gnu
2026-07-28T18:30:12.8447458Z   gcc-13-riscv64-linux-gnu-base gcc-14-cross-base gcc-riscv64-linux-gnu
2026-07-28T18:30:12.8448525Z   libasan8-riscv64-cross libatomic1-riscv64-cross libc6-riscv64-cross
2026-07-28T18:30:12.8449414Z   libelf-dev libgcc-13-dev-riscv64-cross libgcc-s1-riscv64-cross
2026-07-28T18:30:12.8450092Z   libgomp1-riscv64-cross libitm1-riscv64-cross libstdc++6-riscv64-cross
2026-07-28T18:30:12.8451091Z   libubsan1-riscv64-cross pahole
2026-07-28T18:30:12.8619043Z 0 upgraded, 21 newly installed, 0 to remove and 73 not upgraded.
2026-07-28T18:30:12.8619801Z Need to get 35.9 MB of archives.
2026-07-28T18:30:12.8620586Z After this operation, 132 MB of additional disk space will be used.
2026-07-28T18:30:12.8621436Z Get:1 file:/etc/apt/apt-mirrors.txt Mirrorlist [144 B]
2026-07-28T18:30:12.9578070Z Get:2 http://azure.archive.ubuntu.com/ubuntu noble-updates/main amd64 binutils-riscv64-linux-gnu amd64 2.42-4ubuntu2.10 [1425 kB]
2026-07-28T18:30:13.1780273Z Get:3 http://azure.archive.ubuntu.com/ubuntu noble/main amd64 build-essential amd64 12.10ubuntu1 [4928 B]
2026-07-28T18:30:13.2515368Z Get:4 http://azure.archive.ubuntu.com/ubuntu noble-updates/main amd64 gcc-13-riscv64-linux-gnu-base amd64 13.3.0-6ubuntu2~24.04.1cross1 [51.8 kB]
2026-07-28T18:30:13.3264163Z Get:5 http://azure.archive.ubuntu.com/ubuntu noble-updates/main amd64 cpp-13-riscv64-linux-gnu amd64 13.3.0-6ubuntu2~24.04.1cross1 [10.0 MB]
2026-07-28T18:30:13.8482779Z Get:6 http://azure.archive.ubuntu.com/ubuntu noble/main amd64 cpp-riscv64-linux-gnu amd64 4:13.2.0-7ubuntu1 [5328 B]
2026-07-28T18:30:13.9235395Z Get:7 http://azure.archive.ubuntu.com/ubuntu noble-updates/main amd64 gcc-13-cross-base all 13.3.0-6ubuntu2~24.04.1cross1 [46.5 kB]
2026-07-28T18:30:13.9975766Z Get:8 http://azure.archive.ubuntu.com/ubuntu noble-updates/main amd64 gcc-14-cross-base all 14.2.0-4ubuntu2~24.04.1cross1 [46.1 kB]
2026-07-28T18:30:14.0720899Z Get:9 http://azure.archive.ubuntu.com/ubuntu noble/main amd64 libc6-riscv64-cross all 2.39-0ubuntu8cross1 [1244 kB]
2026-07-28T18:30:14.2986340Z Get:10 http://azure.archive.ubuntu.com/ubuntu noble-updates/main amd64 libgcc-s1-riscv64-cross all 14.2.0-4ubuntu2~24.04.1cross1 [63.0 kB]
2026-07-28T18:30:14.3733176Z Get:11 http://azure.archive.ubuntu.com/ubuntu noble-updates/main amd64 libgomp1-riscv64-cross all 14.2.0-4ubuntu2~24.04.1cross1 [114 kB]
2026-07-28T18:30:14.4486675Z Get:12 http://azure.archive.ubuntu.com/ubuntu noble-updates/main amd64 libitm1-riscv64-cross all 14.2.0-4ubuntu2~24.04.1cross1 [32.5 kB]
2026-07-28T18:30:14.5228865Z Get:13 http://azure.archive.ubuntu.com/ubuntu noble-updates/main amd64 libatomic1-riscv64-cross all 14.2.0-4ubuntu2~24.04.1cross1 [9606 B]
2026-07-28T18:30:14.5972108Z Get:14 http://azure.archive.ubuntu.com/ubuntu noble-updates/main amd64 libasan8-riscv64-cross all 14.2.0-4ubuntu2~24.04.1cross1 [568 kB]
2026-07-28T18:30:14.6744152Z Get:15 http://azure.archive.ubuntu.com/ubuntu noble-updates/main amd64 libstdc++6-riscv64-cross all 14.2.0-4ubuntu2~24.04.1cross1 [751 kB]
2026-07-28T18:30:14.8225670Z Get:16 http://azure.archive.ubuntu.com/ubuntu noble-updates/main amd64 libubsan1-riscv64-cross all 14.2.0-4ubuntu2~24.04.1cross1 [229 kB]
2026-07-28T18:30:14.8979838Z Get:17 http://azure.archive.ubuntu.com/ubuntu noble-updates/main amd64 libgcc-13-dev-riscv64-cross all 13.3.0-6ubuntu2~24.04.1cross1 [1712 kB]
2026-07-28T18:30:15.1212203Z Get:18 http://azure.archive.ubuntu.com/ubuntu noble-updates/main amd64 gcc-13-riscv64-linux-gnu amd64 13.3.0-6ubuntu2~24.04.1cross1 [19.3 MB]
2026-07-28T18:30:15.8100155Z Get:19 http://azure.archive.ubuntu.com/ubuntu noble/main amd64 gcc-riscv64-linux-gnu amd64 4:13.2.0-7ubuntu1 [1212 B]
2026-07-28T18:30:15.8840354Z Get:20 http://azure.archive.ubuntu.com/ubuntu noble-updates/main amd64 libelf-dev amd64 0.190-1.1ubuntu0.1 [68.5 kB]
2026-07-28T18:30:15.9589337Z Get:21 http://azure.archive.ubuntu.com/ubuntu noble/universe amd64 pahole amd64 1.25-0ubuntu3 [277 kB]
2026-07-28T18:30:16.0344089Z Get:22 http://azure.archive.ubuntu.com/ubuntu noble/universe amd64 dwarves all 1.25-0ubuntu3 [2186 B]
2026-07-28T18:30:16.2802804Z Fetched 35.9 MB in 3s (11.3 MB/s)
2026-07-28T18:30:16.3024326Z Selecting previously unselected package binutils-riscv64-linux-gnu.
2026-07-28T18:30:16.3307968Z (Reading database ... 
2026-07-28T18:30:16.3309344Z (Reading database ... 5%
2026-07-28T18:30:16.3310063Z (Reading database ... 10%
2026-07-28T18:30:16.3310506Z (Reading database ... 15%
2026-07-28T18:30:16.3310893Z (Reading database ... 20%
2026-07-28T18:30:16.3311410Z (Reading database ... 25%
2026-07-28T18:30:16.3312117Z (Reading database ... 30%
2026-07-28T18:30:16.3312731Z (Reading database ... 35%
2026-07-28T18:30:16.3313224Z (Reading database ... 40%
2026-07-28T18:30:16.3313675Z (Reading database ... 45%
2026-07-28T18:30:16.3314148Z (Reading database ... 50%
2026-07-28T18:30:16.3379754Z (Reading database ... 55%
2026-07-28T18:30:16.4526547Z (Reading database ... 60%
2026-07-28T18:30:16.6579726Z (Reading database ... 65%
2026-07-28T18:30:16.8221254Z (Reading database ... 70%
2026-07-28T18:30:16.9561184Z (Reading database ... 75%
2026-07-28T18:30:17.1135738Z (Reading database ... 80%
2026-07-28T18:30:17.2344074Z (Reading database ... 85%
2026-07-28T18:30:17.2851082Z (Reading database ... 90%
2026-07-28T18:30:17.4222793Z (Reading database ... 95%
2026-07-28T18:30:17.4223203Z (Reading database ... 100%
2026-07-28T18:30:17.4223651Z (Reading database ... 202954 files and directories currently installed.)
2026-07-28T18:30:17.4264946Z Preparing to unpack .../00-binutils-riscv64-linux-gnu_2.42-4ubuntu2.10_amd64.deb ...
2026-07-28T18:30:17.4321131Z Unpacking binutils-riscv64-linux-gnu (2.42-4ubuntu2.10) ...
2026-07-28T18:30:17.5313827Z Selecting previously unselected package build-essential.
2026-07-28T18:30:17.5439184Z Preparing to unpack .../01-build-essential_12.10ubuntu1_amd64.deb ...
2026-07-28T18:30:17.5450731Z Unpacking build-essential (12.10ubuntu1) ...
2026-07-28T18:30:17.5653862Z Selecting previously unselected package gcc-13-riscv64-linux-gnu-base:amd64.
2026-07-28T18:30:17.5791723Z Preparing to unpack .../02-gcc-13-riscv64-linux-gnu-base_13.3.0-6ubuntu2~24.04.1cross1_amd64.deb ...
2026-07-28T18:30:17.5802507Z Unpacking gcc-13-riscv64-linux-gnu-base:amd64 (13.3.0-6ubuntu2~24.04.1cross1) ...
2026-07-28T18:30:17.6020374Z Selecting previously unselected package cpp-13-riscv64-linux-gnu.
2026-07-28T18:30:17.6143733Z Preparing to unpack .../03-cpp-13-riscv64-linux-gnu_13.3.0-6ubuntu2~24.04.1cross1_amd64.deb ...
2026-07-28T18:30:17.6173810Z Unpacking cpp-13-riscv64-linux-gnu (13.3.0-6ubuntu2~24.04.1cross1) ...
2026-07-28T18:30:17.7449340Z Selecting previously unselected package cpp-riscv64-linux-gnu.
2026-07-28T18:30:17.7574991Z Preparing to unpack .../04-cpp-riscv64-linux-gnu_4%3a13.2.0-7ubuntu1_amd64.deb ...
2026-07-28T18:30:17.7585812Z Unpacking cpp-riscv64-linux-gnu (4:13.2.0-7ubuntu1) ...
2026-07-28T18:30:17.7786367Z Selecting previously unselected package gcc-13-cross-base.
2026-07-28T18:30:17.7909641Z Preparing to unpack .../05-gcc-13-cross-base_13.3.0-6ubuntu2~24.04.1cross1_all.deb ...
2026-07-28T18:30:17.7920512Z Unpacking gcc-13-cross-base (13.3.0-6ubuntu2~24.04.1cross1) ...
2026-07-28T18:30:17.8124985Z Selecting previously unselected package gcc-14-cross-base.
2026-07-28T18:30:17.8248306Z Preparing to unpack .../06-gcc-14-cross-base_14.2.0-4ubuntu2~24.04.1cross1_all.deb ...
2026-07-28T18:30:17.8258528Z Unpacking gcc-14-cross-base (14.2.0-4ubuntu2~24.04.1cross1) ...
2026-07-28T18:30:17.8460826Z Selecting previously unselected package libc6-riscv64-cross.
2026-07-28T18:30:17.8582242Z Preparing to unpack .../07-libc6-riscv64-cross_2.39-0ubuntu8cross1_all.deb ...
2026-07-28T18:30:17.8594164Z Unpacking libc6-riscv64-cross (2.39-0ubuntu8cross1) ...
2026-07-28T18:30:17.8930079Z Selecting previously unselected package libgcc-s1-riscv64-cross.
2026-07-28T18:30:17.9054969Z Preparing to unpack .../08-libgcc-s1-riscv64-cross_14.2.0-4ubuntu2~24.04.1cross1_all.deb ...
2026-07-28T18:30:17.9065700Z Unpacking libgcc-s1-riscv64-cross (14.2.0-4ubuntu2~24.04.1cross1) ...
2026-07-28T18:30:17.9270186Z Selecting previously unselected package libgomp1-riscv64-cross.
2026-07-28T18:30:17.9391819Z Preparing to unpack .../09-libgomp1-riscv64-cross_14.2.0-4ubuntu2~24.04.1cross1_all.deb ...
2026-07-28T18:30:17.9401767Z Unpacking libgomp1-riscv64-cross (14.2.0-4ubuntu2~24.04.1cross1) ...
2026-07-28T18:30:17.9611729Z Selecting previously unselected package libitm1-riscv64-cross.
2026-07-28T18:30:17.9732390Z Preparing to unpack .../10-libitm1-riscv64-cross_14.2.0-4ubuntu2~24.04.1cross1_all.deb ...
2026-07-28T18:30:17.9743051Z Unpacking libitm1-riscv64-cross (14.2.0-4ubuntu2~24.04.1cross1) ...
2026-07-28T18:30:17.9958250Z Selecting previously unselected package libatomic1-riscv64-cross.
2026-07-28T18:30:18.0152908Z Preparing to unpack .../11-libatomic1-riscv64-cross_14.2.0-4ubuntu2~24.04.1cross1_all.deb ...
2026-07-28T18:30:18.0154209Z Unpacking libatomic1-riscv64-cross (14.2.0-4ubuntu2~24.04.1cross1) ...
2026-07-28T18:30:18.0302316Z Selecting previously unselected package libasan8-riscv64-cross.
2026-07-28T18:30:18.0425863Z Preparing to unpack .../12-libasan8-riscv64-cross_14.2.0-4ubuntu2~24.04.1cross1_all.deb ...
2026-07-28T18:30:18.0435451Z Unpacking libasan8-riscv64-cross (14.2.0-4ubuntu2~24.04.1cross1) ...
2026-07-28T18:30:18.0734023Z Selecting previously unselected package libstdc++6-riscv64-cross.
2026-07-28T18:30:18.0855824Z Preparing to unpack .../13-libstdc++6-riscv64-cross_14.2.0-4ubuntu2~24.04.1cross1_all.deb ...
2026-07-28T18:30:18.0867570Z Unpacking libstdc++6-riscv64-cross (14.2.0-4ubuntu2~24.04.1cross1) ...
2026-07-28T18:30:18.1260215Z Selecting previously unselected package libubsan1-riscv64-cross.
2026-07-28T18:30:18.1384923Z Preparing to unpack .../14-libubsan1-riscv64-cross_14.2.0-4ubuntu2~24.04.1cross1_all.deb ...
2026-07-28T18:30:18.1394509Z Unpacking libubsan1-riscv64-cross (14.2.0-4ubuntu2~24.04.1cross1) ...
2026-07-28T18:30:18.1632005Z Selecting previously unselected package libgcc-13-dev-riscv64-cross.
2026-07-28T18:30:18.1756772Z Preparing to unpack .../15-libgcc-13-dev-riscv64-cross_13.3.0-6ubuntu2~24.04.1cross1_all.deb ...
2026-07-28T18:30:18.1766915Z Unpacking libgcc-13-dev-riscv64-cross (13.3.0-6ubuntu2~24.04.1cross1) ...
2026-07-28T18:30:18.2576027Z Selecting previously unselected package gcc-13-riscv64-linux-gnu.
2026-07-28T18:30:18.2703819Z Preparing to unpack .../16-gcc-13-riscv64-linux-gnu_13.3.0-6ubuntu2~24.04.1cross1_amd64.deb ...
2026-07-28T18:30:18.2734273Z Unpacking gcc-13-riscv64-linux-gnu (13.3.0-6ubuntu2~24.04.1cross1) ...
2026-07-28T18:30:18.4992541Z Selecting previously unselected package gcc-riscv64-linux-gnu.
2026-07-28T18:30:18.5117567Z Preparing to unpack .../17-gcc-riscv64-linux-gnu_4%3a13.2.0-7ubuntu1_amd64.deb ...
2026-07-28T18:30:18.5128585Z Unpacking gcc-riscv64-linux-gnu (4:13.2.0-7ubuntu1) ...
2026-07-28T18:30:18.5348942Z Selecting previously unselected package libelf-dev:amd64.
2026-07-28T18:30:18.5473952Z Preparing to unpack .../18-libelf-dev_0.190-1.1ubuntu0.1_amd64.deb ...
2026-07-28T18:30:18.5483759Z Unpacking libelf-dev:amd64 (0.190-1.1ubuntu0.1) ...
2026-07-28T18:30:18.5734624Z Selecting previously unselected package pahole.
2026-07-28T18:30:18.5859490Z Preparing to unpack .../19-pahole_1.25-0ubuntu3_amd64.deb ...
2026-07-28T18:30:18.5870024Z Unpacking pahole (1.25-0ubuntu3) ...
2026-07-28T18:30:18.6152133Z Selecting previously unselected package dwarves.
2026-07-28T18:30:18.6276414Z Preparing to unpack .../20-dwarves_1.25-0ubuntu3_all.deb ...
2026-07-28T18:30:18.6286928Z Unpacking dwarves (1.25-0ubuntu3) ...
2026-07-28T18:30:18.6672274Z Setting up gcc-13-riscv64-linux-gnu-base:amd64 (13.3.0-6ubuntu2~24.04.1cross1) ...
2026-07-28T18:30:18.6702353Z Setting up cpp-13-riscv64-linux-gnu (13.3.0-6ubuntu2~24.04.1cross1) ...
2026-07-28T18:30:18.6726189Z Setting up binutils-riscv64-linux-gnu (2.42-4ubuntu2.10) ...
2026-07-28T18:30:18.6750399Z Setting up gcc-14-cross-base (14.2.0-4ubuntu2~24.04.1cross1) ...
2026-07-28T18:30:18.6778712Z Setting up gcc-13-cross-base (13.3.0-6ubuntu2~24.04.1cross1) ...
2026-07-28T18:30:18.6803325Z Setting up libelf-dev:amd64 (0.190-1.1ubuntu0.1) ...
2026-07-28T18:30:18.6827699Z Setting up pahole (1.25-0ubuntu3) ...
2026-07-28T18:30:18.6853843Z Setting up build-essential (12.10ubuntu1) ...
2026-07-28T18:30:18.6881737Z Setting up libc6-riscv64-cross (2.39-0ubuntu8cross1) ...
2026-07-28T18:30:18.6906086Z Setting up libgomp1-riscv64-cross (14.2.0-4ubuntu2~24.04.1cross1) ...
2026-07-28T18:30:18.6936046Z Setting up libatomic1-riscv64-cross (14.2.0-4ubuntu2~24.04.1cross1) ...
2026-07-28T18:30:18.6963368Z Setting up cpp-riscv64-linux-gnu (4:13.2.0-7ubuntu1) ...
2026-07-28T18:30:18.6988814Z Setting up libitm1-riscv64-cross (14.2.0-4ubuntu2~24.04.1cross1) ...
2026-07-28T18:30:18.7016041Z Setting up libgcc-s1-riscv64-cross (14.2.0-4ubuntu2~24.04.1cross1) ...
2026-07-28T18:30:18.7044355Z Setting up dwarves (1.25-0ubuntu3) ...
2026-07-28T18:30:18.7071871Z Setting up libasan8-riscv64-cross (14.2.0-4ubuntu2~24.04.1cross1) ...
2026-07-28T18:30:18.7099673Z Setting up libstdc++6-riscv64-cross (14.2.0-4ubuntu2~24.04.1cross1) ...
2026-07-28T18:30:18.7124142Z Setting up libubsan1-riscv64-cross (14.2.0-4ubuntu2~24.04.1cross1) ...
2026-07-28T18:30:18.7149113Z Setting up libgcc-13-dev-riscv64-cross (13.3.0-6ubuntu2~24.04.1cross1) ...
2026-07-28T18:30:18.7174267Z Setting up gcc-13-riscv64-linux-gnu (13.3.0-6ubuntu2~24.04.1cross1) ...
2026-07-28T18:30:18.7199136Z Setting up gcc-riscv64-linux-gnu (4:13.2.0-7ubuntu1) ...
2026-07-28T18:30:18.7228103Z Processing triggers for man-db (2.12.0-4build2) ...
2026-07-28T18:30:18.7254741Z Not building database; man-db/auto-update is not 'true'.
2026-07-28T18:30:18.7269568Z Processing triggers for libc-bin (2.39-0ubuntu8.7) ...
2026-07-28T18:30:19.3618965Z 
2026-07-28T18:30:19.3619435Z Running kernel seems to be up-to-date.
2026-07-28T18:30:19.3620164Z 
2026-07-28T18:30:19.3620308Z No services need to be restarted.
2026-07-28T18:30:19.3620523Z 
2026-07-28T18:30:19.3629668Z No containers need to be restarted.
2026-07-28T18:30:19.3630267Z 
2026-07-28T18:30:19.3630483Z No user sessions are running outdated binaries.
2026-07-28T18:30:19.3630857Z 
2026-07-28T18:30:19.3631172Z No VM guests are running outdated hypervisor (qemu) binaries on this host.
2026-07-28T18:30:20.1808839Z /usr/bin/riscv64-linux-gnu-gcc
2026-07-28T18:30:20.1809525Z /usr/bin/riscv64-linux-gnu-ld
2026-07-28T18:30:20.1825579Z riscv64-linux-gnu-gcc (Ubuntu 13.3.0-6ubuntu2~24.04.1) 13.3.0
2026-07-28T18:30:20.1846371Z GNU ld (GNU Binutils for Ubuntu) 2.42
2026-07-28T18:30:20.1868709Z GNU Make 4.3
2026-07-28T18:30:20.1885189Z v1.25
2026-07-28T18:30:20.1927171Z ##[group]Run set -euo pipefail
2026-07-28T18:30:20.1927511Z [36;1mset -euo pipefail[0m
2026-07-28T18:30:20.1927772Z [36;1mbuild_id="${ARCHITECTURE}-${PROFILE}"[0m
2026-07-28T18:30:20.1928130Z [36;1msource_root="${RUNNER_TEMP}/zigux-${build_id}-source"[0m
2026-07-28T18:30:20.1928839Z [36;1msource_archive="${RUNNER_TEMP}/zigux-${build_id}.tar.gz"[0m
2026-07-28T18:30:20.1929224Z [36;1mout_dir="${GITHUB_WORKSPACE}/out-${build_id}"[0m
2026-07-28T18:30:20.1929512Z [36;1m[0m
2026-07-28T18:30:20.1929808Z [36;1m# Every matrix row receives an empty source and output tree.[0m
2026-07-28T18:30:20.1930423Z [36;1mrm -rf "${source_root}" "${source_archive}" "${out_dir}"[0m
2026-07-28T18:30:20.1930778Z [36;1mmkdir -p "${source_root}" "${out_dir}"[0m
2026-07-28T18:30:20.1931047Z [36;1m[0m
2026-07-28T18:30:20.1931235Z [36;1mcurl --fail --location \[0m
2026-07-28T18:30:20.1931539Z [36;1m  --retry 5 --retry-all-errors --retry-delay 5 \[0m
2026-07-28T18:30:20.1932033Z [36;1m  "https://codeload.github.com/${GITHUB_REPOSITORY}/tar.gz/${SOURCE_SHA}" \[0m
2026-07-28T18:30:20.1932441Z [36;1m  -o "${source_archive}"[0m
2026-07-28T18:30:20.1932795Z [36;1mtar -xzf "${source_archive}" --strip-components=1 -C "${source_root}"[0m
2026-07-28T18:30:20.1933154Z [36;1m[0m
2026-07-28T18:30:20.1933350Z [36;1mtest -s "${source_root}/Makefile"[0m
2026-07-28T18:30:20.1933660Z [36;1mgrep -q '^VERSION = ' "${source_root}/Makefile"[0m
2026-07-28T18:30:20.1933945Z [36;1m[0m
2026-07-28T18:30:20.1934164Z [36;1mecho "BUILD_ID=${build_id}" >> "${GITHUB_ENV}"[0m
2026-07-28T18:30:20.1934543Z [36;1mecho "SOURCE_ROOT=${source_root}" >> "${GITHUB_ENV}"[0m
2026-07-28T18:30:20.1934885Z [36;1mecho "OUT_DIR=${out_dir}" >> "${GITHUB_ENV}"[0m
2026-07-28T18:30:20.1980233Z shell: /usr/bin/bash --noprofile --norc -e -o pipefail {0}
2026-07-28T18:30:20.1980563Z env:
2026-07-28T18:30:20.1980763Z   SOURCE_BRANCH: rolling-linux-sync
2026-07-28T18:30:20.1981019Z   CCACHE_DISABLE: 1
2026-07-28T18:30:20.1981230Z   ARCHITECTURE: riscv64
2026-07-28T18:30:20.1981453Z   PROFILE: allmodconfig
2026-07-28T18:30:20.1981659Z   KBUILD_ARCH: riscv
2026-07-28T18:30:20.1981864Z   CONFIG_TARGET: allmodconfig
2026-07-28T18:30:20.1982105Z   CROSS_COMPILE: riscv64-linux-gnu-
2026-07-28T18:30:20.1982377Z   TOOLCHAIN_PACKAGES: gcc-riscv64-linux-gnu
2026-07-28T18:30:20.1982642Z   IMAGE_TARGET: Image
2026-07-28T18:30:20.1982852Z   IMAGE_PATH: arch/riscv/boot/Image
2026-07-28T18:30:20.1983095Z   EXPECTED_ELF_CLASS: ELF64
2026-07-28T18:30:20.1983319Z   EXPECTED_ELF_MACHINE: RISC-V
2026-07-28T18:30:20.1983594Z   SOURCE_SHA: 62cc90241548d5570ee68e01aaba6506964e9811
2026-07-28T18:30:20.1983889Z   SOURCE_SHORT_SHA: 62cc90241548
2026-07-28T18:30:20.1984119Z ##[endgroup]
2026-07-28T18:30:20.2117648Z   % Total    % Received % Xferd  Average Speed   Time    Time     Time  Current
2026-07-28T18:30:20.2118620Z                                  Dload  Upload   Total   Spent    Left  Speed
2026-07-28T18:30:20.2118981Z 
2026-07-28T18:30:20.9512976Z   0     0    0     0    0     0      0      0 --:--:-- --:--:-- --:--:--     0
2026-07-28T18:30:21.7997787Z 100 12286    0 12286    0     0  16611      0 --:--:-- --:--:-- --:--:-- 16602
2026-07-28T18:30:22.8107736Z 100 5782k    0 5782k    0     0  3641k      0 --:--:--  0:00:01 --:--:-- 3641k
2026-07-28T18:30:23.8408109Z 100 12.7M    0 12.7M    0     0  5029k      0 --:--:--  0:00:02 --:--:-- 5029k
2026-07-28T18:30:24.8086994Z 100 19.2M    0 19.2M    0     0  5435k      0 --:--:--  0:00:03 --:--:-- 5435k
2026-07-28T18:30:25.8000930Z 100 25.2M    0 25.2M    0     0  5625k      0 --:--:--  0:00:04 --:--:-- 5625k
2026-07-28T18:30:26.8058870Z 100 32.7M    0 32.7M    0     0  6001k      0 --:--:--  0:00:05 --:--:-- 6913k
2026-07-28T18:30:27.7998028Z 100 39.5M    0 39.5M    0     0  6136k      0 --:--:--  0:00:06 --:--:-- 6927k
2026-07-28T18:30:28.8032978Z 100 45.3M    0 45.3M    0     0  6121k      0 --:--:--  0:00:07 --:--:-- 6688k
2026-07-28T18:30:29.8156591Z 100 51.0M    0 51.0M    0     0  6082k      0 --:--:--  0:00:08 --:--:-- 6554k
2026-07-28T18:30:30.8640767Z 100 57.5M    0 57.5M    0     0  6130k      0 --:--:--  0:00:09 --:--:-- 6596k
2026-07-28T18:30:31.8296349Z 100 62.2M    0 62.2M    0     0  5985k      0 --:--:--  0:00:10 --:--:-- 5968k
2026-07-28T18:30:32.8358828Z 100 65.7M    0 65.7M    0     0  5795k      0 --:--:--  0:00:11 --:--:-- 5348k
2026-07-28T18:30:33.8072034Z 100 69.8M    0 69.8M    0     0  5668k      0 --:--:--  0:00:12 --:--:-- 4988k
2026-07-28T18:30:34.8505336Z 100 73.5M    0 73.5M    0     0  5537k      0 --:--:--  0:00:13 --:--:-- 4602k
2026-07-28T18:30:35.7999865Z 100 77.2M    0 77.2M    0     0  5404k      0 --:--:--  0:00:14 --:--:-- 4020k
2026-07-28T18:30:36.8325170Z 100 80.7M    0 80.7M    0     0  5307k      0 --:--:--  0:00:15 --:--:-- 3844k
2026-07-28T18:30:37.8134830Z 100 85.0M    0 85.0M    0     0  5238k      0 --:--:--  0:00:16 --:--:-- 3945k
2026-07-28T18:30:38.8350277Z 100 89.5M    0 89.5M    0     0  5207k      0 --:--:--  0:00:17 --:--:-- 4036k
2026-07-28T18:30:39.8436921Z 100 94.0M    0 94.0M    0     0  5168k      0 --:--:--  0:00:18 --:--:-- 4172k
2026-07-28T18:30:40.8058074Z 100  100M    0  100M    0     0  5268k      0 --:--:--  0:00:19 --:--:-- 4866k
2026-07-28T18:30:41.8155768Z 100  107M    0  107M    0     0  5345k      0 --:--:--  0:00:20 --:--:-- 5463k
2026-07-28T18:30:42.8251670Z 100  114M    0  114M    0     0  5415k      0 --:--:--  0:00:21 --:--:-- 6006k
2026-07-28T18:30:43.8251082Z 100  120M    0  120M    0     0  5457k      0 --:--:--  0:00:22 --:--:-- 6339k
2026-07-28T18:30:44.8271142Z 100  126M    0  126M    0     0  5499k      0 --:--:--  0:00:23 --:--:-- 6733k
2026-07-28T18:30:45.8365960Z 100  133M    0  133M    0     0  5564k      0 --:--:--  0:00:24 --:--:-- 6730k
2026-07-28T18:30:46.8418064Z 100  140M    0  140M    0     0  5614k      0 --:--:--  0:00:25 --:--:-- 6718k
2026-07-28T18:30:47.8063476Z 100  147M    0  147M    0     0  5652k      0 --:--:--  0:00:26 --:--:-- 6671k
2026-07-28T18:30:48.8048341Z 100  153M    0  153M    0     0  5678k      0 --:--:--  0:00:27 --:--:-- 6677k
2026-07-28T18:30:49.8209386Z 100  159M    0  159M    0     0  5703k      0 --:--:--  0:00:28 --:--:-- 6671k
2026-07-28T18:30:50.8259592Z 100  164M    0  164M    0     0  5700k      0 --:--:--  0:00:29 --:--:-- 6370k
2026-07-28T18:30:51.8352002Z 100  170M    0  170M    0     0  5706k      0 --:--:--  0:00:30 --:--:-- 6176k
2026-07-28T18:30:52.8260185Z 100  176M    0  176M    0     0  5731k      0 --:--:--  0:00:31 --:--:-- 6150k
2026-07-28T18:30:53.8083708Z 100  182M    0  182M    0     0  5737k      0 --:--:--  0:00:32 --:--:-- 6066k
2026-07-28T18:30:54.8401372Z 100  189M    0  189M    0     0  5783k      0 --:--:--  0:00:33 --:--:-- 6240k
2026-07-28T18:30:55.8036844Z 100  196M    0  196M    0     0  5810k      0 --:--:--  0:00:34 --:--:-- 6463k
2026-07-28T18:30:56.7999348Z 100  202M    0  202M    0     0  5811k      0 --:--:--  0:00:35 --:--:-- 6460k
2026-07-28T18:30:57.8077728Z 100  208M    0  208M    0     0  5844k      0 --:--:--  0:00:36 --:--:-- 6564k
2026-07-28T18:30:58.8265215Z 100  215M    0  215M    0     0  5863k      0 --:--:--  0:00:37 --:--:-- 6682k
2026-07-28T18:30:59.8391489Z 100  221M    0  221M    0     0  5867k      0 --:--:--  0:00:38 --:--:-- 6429k
2026-07-28T18:31:00.8119003Z 100  227M    0  227M    0     0  5866k      0 --:--:--  0:00:39 --:--:-- 6246k
2026-07-28T18:31:01.8101442Z 100  232M    0  232M    0     0  5870k      0 --:--:--  0:00:40 --:--:-- 6288k
2026-07-28T18:31:02.8178819Z 100  239M    0  239M    0     0  5889k      0 --:--:--  0:00:41 --:--:-- 6219k
2026-07-28T18:31:03.8016985Z 100  245M    0  245M    0     0  5900k      0 --:--:--  0:00:42 --:--:-- 6180k
2026-07-28T18:31:04.3519798Z 100  251M    0  251M    0     0  5896k      0 --:--:--  0:00:43 --:--:-- 6120k
2026-07-28T18:31:04.3520483Z 100  253M    0  253M    0     0  5883k      0 --:--:--  0:00:44 --:--:-- 6037k
2026-07-28T18:31:12.7314003Z ##[group]Run set -euo pipefail
2026-07-28T18:31:12.7314365Z [36;1mset -euo pipefail[0m
2026-07-28T18:31:12.7314667Z [36;1mlog_dir="${GITHUB_WORKSPACE}/build-logs/${BUILD_ID}"[0m
2026-07-28T18:31:12.7314987Z [36;1m[0m
2026-07-28T18:31:12.7315261Z [36;1munset CCACHE_DIR CCACHE_BASEDIR CCACHE_COMPILERCHECK || true[0m
2026-07-28T18:31:12.7315623Z [36;1mexport CCACHE_DISABLE=1[0m
2026-07-28T18:31:12.7315853Z [36;1m[0m
2026-07-28T18:31:12.7316039Z [36;1mmake -C "${SOURCE_ROOT}" \[0m
2026-07-28T18:31:12.7316283Z [36;1m  O="${OUT_DIR}" \[0m
2026-07-28T18:31:12.7316510Z [36;1m  ARCH="${KBUILD_ARCH}" \[0m
2026-07-28T18:31:12.7316777Z [36;1m  CROSS_COMPILE="${CROSS_COMPILE}" \[0m
2026-07-28T18:31:12.7317256Z [36;1m  mrproper[0m
2026-07-28T18:31:12.7317449Z [36;1m[0m
2026-07-28T18:31:12.7317637Z [36;1mmake -C "${SOURCE_ROOT}" \[0m
2026-07-28T18:31:12.7317884Z [36;1m  O="${OUT_DIR}" \[0m
2026-07-28T18:31:12.7318111Z [36;1m  ARCH="${KBUILD_ARCH}" \[0m
2026-07-28T18:31:12.7319296Z [36;1m  CROSS_COMPILE="${CROSS_COMPILE}" \[0m
2026-07-28T18:31:12.7319616Z [36;1m  "${CONFIG_TARGET}"[0m
2026-07-28T18:31:12.7319857Z [36;1m[0m
2026-07-28T18:31:12.7320046Z [36;1madjustments="none"[0m
2026-07-28T18:31:12.7320312Z [36;1mif [ "${PROFILE}" = "allmodconfig" ]; then[0m
2026-07-28T18:31:12.7320697Z [36;1m  # Keep allmodconfig broad while avoiding warning-only and Rust[0m
2026-07-28T18:31:12.7321169Z [36;1m  # cross-toolchain failures that do not measure C kernel coverage.[0m
2026-07-28T18:31:12.7321672Z [36;1m  "${SOURCE_ROOT}/scripts/config" --file "${OUT_DIR}/.config" --disable WERROR[0m
2026-07-28T18:31:12.7322186Z [36;1m  "${SOURCE_ROOT}/scripts/config" --file "${OUT_DIR}/.config" --disable RUST[0m
2026-07-28T18:31:12.7322618Z [36;1m  adjustments="CONFIG_WERROR=n,CONFIG_RUST=n"[0m
2026-07-28T18:31:12.7322896Z [36;1mfi[0m
2026-07-28T18:31:12.7323070Z [36;1m[0m
2026-07-28T18:31:12.7323254Z [36;1mmake -C "${SOURCE_ROOT}" \[0m
2026-07-28T18:31:12.7323522Z [36;1m  O="${OUT_DIR}" \[0m
2026-07-28T18:31:12.7323750Z [36;1m  ARCH="${KBUILD_ARCH}" \[0m
2026-07-28T18:31:12.7324010Z [36;1m  CROSS_COMPILE="${CROSS_COMPILE}" \[0m
2026-07-28T18:31:12.7324285Z [36;1m  olddefconfig[0m
2026-07-28T18:31:12.7324485Z [36;1m[0m
2026-07-28T18:31:12.7324664Z [36;1mcase "${ARCHITECTURE}" in[0m
2026-07-28T18:31:12.7324905Z [36;1m  x86_64|arm64|riscv64)[0m
2026-07-28T18:31:12.7325183Z [36;1m    grep -qx 'CONFIG_64BIT=y' "${OUT_DIR}/.config"[0m
2026-07-28T18:31:12.7325475Z [36;1m    ;;[0m
2026-07-28T18:31:12.7325660Z [36;1m  i686|armv7)[0m
2026-07-28T18:31:12.7325931Z [36;1m    if grep -qx 'CONFIG_64BIT=y' "${OUT_DIR}/.config"; then[0m
2026-07-28T18:31:12.7326408Z [36;1m      echo "::error::${ARCHITECTURE}/${PROFILE} unexpectedly selected CONFIG_64BIT=y."[0m
2026-07-28T18:31:12.7326832Z [36;1m      exit 1[0m
2026-07-28T18:31:12.7327027Z [36;1m    fi[0m
2026-07-28T18:31:12.7327204Z [36;1m    ;;[0m
2026-07-28T18:31:12.7327379Z [36;1mesac[0m
2026-07-28T18:31:12.7327564Z [36;1m[0m
2026-07-28T18:31:12.7327777Z [36;1mif [ "${PROFILE}" = "allmodconfig" ]; then[0m
2026-07-28T18:31:12.7328148Z [36;1m  grep -qx '# CONFIG_WERROR is not set' "${OUT_DIR}/.config"[0m
2026-07-28T18:31:12.7328859Z [36;1m  grep -qx '# CONFIG_RUST is not set' "${OUT_DIR}/.config"[0m
2026-07-28T18:31:12.7329230Z [36;1m  grep -qx 'CONFIG_MODULES=y' "${OUT_DIR}/.config"[0m
2026-07-28T18:31:12.7329523Z [36;1mfi[0m
2026-07-28T18:31:12.7329696Z [36;1m[0m
2026-07-28T18:31:12.7330002Z [36;1mconfigured_module_symbols="$(grep -c '=m$' "${OUT_DIR}/.config" || true)"[0m
2026-07-28T18:31:12.7330553Z [36;1mecho "configured_module_symbols=${configured_module_symbols}" >> "${GITHUB_OUTPUT}"[0m
2026-07-28T18:31:12.7331073Z [36;1mecho "config_adjustments=${adjustments}" >> "${GITHUB_OUTPUT}"[0m
2026-07-28T18:31:12.7331413Z [36;1m[0m
2026-07-28T18:31:12.7331643Z [36;1mcp "${OUT_DIR}/.config" "${log_dir}/kernel.config"[0m
2026-07-28T18:31:12.7331934Z [36;1m{[0m
2026-07-28T18:31:12.7332348Z [36;1m  echo "Profile: ${PROFILE}"[0m
2026-07-28T18:31:12.7332678Z [36;1m  echo "Configuration target: ${CONFIG_TARGET}"[0m
2026-07-28T18:31:12.7333009Z [36;1m  echo "CI adjustments: ${adjustments}"[0m
2026-07-28T18:31:12.7333393Z [36;1m  echo "Configured module symbols: ${configured_module_symbols}"[0m
2026-07-28T18:31:12.7333818Z [36;1m} | tee "${log_dir}/configuration-summary.txt"[0m
2026-07-28T18:31:12.7334111Z [36;1m[0m
2026-07-28T18:31:12.7334304Z [36;1mmake -s -C "${SOURCE_ROOT}" \[0m
2026-07-28T18:31:12.7334556Z [36;1m  O="${OUT_DIR}" \[0m
2026-07-28T18:31:12.7334783Z [36;1m  ARCH="${KBUILD_ARCH}" \[0m
2026-07-28T18:31:12.7335050Z [36;1m  CROSS_COMPILE="${CROSS_COMPILE}" \[0m
2026-07-28T18:31:12.7335477Z [36;1m  kernelrelease \[0m
2026-07-28T18:31:12.7335757Z [36;1m  | tee "${log_dir}/configured-kernel-release.txt"[0m
2026-07-28T18:31:12.7382592Z shell: /usr/bin/bash --noprofile --norc -e -o pipefail {0}
2026-07-28T18:31:12.7382927Z env:
2026-07-28T18:31:12.7383135Z   SOURCE_BRANCH: rolling-linux-sync
2026-07-28T18:31:12.7383390Z   CCACHE_DISABLE: 1
2026-07-28T18:31:12.7383592Z   ARCHITECTURE: riscv64
2026-07-28T18:31:12.7383803Z   PROFILE: allmodconfig
2026-07-28T18:31:12.7384027Z   KBUILD_ARCH: riscv
2026-07-28T18:31:12.7384237Z   CONFIG_TARGET: allmodconfig
2026-07-28T18:31:12.7384477Z   CROSS_COMPILE: riscv64-linux-gnu-
2026-07-28T18:31:12.7384745Z   TOOLCHAIN_PACKAGES: gcc-riscv64-linux-gnu
2026-07-28T18:31:12.7385017Z   IMAGE_TARGET: Image
2026-07-28T18:31:12.7385235Z   IMAGE_PATH: arch/riscv/boot/Image
2026-07-28T18:31:12.7385475Z   EXPECTED_ELF_CLASS: ELF64
2026-07-28T18:31:12.7385699Z   EXPECTED_ELF_MACHINE: RISC-V
2026-07-28T18:31:12.7385959Z   SOURCE_SHA: 62cc90241548d5570ee68e01aaba6506964e9811
2026-07-28T18:31:12.7386258Z   SOURCE_SHORT_SHA: 62cc90241548
2026-07-28T18:31:12.7386499Z   BUILD_ID: riscv64-allmodconfig
2026-07-28T18:31:12.7386847Z   SOURCE_ROOT: /home/runner/work/_temp/zigux-riscv64-allmodconfig-source
2026-07-28T18:31:12.7387304Z   OUT_DIR: /home/runner/work/Zigux/Zigux/out-riscv64-allmodconfig
2026-07-28T18:31:12.7387635Z ##[endgroup]
2026-07-28T18:31:12.8204585Z make: Entering directory '/home/runner/work/_temp/zigux-riscv64-allmodconfig-source'
2026-07-28T18:31:12.8239617Z make[1]: Entering directory '/home/runner/work/Zigux/Zigux/out-riscv64-allmodconfig'
2026-07-28T18:31:16.1919137Z make[1]: Leaving directory '/home/runner/work/Zigux/Zigux/out-riscv64-allmodconfig'
2026-07-28T18:31:16.1920586Z make: Leaving directory '/home/runner/work/_temp/zigux-riscv64-allmodconfig-source'
2026-07-28T18:31:16.1936381Z make: Entering directory '/home/runner/work/_temp/zigux-riscv64-allmodconfig-source'
2026-07-28T18:31:16.1969217Z make[1]: Entering directory '/home/runner/work/Zigux/Zigux/out-riscv64-allmodconfig'
2026-07-28T18:31:16.4161970Z   UPD     Makefile
2026-07-28T18:31:16.4667141Z   HOSTCC  scripts/basic/fixdep
2026-07-28T18:31:16.7104266Z   HOSTCC  scripts/kconfig/conf.o
2026-07-28T18:31:16.9014670Z   HOSTCC  scripts/kconfig/confdata.o
2026-07-28T18:31:17.1487250Z   HOSTCC  scripts/kconfig/expr.o
2026-07-28T18:31:17.3723107Z   LEX     scripts/kconfig/lexer.lex.c
2026-07-28T18:31:17.5437671Z   YACC    scripts/kconfig/parser.tab.[ch]
2026-07-28T18:31:17.8502814Z   HOSTCC  scripts/kconfig/lexer.lex.o
2026-07-28T18:31:18.1200304Z   HOSTCC  scripts/kconfig/menu.o
2026-07-28T18:31:18.2973802Z   HOSTCC  scripts/kconfig/parser.tab.o
2026-07-28T18:31:18.5337801Z   HOSTCC  scripts/kconfig/preprocess.o
2026-07-28T18:31:18.6567623Z   HOSTCC  scripts/kconfig/symbol.o
2026-07-28T18:31:18.9509119Z   HOSTCC  scripts/kconfig/util.o
2026-07-28T18:31:19.0040678Z   HOSTLD  scripts/kconfig/conf
2026-07-28T18:31:20.9564826Z #
2026-07-28T18:31:20.9565217Z # configuration written to .config
2026-07-28T18:31:20.9565670Z #
2026-07-28T18:31:20.9589124Z make[1]: Leaving directory '/home/runner/work/Zigux/Zigux/out-riscv64-allmodconfig'
2026-07-28T18:31:20.9591263Z make: Leaving directory '/home/runner/work/_temp/zigux-riscv64-allmodconfig-source'
2026-07-28T18:31:20.9837341Z make: Entering directory '/home/runner/work/_temp/zigux-riscv64-allmodconfig-source'
2026-07-28T18:31:20.9869481Z make[1]: Entering directory '/home/runner/work/Zigux/Zigux/out-riscv64-allmodconfig'
2026-07-28T18:31:22.6437723Z #
2026-07-28T18:31:22.6438227Z # configuration written to .config
2026-07-28T18:31:22.6441178Z #
2026-07-28T18:31:22.6467389Z make[1]: Leaving directory '/home/runner/work/Zigux/Zigux/out-riscv64-allmodconfig'
2026-07-28T18:31:22.6470208Z make: Leaving directory '/home/runner/work/_temp/zigux-riscv64-allmodconfig-source'
2026-07-28T18:31:22.6530229Z ##[error]Process completed with exit code 1.
2026-07-28T18:31:22.6651788Z ##[group]Run actions/upload-artifact@v7
2026-07-28T18:31:22.6652094Z with:
2026-07-28T18:31:22.6652594Z   name: zigux-linux-riscv64-allmodconfig-cold-build-logs-30387081032
2026-07-28T18:31:22.6653015Z   path: build-logs/riscv64-allmodconfig/
2026-07-28T18:31:22.6653284Z   if-no-files-found: warn
2026-07-28T18:31:22.6653505Z   retention-days: 8
2026-07-28T18:31:22.6653708Z   compression-level: 6
2026-07-28T18:31:22.6653916Z   overwrite: false
2026-07-28T18:31:22.6654121Z   include-hidden-files: false
2026-07-28T18:31:22.6654349Z   archive: true
2026-07-28T18:31:22.6654554Z env:
2026-07-28T18:31:22.6654742Z   SOURCE_BRANCH: rolling-linux-sync
2026-07-28T18:31:22.6654989Z   CCACHE_DISABLE: 1
2026-07-28T18:31:22.6655180Z   ARCHITECTURE: riscv64
2026-07-28T18:31:22.6655385Z   PROFILE: allmodconfig
2026-07-28T18:31:22.6655582Z   KBUILD_ARCH: riscv
2026-07-28T18:31:22.6655779Z   CONFIG_TARGET: allmodconfig
2026-07-28T18:31:22.6656009Z   CROSS_COMPILE: riscv64-linux-gnu-
2026-07-28T18:31:22.6656306Z   TOOLCHAIN_PACKAGES: gcc-riscv64-linux-gnu
2026-07-28T18:31:22.6656576Z   IMAGE_TARGET: Image
2026-07-28T18:31:22.6656785Z   IMAGE_PATH: arch/riscv/boot/Image
2026-07-28T18:31:22.6657026Z   EXPECTED_ELF_CLASS: ELF64
2026-07-28T18:31:22.6657252Z   EXPECTED_ELF_MACHINE: RISC-V
2026-07-28T18:31:22.6657517Z   SOURCE_SHA: 62cc90241548d5570ee68e01aaba6506964e9811
2026-07-28T18:31:22.6657809Z   SOURCE_SHORT_SHA: 62cc90241548
2026-07-28T18:31:22.6658053Z   BUILD_ID: riscv64-allmodconfig
2026-07-28T18:31:22.6658696Z   SOURCE_ROOT: /home/runner/work/_temp/zigux-riscv64-allmodconfig-source
2026-07-28T18:31:22.6659161Z   OUT_DIR: /home/runner/work/Zigux/Zigux/out-riscv64-allmodconfig
2026-07-28T18:31:22.6659482Z ##[endgroup]
2026-07-28T18:31:22.8123545Z With the provided path, there will be 2 files uploaded
2026-07-28T18:31:22.8139184Z Artifact name is valid!
2026-07-28T18:31:22.8139926Z Root directory input is valid!
2026-07-28T18:31:23.1486635Z Uploading artifact: zigux-linux-riscv64-allmodconfig-cold-build-logs-30387081032.zip
2026-07-28T18:31:23.1532532Z Beginning upload of artifact content to blob storage
2026-07-28T18:31:23.4536813Z Uploaded bytes 967
2026-07-28T18:31:23.5231472Z Finished uploading artifact content to blob storage!
2026-07-28T18:31:23.5232523Z SHA256 digest of uploaded artifact is 4213fd60b6ef26f039ef49c2d81c96254da22c1cc88a2ce33255ab53a97dd0bb
2026-07-28T18:31:23.5233493Z Finalizing artifact upload
2026-07-28T18:31:23.9096680Z Artifact zigux-linux-riscv64-allmodconfig-cold-build-logs-30387081032 successfully finalized. Artifact ID 8699652003
2026-07-28T18:31:23.9098791Z Artifact zigux-linux-riscv64-allmodconfig-cold-build-logs-30387081032 has been successfully uploaded! Final size is 967 bytes. Artifact ID is 8699652003
2026-07-28T18:31:23.9102143Z Artifact download URL: https://github.com/adybag14-cyber/Zigux/actions/runs/30387081032/artifacts/8699652003
2026-07-28T18:31:23.9291577Z Cleaning up orphan processes
