2026-07-28T18:29:59.2397332Z Current runner version: '2.336.0'
2026-07-28T18:29:59.2421172Z ##[group]Runner Image Provisioner
2026-07-28T18:29:59.2422095Z Hosted Compute Agent
2026-07-28T18:29:59.2422732Z Version: 20260707.563
2026-07-28T18:29:59.2423374Z Commit: 02667638d2b423fbc733a8e32a88b44996a3ba6e
2026-07-28T18:29:59.2424138Z Build Date: 2026-07-07T19:33:50Z
2026-07-28T18:29:59.2425080Z Worker ID: {d43c7d86-0800-4528-bffb-279fd1c9ef3d}
2026-07-28T18:29:59.2425946Z Azure Region: eastus
2026-07-28T18:29:59.2426600Z ##[endgroup]
2026-07-28T18:29:59.2428098Z ##[group]Operating System
2026-07-28T18:29:59.2428822Z Ubuntu
2026-07-28T18:29:59.2429350Z 24.04.4
2026-07-28T18:29:59.2429839Z LTS
2026-07-28T18:29:59.2430445Z ##[endgroup]
2026-07-28T18:29:59.2431053Z ##[group]Runner Image
2026-07-28T18:29:59.2431754Z Image: ubuntu-24.04
2026-07-28T18:29:59.2432339Z Version: 20260720.247.2
2026-07-28T18:29:59.2433673Z Included Software: https://github.com/actions/runner-images/blob/ubuntu24/20260720.247/images/ubuntu/Ubuntu2404-Readme.md
2026-07-28T18:29:59.2435441Z Image Release: https://github.com/actions/runner-images/releases/tag/ubuntu24%2F20260720.247
2026-07-28T18:29:59.2436476Z ##[endgroup]
2026-07-28T18:29:59.2437544Z ##[group]GITHUB_TOKEN Permissions
2026-07-28T18:29:59.2439476Z Contents: read
2026-07-28T18:29:59.2440124Z Metadata: read
2026-07-28T18:29:59.2440682Z ##[endgroup]
2026-07-28T18:29:59.2443047Z Secret source: Actions
2026-07-28T18:29:59.2444341Z Prepare workflow directory
2026-07-28T18:29:59.2955919Z Prepare all required actions
2026-07-28T18:29:59.3003798Z Getting action download info
2026-07-28T18:29:59.4909914Z Download action repository 'actions/upload-artifact@v7' (SHA:043fb46d1a93c77aae656e7c1c64a875d1fc6a0a)
2026-07-28T18:29:59.7642030Z Complete job name: Cold-build armv7 / allmodconfig
2026-07-28T18:29:59.8366354Z ##[group]Run set -euo pipefail
2026-07-28T18:29:59.8367001Z [36;1mset -euo pipefail[0m
2026-07-28T18:29:59.8367571Z [36;1mbuild_id="${ARCHITECTURE}-${PROFILE}"[0m
2026-07-28T18:29:59.8368285Z [36;1mlog_dir="${GITHUB_WORKSPACE}/build-logs/${build_id}"[0m
2026-07-28T18:29:59.8369114Z [36;1mmkdir -p "${log_dir}" "${GITHUB_WORKSPACE}/artifacts/${build_id}"[0m
2026-07-28T18:29:59.8369815Z [36;1m[0m
2026-07-28T18:29:59.8370203Z [36;1m{[0m
2026-07-28T18:29:59.8370616Z [36;1m  echo "Cold build: true"[0m
2026-07-28T18:29:59.8371154Z [36;1m  echo "Cache restore: disabled"[0m
2026-07-28T18:29:59.8371750Z [36;1m  echo "Source branch: ${SOURCE_BRANCH}"[0m
2026-07-28T18:29:59.8372369Z [36;1m  echo "Source commit: ${SOURCE_SHA}"[0m
2026-07-28T18:29:59.8373005Z [36;1m  echo "Architecture label: ${ARCHITECTURE}"[0m
2026-07-28T18:29:59.8373624Z [36;1m  echo "Build profile: ${PROFILE}"[0m
2026-07-28T18:29:59.8374213Z [36;1m  echo "Kbuild ARCH: ${KBUILD_ARCH}"[0m
2026-07-28T18:29:59.8375057Z [36;1m  echo "Configuration target: ${CONFIG_TARGET}"[0m
2026-07-28T18:29:59.8375791Z [36;1m  echo "Cross compiler prefix: ${CROSS_COMPILE:-native}"[0m
2026-07-28T18:29:59.8376493Z [36;1m  echo "Image target: ${IMAGE_TARGET}"[0m
2026-07-28T18:29:59.8377103Z [36;1m  echo "Image path: ${IMAGE_PATH}"[0m
2026-07-28T18:29:59.8377679Z [36;1m  echo "Runner: ${RUNNER_NAME}"[0m
2026-07-28T18:29:59.8378241Z [36;1m  echo "Runner OS: ${RUNNER_OS}"[0m
2026-07-28T18:29:59.8378844Z [36;1m  echo "Runner architecture: ${RUNNER_ARCH}"[0m
2026-07-28T18:29:59.8379536Z [36;1m  echo "Started UTC: $(date -u --iso-8601=seconds)"[0m
2026-07-28T18:29:59.8380164Z [36;1m  echo[0m
2026-07-28T18:29:59.8380579Z [36;1m  df -h[0m
2026-07-28T18:29:59.8380996Z [36;1m  echo[0m
2026-07-28T18:29:59.8381409Z [36;1m  free -h[0m
2026-07-28T18:29:59.8381835Z [36;1m  echo[0m
2026-07-28T18:29:59.8382262Z [36;1m  nproc[0m
2026-07-28T18:29:59.8382734Z [36;1m} | tee "${log_dir}/runner-baseline.txt"[0m
2026-07-28T18:29:59.8431619Z shell: /usr/bin/bash --noprofile --norc -e -o pipefail {0}
2026-07-28T18:29:59.8432623Z env:
2026-07-28T18:29:59.8433061Z   SOURCE_BRANCH: rolling-linux-sync
2026-07-28T18:29:59.8433675Z   CCACHE_DISABLE: 1
2026-07-28T18:29:59.8434369Z   ARCHITECTURE: armv7
2026-07-28T18:29:59.8435150Z   PROFILE: allmodconfig
2026-07-28T18:29:59.8435749Z   KBUILD_ARCH: arm
2026-07-28T18:29:59.8436205Z   CONFIG_TARGET: allmodconfig
2026-07-28T18:29:59.8436726Z   CROSS_COMPILE: arm-linux-gnueabihf-
2026-07-28T18:29:59.8437314Z   TOOLCHAIN_PACKAGES: gcc-arm-linux-gnueabihf
2026-07-28T18:29:59.8437893Z   IMAGE_TARGET: zImage
2026-07-28T18:29:59.8438353Z   IMAGE_PATH: arch/arm/boot/zImage
2026-07-28T18:29:59.8438874Z   EXPECTED_ELF_CLASS: ELF32
2026-07-28T18:29:59.8439361Z   EXPECTED_ELF_MACHINE: ARM
2026-07-28T18:29:59.8439908Z   SOURCE_SHA: 62cc90241548d5570ee68e01aaba6506964e9811
2026-07-28T18:29:59.8440531Z   SOURCE_SHORT_SHA: 62cc90241548
2026-07-28T18:29:59.8441017Z ##[endgroup]
2026-07-28T18:29:59.8602095Z Cold build: true
2026-07-28T18:29:59.8602707Z Cache restore: disabled
2026-07-28T18:29:59.8603219Z Source branch: rolling-linux-sync
2026-07-28T18:29:59.8603835Z Source commit: 62cc90241548d5570ee68e01aaba6506964e9811
2026-07-28T18:29:59.8604473Z Architecture label: armv7
2026-07-28T18:29:59.8605289Z Build profile: allmodconfig
2026-07-28T18:29:59.8605813Z Kbuild ARCH: arm
2026-07-28T18:29:59.8606511Z Configuration target: allmodconfig
2026-07-28T18:29:59.8607584Z Cross compiler prefix: arm-linux-gnueabihf-
2026-07-28T18:29:59.8608608Z Image target: zImage
2026-07-28T18:29:59.8609403Z Image path: arch/arm/boot/zImage
2026-07-28T18:29:59.8610289Z Runner: GitHub Actions 1000158372
2026-07-28T18:29:59.8611181Z Runner OS: Linux
2026-07-28T18:29:59.8611940Z Runner architecture: X64
2026-07-28T18:29:59.8612780Z Started UTC: 2026-07-28T18:29:59+00:00
2026-07-28T18:29:59.8613362Z 
2026-07-28T18:29:59.8702092Z Filesystem      Size  Used Avail Use% Mounted on
2026-07-28T18:29:59.8703302Z /dev/root       145G   58G   88G  40% /
2026-07-28T18:29:59.8703966Z tmpfs           7.9G   84K  7.9G   1% /dev/shm
2026-07-28T18:29:59.8704744Z tmpfs           3.2G 1020K  3.2G   1% /run
2026-07-28T18:29:59.8705764Z tmpfs           5.0M     0  5.0M   0% /run/lock
2026-07-28T18:29:59.8706456Z efivarfs        128M   32K  128M   1% /sys/firmware/efi/efivars
2026-07-28T18:29:59.8707112Z /dev/sda16      881M   64M  756M   8% /boot
2026-07-28T18:29:59.8707696Z /dev/sda15      105M  6.2M   99M   6% /boot/efi
2026-07-28T18:29:59.8708309Z tmpfs           1.6G   12K  1.6G   1% /run/user/1001
2026-07-28T18:29:59.8708698Z 
2026-07-28T18:29:59.8719620Z                total        used        free      shared  buff/cache   available
2026-07-28T18:29:59.8720655Z Mem:            15Gi       1.3Gi        12Gi        38Mi       2.4Gi        14Gi
2026-07-28T18:29:59.8721651Z Swap:          3.0Gi          0B       3.0Gi
2026-07-28T18:29:59.8722268Z 
2026-07-28T18:29:59.8736668Z 4
2026-07-28T18:29:59.8841756Z ##[group]Run set -euo pipefail
2026-07-28T18:29:59.8842364Z [36;1mset -euo pipefail[0m
2026-07-28T18:29:59.8842913Z [36;1mbuild_id="${ARCHITECTURE}-${PROFILE}"[0m
2026-07-28T18:29:59.8843600Z [36;1mlog_dir="${GITHUB_WORKSPACE}/build-logs/${build_id}"[0m
2026-07-28T18:29:59.8844236Z [36;1m[0m
2026-07-28T18:29:59.8844645Z [36;1msudo apt-get update[0m
2026-07-28T18:29:59.8845754Z [36;1msudo DEBIAN_FRONTEND=noninteractive apt-get install -y --no-install-recommends \[0m
2026-07-28T18:29:59.8846581Z [36;1m  bc \[0m
2026-07-28T18:29:59.8846993Z [36;1m  binutils \[0m
2026-07-28T18:29:59.8847444Z [36;1m  bison \[0m
2026-07-28T18:29:59.8847886Z [36;1m  build-essential \[0m
2026-07-28T18:29:59.8848364Z [36;1m  cpio \[0m
2026-07-28T18:29:59.8848774Z [36;1m  dwarves \[0m
2026-07-28T18:29:59.8849203Z [36;1m  file \[0m
2026-07-28T18:29:59.8849611Z [36;1m  flex \[0m
2026-07-28T18:29:59.8850018Z [36;1m  kmod \[0m
2026-07-28T18:29:59.8850432Z [36;1m  libelf-dev \[0m
2026-07-28T18:29:59.8850911Z [36;1m  libssl-dev \[0m
2026-07-28T18:29:59.8851366Z [36;1m  perl \[0m
2026-07-28T18:29:59.8851789Z [36;1m  pkg-config \[0m
2026-07-28T18:29:59.8852240Z [36;1m  python3 \[0m
2026-07-28T18:29:59.8852676Z [36;1m  rsync \[0m
2026-07-28T18:29:59.8853165Z [36;1m  xz-utils \[0m
2026-07-28T18:29:59.8853819Z [36;1m  zstd \[0m
2026-07-28T18:29:59.8854258Z [36;1m  ${TOOLCHAIN_PACKAGES}[0m
2026-07-28T18:29:59.8854749Z [36;1m[0m
2026-07-28T18:29:59.8855388Z [36;1mcompiler="${CROSS_COMPILE}gcc"[0m
2026-07-28T18:29:59.8855949Z [36;1mlinker="${CROSS_COMPILE}ld"[0m
2026-07-28T18:29:59.8856491Z [36;1mcommand -v "${compiler}"[0m
2026-07-28T18:29:59.8857009Z [36;1mcommand -v "${linker}"[0m
2026-07-28T18:29:59.8857484Z [36;1m[0m
2026-07-28T18:29:59.8857869Z [36;1m{[0m
2026-07-28T18:29:59.8858310Z [36;1m  "${compiler}" --version | head -n 1[0m
2026-07-28T18:29:59.8858904Z [36;1m  "${linker}" --version | head -n 1[0m
2026-07-28T18:29:59.8859472Z [36;1m  make --version | head -n 1[0m
2026-07-28T18:29:59.8860003Z [36;1m  pahole --version[0m
2026-07-28T18:29:59.8860547Z [36;1m} | tee "${log_dir}/toolchain-versions.txt"[0m
2026-07-28T18:29:59.8902872Z shell: /usr/bin/bash --noprofile --norc -e -o pipefail {0}
2026-07-28T18:29:59.8903525Z env:
2026-07-28T18:29:59.8903933Z   SOURCE_BRANCH: rolling-linux-sync
2026-07-28T18:29:59.8904458Z   CCACHE_DISABLE: 1
2026-07-28T18:29:59.8905182Z   ARCHITECTURE: armv7
2026-07-28T18:29:59.8905653Z   PROFILE: allmodconfig
2026-07-28T18:29:59.8906108Z   KBUILD_ARCH: arm
2026-07-28T18:29:59.8906543Z   CONFIG_TARGET: allmodconfig
2026-07-28T18:29:59.8907057Z   CROSS_COMPILE: arm-linux-gnueabihf-
2026-07-28T18:29:59.8907646Z   TOOLCHAIN_PACKAGES: gcc-arm-linux-gnueabihf
2026-07-28T18:29:59.8908221Z   IMAGE_TARGET: zImage
2026-07-28T18:29:59.8908687Z   IMAGE_PATH: arch/arm/boot/zImage
2026-07-28T18:29:59.8909197Z   EXPECTED_ELF_CLASS: ELF32
2026-07-28T18:29:59.8909675Z   EXPECTED_ELF_MACHINE: ARM
2026-07-28T18:29:59.8910228Z   SOURCE_SHA: 62cc90241548d5570ee68e01aaba6506964e9811
2026-07-28T18:29:59.8910836Z   SOURCE_SHORT_SHA: 62cc90241548
2026-07-28T18:29:59.8911316Z ##[endgroup]
2026-07-28T18:29:59.9862599Z Get:1 file:/etc/apt/apt-mirrors.txt Mirrorlist [144 B]
2026-07-28T18:30:00.0216575Z Hit:2 http://azure.archive.ubuntu.com/ubuntu noble InRelease
2026-07-28T18:30:00.0255841Z Get:3 http://azure.archive.ubuntu.com/ubuntu noble-updates InRelease [126 kB]
2026-07-28T18:30:00.0296322Z Get:4 http://azure.archive.ubuntu.com/ubuntu noble-backports InRelease [126 kB]
2026-07-28T18:30:00.0326929Z Get:5 http://azure.archive.ubuntu.com/ubuntu noble-security InRelease [126 kB]
2026-07-28T18:30:00.0389040Z Get:6 https://dl.google.com/linux/chrome-stable/deb stable InRelease [2548 B]
2026-07-28T18:30:00.0535943Z Hit:7 https://packages.microsoft.com/repos/azure-cli noble InRelease
2026-07-28T18:30:00.0566963Z Get:8 https://packages.microsoft.com/ubuntu/24.04/prod noble InRelease [3600 B]
2026-07-28T18:30:00.1385150Z Get:9 http://azure.archive.ubuntu.com/ubuntu noble-updates/main amd64 Packages [1153 kB]
2026-07-28T18:30:00.1543647Z Get:10 http://azure.archive.ubuntu.com/ubuntu noble-updates/main Translation-en [278 kB]
2026-07-28T18:30:00.1570377Z Get:11 http://azure.archive.ubuntu.com/ubuntu noble-updates/main amd64 Components [180 kB]
2026-07-28T18:30:00.1592587Z Get:12 http://azure.archive.ubuntu.com/ubuntu noble-updates/universe amd64 Packages [1679 kB]
2026-07-28T18:30:00.1679601Z Get:13 http://azure.archive.ubuntu.com/ubuntu noble-updates/universe Translation-en [334 kB]
2026-07-28T18:30:00.1706565Z Get:14 http://azure.archive.ubuntu.com/ubuntu noble-updates/universe amd64 Components [389 kB]
2026-07-28T18:30:00.1738636Z Get:15 http://azure.archive.ubuntu.com/ubuntu noble-updates/restricted amd64 Packages [1367 kB]
2026-07-28T18:30:00.1836315Z Get:16 http://azure.archive.ubuntu.com/ubuntu noble-updates/restricted Translation-en [308 kB]
2026-07-28T18:30:00.1841280Z Get:17 http://azure.archive.ubuntu.com/ubuntu noble-updates/multiverse amd64 Packages [45.4 kB]
2026-07-28T18:30:00.1856113Z Get:18 http://azure.archive.ubuntu.com/ubuntu noble-updates/multiverse Translation-en [12.3 kB]
2026-07-28T18:30:00.2300456Z Get:19 http://azure.archive.ubuntu.com/ubuntu noble-updates/multiverse amd64 Components [940 B]
2026-07-28T18:30:00.2316399Z Get:20 http://azure.archive.ubuntu.com/ubuntu noble-backports/main amd64 Components [5760 B]
2026-07-28T18:30:00.2339874Z Get:21 http://azure.archive.ubuntu.com/ubuntu noble-backports/universe amd64 Packages [32.5 kB]
2026-07-28T18:30:00.2359804Z Get:22 http://azure.archive.ubuntu.com/ubuntu noble-backports/universe amd64 Components [12.6 kB]
2026-07-28T18:30:00.2688345Z Get:23 http://azure.archive.ubuntu.com/ubuntu noble-security/main amd64 Packages [898 kB]
2026-07-28T18:30:00.2760989Z Get:24 http://azure.archive.ubuntu.com/ubuntu noble-security/main Translation-en [198 kB]
2026-07-28T18:30:00.2791159Z Get:25 http://azure.archive.ubuntu.com/ubuntu noble-security/main amd64 Components [46.3 kB]
2026-07-28T18:30:00.2815606Z Get:26 http://azure.archive.ubuntu.com/ubuntu noble-security/universe amd64 Packages [1199 kB]
2026-07-28T18:30:00.3033372Z Get:27 http://azure.archive.ubuntu.com/ubuntu noble-security/universe Translation-en [239 kB]
2026-07-28T18:30:00.3046383Z Get:28 http://azure.archive.ubuntu.com/ubuntu noble-security/universe amd64 Components [76.2 kB]
2026-07-28T18:30:00.3097398Z Get:29 http://azure.archive.ubuntu.com/ubuntu noble-security/restricted amd64 Packages [1273 kB]
2026-07-28T18:30:00.3182362Z Get:30 http://azure.archive.ubuntu.com/ubuntu noble-security/restricted Translation-en [290 kB]
2026-07-28T18:30:00.3206863Z Get:31 http://azure.archive.ubuntu.com/ubuntu noble-security/multiverse amd64 Packages [40.3 kB]
2026-07-28T18:30:00.3216643Z Get:32 http://azure.archive.ubuntu.com/ubuntu noble-security/multiverse Translation-en [10.6 kB]
2026-07-28T18:30:00.4006007Z Get:33 https://dl.google.com/linux/chrome-stable/deb stable/main amd64 Packages [1424 B]
2026-07-28T18:30:00.4573520Z Get:34 https://packages.microsoft.com/ubuntu/24.04/prod noble/main armhf Packages [11.7 kB]
2026-07-28T18:30:00.4596635Z Get:35 https://packages.microsoft.com/ubuntu/24.04/prod noble/main arm64 Packages [218 kB]
2026-07-28T18:30:00.4653676Z Get:36 https://packages.microsoft.com/ubuntu/24.04/prod noble/main amd64 Packages [252 kB]
2026-07-28T18:30:04.0842651Z Fetched 10.9 MB in 1s (8774 kB/s)
2026-07-28T18:30:04.7445285Z Reading package lists...
2026-07-28T18:30:04.7747535Z Reading package lists...
2026-07-28T18:30:04.9087136Z Building dependency tree...
2026-07-28T18:30:04.9093328Z Reading state information...
2026-07-28T18:30:05.0346270Z bc is already the newest version (1.07.1-3ubuntu4).
2026-07-28T18:30:05.0347163Z bc set to manually installed.
2026-07-28T18:30:05.0347905Z binutils is already the newest version (2.42-4ubuntu2.10).
2026-07-28T18:30:05.0348770Z bison is already the newest version (2:3.8.2+dfsg-1build2).
2026-07-28T18:30:05.0349631Z cpio is already the newest version (2.15+dfsg-1ubuntu2).
2026-07-28T18:30:05.0350909Z cpio set to manually installed.
2026-07-28T18:30:05.0351606Z file is already the newest version (1:5.45-3build1).
2026-07-28T18:30:05.0352395Z flex is already the newest version (2.6.4-8.2build1).
2026-07-28T18:30:05.0353256Z kmod is already the newest version (31+20240202-2ubuntu7.2).
2026-07-28T18:30:05.0354050Z kmod set to manually installed.
2026-07-28T18:30:05.0354799Z libssl-dev is already the newest version (3.0.13-0ubuntu3.11).
2026-07-28T18:30:05.0355955Z perl is already the newest version (5.38.2-3.2ubuntu0.3).
2026-07-28T18:30:05.0356657Z perl set to manually installed.
2026-07-28T18:30:05.0357327Z pkg-config is already the newest version (1.8.1-2build1).
2026-07-28T18:30:05.0358083Z python3 is already the newest version (3.12.3-0ubuntu2.1).
2026-07-28T18:30:05.0358835Z rsync is already the newest version (3.2.7-1ubuntu1.5).
2026-07-28T18:30:05.0359570Z xz-utils is already the newest version (5.6.1+really5.4.5-1ubuntu0.3).
2026-07-28T18:30:05.0360233Z zstd is already the newest version (1.5.5+dfsg2-2build1.1).
2026-07-28T18:30:05.0360619Z zstd set to manually installed.
2026-07-28T18:30:05.0360968Z The following additional packages will be installed:
2026-07-28T18:30:05.0361419Z   binutils-arm-linux-gnueabihf cpp-13-arm-linux-gnueabihf
2026-07-28T18:30:05.0361990Z   cpp-arm-linux-gnueabihf gcc-13-arm-linux-gnueabihf
2026-07-28T18:30:05.0362926Z   gcc-13-arm-linux-gnueabihf-base gcc-13-cross-base gcc-14-cross-base
2026-07-28T18:30:05.0363487Z   libasan8-armhf-cross libatomic1-armhf-cross libc6-armhf-cross
2026-07-28T18:30:05.0364044Z   libgcc-13-dev-armhf-cross libgcc-s1-armhf-cross libgomp1-armhf-cross
2026-07-28T18:30:05.0364727Z   libstdc++6-armhf-cross libubsan1-armhf-cross pahole
2026-07-28T18:30:05.0365393Z Suggested packages:
2026-07-28T18:30:05.0365780Z   binutils-doc gcc-13-locales cpp-13-doc cpp-doc gcc-13-doc manpages-dev
2026-07-28T18:30:05.0366232Z   gdb-arm-linux-gnueabihf gcc-doc
2026-07-28T18:30:05.0366539Z Recommended packages:
2026-07-28T18:30:05.0366967Z   libc6-dev-armhf-cross libc6-dev-armhf-cross | libc-dev-armhf-cross
2026-07-28T18:30:05.0612289Z The following NEW packages will be installed:
2026-07-28T18:30:05.0613310Z   binutils-arm-linux-gnueabihf build-essential cpp-13-arm-linux-gnueabihf
2026-07-28T18:30:05.0614344Z   cpp-arm-linux-gnueabihf dwarves gcc-13-arm-linux-gnueabihf
2026-07-28T18:30:05.0615559Z   gcc-13-arm-linux-gnueabihf-base gcc-13-cross-base gcc-14-cross-base
2026-07-28T18:30:05.0616575Z   gcc-arm-linux-gnueabihf libasan8-armhf-cross libatomic1-armhf-cross
2026-07-28T18:30:05.0617644Z   libc6-armhf-cross libelf-dev libgcc-13-dev-armhf-cross libgcc-s1-armhf-cross
2026-07-28T18:30:05.0619361Z   libgomp1-armhf-cross libstdc++6-armhf-cross libubsan1-armhf-cross pahole
2026-07-28T18:30:05.0785257Z 0 upgraded, 20 newly installed, 0 to remove and 73 not upgraded.
2026-07-28T18:30:05.0785972Z Need to get 40.9 MB of archives.
2026-07-28T18:30:05.0786377Z After this operation, 133 MB of additional disk space will be used.
2026-07-28T18:30:05.0787163Z Get:1 file:/etc/apt/apt-mirrors.txt Mirrorlist [144 B]
2026-07-28T18:30:05.1031317Z Get:2 http://azure.archive.ubuntu.com/ubuntu noble/main amd64 build-essential amd64 12.10ubuntu1 [4928 B]
2026-07-28T18:30:05.1119054Z Get:3 http://azure.archive.ubuntu.com/ubuntu noble-updates/main amd64 gcc-13-arm-linux-gnueabihf-base amd64 13.3.0-6ubuntu2~24.04.1cross1 [51.8 kB]
2026-07-28T18:30:05.1226219Z Get:4 http://azure.archive.ubuntu.com/ubuntu noble-updates/main amd64 cpp-13-arm-linux-gnueabihf amd64 13.3.0-6ubuntu2~24.04.1cross1 [10.2 MB]
2026-07-28T18:30:05.2571499Z Get:5 http://azure.archive.ubuntu.com/ubuntu noble/main amd64 cpp-arm-linux-gnueabihf amd64 4:13.2.0-7ubuntu1 [5324 B]
2026-07-28T18:30:05.2669056Z Get:6 http://azure.archive.ubuntu.com/ubuntu noble-updates/main amd64 binutils-arm-linux-gnueabihf amd64 2.42-4ubuntu2.10 [3552 kB]
2026-07-28T18:30:05.3545913Z Get:7 http://azure.archive.ubuntu.com/ubuntu noble-updates/main amd64 gcc-13-cross-base all 13.3.0-6ubuntu2~24.04.1cross1 [46.5 kB]
2026-07-28T18:30:05.3642317Z Get:8 http://azure.archive.ubuntu.com/ubuntu noble-updates/main amd64 gcc-14-cross-base all 14.2.0-4ubuntu2~24.04.1cross1 [46.1 kB]
2026-07-28T18:30:05.3727796Z Get:9 http://azure.archive.ubuntu.com/ubuntu noble/main amd64 libc6-armhf-cross all 2.39-0ubuntu8cross1 [1320 kB]
2026-07-28T18:30:05.4090911Z Get:10 http://azure.archive.ubuntu.com/ubuntu noble-updates/main amd64 libgcc-s1-armhf-cross all 14.2.0-4ubuntu2~24.04.1cross1 [41.6 kB]
2026-07-28T18:30:05.4182290Z Get:11 http://azure.archive.ubuntu.com/ubuntu noble-updates/main amd64 libgomp1-armhf-cross all 14.2.0-4ubuntu2~24.04.1cross1 [123 kB]
2026-07-28T18:30:05.4287821Z Get:12 http://azure.archive.ubuntu.com/ubuntu noble-updates/main amd64 libatomic1-armhf-cross all 14.2.0-4ubuntu2~24.04.1cross1 [7612 B]
2026-07-28T18:30:05.4377225Z Get:13 http://azure.archive.ubuntu.com/ubuntu noble-updates/main amd64 libasan8-armhf-cross all 14.2.0-4ubuntu2~24.04.1cross1 [2900 kB]
2026-07-28T18:30:05.5047881Z Get:14 http://azure.archive.ubuntu.com/ubuntu noble-updates/main amd64 libstdc++6-armhf-cross all 14.2.0-4ubuntu2~24.04.1cross1 [664 kB]
2026-07-28T18:30:05.5241562Z Get:15 http://azure.archive.ubuntu.com/ubuntu noble-updates/main amd64 libubsan1-armhf-cross all 14.2.0-4ubuntu2~24.04.1cross1 [1153 kB]
2026-07-28T18:30:05.5547197Z Get:16 http://azure.archive.ubuntu.com/ubuntu noble-updates/main amd64 libgcc-13-dev-armhf-cross all 13.3.0-6ubuntu2~24.04.1cross1 [899 kB]
2026-07-28T18:30:05.5720851Z Get:17 http://azure.archive.ubuntu.com/ubuntu noble-updates/main amd64 gcc-13-arm-linux-gnueabihf amd64 13.3.0-6ubuntu2~24.04.1cross1 [19.6 MB]
2026-07-28T18:30:05.6930989Z Get:18 http://azure.archive.ubuntu.com/ubuntu noble/main amd64 gcc-arm-linux-gnueabihf amd64 4:13.2.0-7ubuntu1 [1230 B]
2026-07-28T18:30:05.7452295Z Get:19 http://azure.archive.ubuntu.com/ubuntu noble-updates/main amd64 libelf-dev amd64 0.190-1.1ubuntu0.1 [68.5 kB]
2026-07-28T18:30:05.7535764Z Get:20 http://azure.archive.ubuntu.com/ubuntu noble/universe amd64 pahole amd64 1.25-0ubuntu3 [277 kB]
2026-07-28T18:30:05.7642214Z Get:21 http://azure.archive.ubuntu.com/ubuntu noble/universe amd64 dwarves all 1.25-0ubuntu3 [2186 B]
2026-07-28T18:30:06.1573896Z Fetched 40.9 MB in 1s (58.8 MB/s)
2026-07-28T18:30:06.1787046Z Selecting previously unselected package build-essential.
2026-07-28T18:30:06.2062336Z (Reading database ... 
2026-07-28T18:30:06.2062915Z (Reading database ... 5%
2026-07-28T18:30:06.2063400Z (Reading database ... 10%
2026-07-28T18:30:06.2063832Z (Reading database ... 15%
2026-07-28T18:30:06.2064135Z (Reading database ... 20%
2026-07-28T18:30:06.2064410Z (Reading database ... 25%
2026-07-28T18:30:06.2064680Z (Reading database ... 30%
2026-07-28T18:30:06.2065185Z (Reading database ... 35%
2026-07-28T18:30:06.2065459Z (Reading database ... 40%
2026-07-28T18:30:06.2065829Z (Reading database ... 45%
2026-07-28T18:30:06.2066176Z (Reading database ... 50%
2026-07-28T18:30:06.2131475Z (Reading database ... 55%
2026-07-28T18:30:06.3262785Z (Reading database ... 60%
2026-07-28T18:30:06.5336940Z (Reading database ... 65%
2026-07-28T18:30:06.6851653Z (Reading database ... 70%
2026-07-28T18:30:06.8342002Z (Reading database ... 75%
2026-07-28T18:30:06.9836433Z (Reading database ... 80%
2026-07-28T18:30:07.2020525Z (Reading database ... 85%
2026-07-28T18:30:07.3908046Z (Reading database ... 90%
2026-07-28T18:30:07.5403750Z (Reading database ... 95%
2026-07-28T18:30:07.5404367Z (Reading database ... 100%
2026-07-28T18:30:07.5405402Z (Reading database ... 202954 files and directories currently installed.)
2026-07-28T18:30:07.5444253Z Preparing to unpack .../00-build-essential_12.10ubuntu1_amd64.deb ...
2026-07-28T18:30:07.5475165Z Unpacking build-essential (12.10ubuntu1) ...
2026-07-28T18:30:07.5682294Z Selecting previously unselected package gcc-13-arm-linux-gnueabihf-base:amd64.
2026-07-28T18:30:07.5802899Z Preparing to unpack .../01-gcc-13-arm-linux-gnueabihf-base_13.3.0-6ubuntu2~24.04.1cross1_amd64.deb ...
2026-07-28T18:30:07.5814214Z Unpacking gcc-13-arm-linux-gnueabihf-base:amd64 (13.3.0-6ubuntu2~24.04.1cross1) ...
2026-07-28T18:30:07.6029950Z Selecting previously unselected package cpp-13-arm-linux-gnueabihf.
2026-07-28T18:30:07.6148898Z Preparing to unpack .../02-cpp-13-arm-linux-gnueabihf_13.3.0-6ubuntu2~24.04.1cross1_amd64.deb ...
2026-07-28T18:30:07.6180893Z Unpacking cpp-13-arm-linux-gnueabihf (13.3.0-6ubuntu2~24.04.1cross1) ...
2026-07-28T18:30:07.7442431Z Selecting previously unselected package cpp-arm-linux-gnueabihf.
2026-07-28T18:30:07.7565507Z Preparing to unpack .../03-cpp-arm-linux-gnueabihf_4%3a13.2.0-7ubuntu1_amd64.deb ...
2026-07-28T18:30:07.7575736Z Unpacking cpp-arm-linux-gnueabihf (4:13.2.0-7ubuntu1) ...
2026-07-28T18:30:07.7781528Z Selecting previously unselected package binutils-arm-linux-gnueabihf.
2026-07-28T18:30:07.7902275Z Preparing to unpack .../04-binutils-arm-linux-gnueabihf_2.42-4ubuntu2.10_amd64.deb ...
2026-07-28T18:30:07.7925213Z Unpacking binutils-arm-linux-gnueabihf (2.42-4ubuntu2.10) ...
2026-07-28T18:30:07.8779107Z Selecting previously unselected package gcc-13-cross-base.
2026-07-28T18:30:07.8902822Z Preparing to unpack .../05-gcc-13-cross-base_13.3.0-6ubuntu2~24.04.1cross1_all.deb ...
2026-07-28T18:30:07.8912143Z Unpacking gcc-13-cross-base (13.3.0-6ubuntu2~24.04.1cross1) ...
2026-07-28T18:30:07.9107789Z Selecting previously unselected package gcc-14-cross-base.
2026-07-28T18:30:07.9229234Z Preparing to unpack .../06-gcc-14-cross-base_14.2.0-4ubuntu2~24.04.1cross1_all.deb ...
2026-07-28T18:30:07.9240002Z Unpacking gcc-14-cross-base (14.2.0-4ubuntu2~24.04.1cross1) ...
2026-07-28T18:30:07.9437867Z Selecting previously unselected package libc6-armhf-cross.
2026-07-28T18:30:07.9557211Z Preparing to unpack .../07-libc6-armhf-cross_2.39-0ubuntu8cross1_all.deb ...
2026-07-28T18:30:07.9565945Z Unpacking libc6-armhf-cross (2.39-0ubuntu8cross1) ...
2026-07-28T18:30:07.9901839Z Selecting previously unselected package libgcc-s1-armhf-cross.
2026-07-28T18:30:08.0023761Z Preparing to unpack .../08-libgcc-s1-armhf-cross_14.2.0-4ubuntu2~24.04.1cross1_all.deb ...
2026-07-28T18:30:08.0034452Z Unpacking libgcc-s1-armhf-cross (14.2.0-4ubuntu2~24.04.1cross1) ...
2026-07-28T18:30:08.0228405Z Selecting previously unselected package libgomp1-armhf-cross.
2026-07-28T18:30:08.0344670Z Preparing to unpack .../09-libgomp1-armhf-cross_14.2.0-4ubuntu2~24.04.1cross1_all.deb ...
2026-07-28T18:30:08.0355560Z Unpacking libgomp1-armhf-cross (14.2.0-4ubuntu2~24.04.1cross1) ...
2026-07-28T18:30:08.0558278Z Selecting previously unselected package libatomic1-armhf-cross.
2026-07-28T18:30:08.0673403Z Preparing to unpack .../10-libatomic1-armhf-cross_14.2.0-4ubuntu2~24.04.1cross1_all.deb ...
2026-07-28T18:30:08.0686773Z Unpacking libatomic1-armhf-cross (14.2.0-4ubuntu2~24.04.1cross1) ...
2026-07-28T18:30:08.0881374Z Selecting previously unselected package libasan8-armhf-cross.
2026-07-28T18:30:08.0996372Z Preparing to unpack .../11-libasan8-armhf-cross_14.2.0-4ubuntu2~24.04.1cross1_all.deb ...
2026-07-28T18:30:08.1007588Z Unpacking libasan8-armhf-cross (14.2.0-4ubuntu2~24.04.1cross1) ...
2026-07-28T18:30:08.1561517Z Selecting previously unselected package libstdc++6-armhf-cross.
2026-07-28T18:30:08.1683636Z Preparing to unpack .../12-libstdc++6-armhf-cross_14.2.0-4ubuntu2~24.04.1cross1_all.deb ...
2026-07-28T18:30:08.1693375Z Unpacking libstdc++6-armhf-cross (14.2.0-4ubuntu2~24.04.1cross1) ...
2026-07-28T18:30:08.2034486Z Selecting previously unselected package libubsan1-armhf-cross.
2026-07-28T18:30:08.2153761Z Preparing to unpack .../13-libubsan1-armhf-cross_14.2.0-4ubuntu2~24.04.1cross1_all.deb ...
2026-07-28T18:30:08.2162861Z Unpacking libubsan1-armhf-cross (14.2.0-4ubuntu2~24.04.1cross1) ...
2026-07-28T18:30:08.2480818Z Selecting previously unselected package libgcc-13-dev-armhf-cross.
2026-07-28T18:30:08.2602785Z Preparing to unpack .../14-libgcc-13-dev-armhf-cross_13.3.0-6ubuntu2~24.04.1cross1_all.deb ...
2026-07-28T18:30:08.2612698Z Unpacking libgcc-13-dev-armhf-cross (13.3.0-6ubuntu2~24.04.1cross1) ...
2026-07-28T18:30:08.3086554Z Selecting previously unselected package gcc-13-arm-linux-gnueabihf.
2026-07-28T18:30:08.3210550Z Preparing to unpack .../15-gcc-13-arm-linux-gnueabihf_13.3.0-6ubuntu2~24.04.1cross1_amd64.deb ...
2026-07-28T18:30:08.3241068Z Unpacking gcc-13-arm-linux-gnueabihf (13.3.0-6ubuntu2~24.04.1cross1) ...
2026-07-28T18:30:08.5581928Z Selecting previously unselected package gcc-arm-linux-gnueabihf.
2026-07-28T18:30:08.5705628Z Preparing to unpack .../16-gcc-arm-linux-gnueabihf_4%3a13.2.0-7ubuntu1_amd64.deb ...
2026-07-28T18:30:08.5718437Z Unpacking gcc-arm-linux-gnueabihf (4:13.2.0-7ubuntu1) ...
2026-07-28T18:30:08.5923203Z Selecting previously unselected package libelf-dev:amd64.
2026-07-28T18:30:08.6046240Z Preparing to unpack .../17-libelf-dev_0.190-1.1ubuntu0.1_amd64.deb ...
2026-07-28T18:30:08.6056602Z Unpacking libelf-dev:amd64 (0.190-1.1ubuntu0.1) ...
2026-07-28T18:30:08.6312547Z Selecting previously unselected package pahole.
2026-07-28T18:30:08.6434063Z Preparing to unpack .../18-pahole_1.25-0ubuntu3_amd64.deb ...
2026-07-28T18:30:08.6455724Z Unpacking pahole (1.25-0ubuntu3) ...
2026-07-28T18:30:08.6712341Z Selecting previously unselected package dwarves.
2026-07-28T18:30:08.6831124Z Preparing to unpack .../19-dwarves_1.25-0ubuntu3_all.deb ...
2026-07-28T18:30:08.6863419Z Unpacking dwarves (1.25-0ubuntu3) ...
2026-07-28T18:30:08.7230662Z Setting up libc6-armhf-cross (2.39-0ubuntu8cross1) ...
2026-07-28T18:30:08.7363136Z Setting up gcc-14-cross-base (14.2.0-4ubuntu2~24.04.1cross1) ...
2026-07-28T18:30:08.7388595Z Setting up libatomic1-armhf-cross (14.2.0-4ubuntu2~24.04.1cross1) ...
2026-07-28T18:30:08.7413086Z Setting up gcc-13-cross-base (13.3.0-6ubuntu2~24.04.1cross1) ...
2026-07-28T18:30:08.7436528Z Setting up libelf-dev:amd64 (0.190-1.1ubuntu0.1) ...
2026-07-28T18:30:08.7487381Z Setting up pahole (1.25-0ubuntu3) ...
2026-07-28T18:30:08.7513536Z Setting up gcc-13-arm-linux-gnueabihf-base:amd64 (13.3.0-6ubuntu2~24.04.1cross1) ...
2026-07-28T18:30:08.7539198Z Setting up build-essential (12.10ubuntu1) ...
2026-07-28T18:30:08.7565231Z Setting up binutils-arm-linux-gnueabihf (2.42-4ubuntu2.10) ...
2026-07-28T18:30:08.7590338Z Setting up libgomp1-armhf-cross (14.2.0-4ubuntu2~24.04.1cross1) ...
2026-07-28T18:30:08.7618475Z Setting up cpp-13-arm-linux-gnueabihf (13.3.0-6ubuntu2~24.04.1cross1) ...
2026-07-28T18:30:08.7644759Z Setting up libgcc-s1-armhf-cross (14.2.0-4ubuntu2~24.04.1cross1) ...
2026-07-28T18:30:08.7670104Z Setting up libstdc++6-armhf-cross (14.2.0-4ubuntu2~24.04.1cross1) ...
2026-07-28T18:30:08.7696511Z Setting up libubsan1-armhf-cross (14.2.0-4ubuntu2~24.04.1cross1) ...
2026-07-28T18:30:08.7722307Z Setting up dwarves (1.25-0ubuntu3) ...
2026-07-28T18:30:08.7748249Z Setting up cpp-arm-linux-gnueabihf (4:13.2.0-7ubuntu1) ...
2026-07-28T18:30:08.7775698Z Setting up libasan8-armhf-cross (14.2.0-4ubuntu2~24.04.1cross1) ...
2026-07-28T18:30:08.7801381Z Setting up libgcc-13-dev-armhf-cross (13.3.0-6ubuntu2~24.04.1cross1) ...
2026-07-28T18:30:08.7826718Z Setting up gcc-13-arm-linux-gnueabihf (13.3.0-6ubuntu2~24.04.1cross1) ...
2026-07-28T18:30:08.7850991Z Setting up gcc-arm-linux-gnueabihf (4:13.2.0-7ubuntu1) ...
2026-07-28T18:30:08.7878253Z Processing triggers for man-db (2.12.0-4build2) ...
2026-07-28T18:30:08.7901216Z Not building database; man-db/auto-update is not 'true'.
2026-07-28T18:30:08.7912881Z Processing triggers for libc-bin (2.39-0ubuntu8.7) ...
2026-07-28T18:30:09.4919721Z 
2026-07-28T18:30:09.4920229Z Running kernel seems to be up-to-date.
2026-07-28T18:30:09.4920639Z 
2026-07-28T18:30:09.4920824Z No services need to be restarted.
2026-07-28T18:30:09.4921120Z 
2026-07-28T18:30:09.4921287Z No containers need to be restarted.
2026-07-28T18:30:09.4921594Z 
2026-07-28T18:30:09.4921812Z No user sessions are running outdated binaries.
2026-07-28T18:30:09.4922178Z 
2026-07-28T18:30:09.4922518Z No VM guests are running outdated hypervisor (qemu) binaries on this host.
2026-07-28T18:30:10.2105088Z /usr/bin/arm-linux-gnueabihf-gcc
2026-07-28T18:30:10.2105500Z /usr/bin/arm-linux-gnueabihf-ld
2026-07-28T18:30:10.2121611Z arm-linux-gnueabihf-gcc (Ubuntu 13.3.0-6ubuntu2~24.04.1) 13.3.0
2026-07-28T18:30:10.2144639Z GNU ld (GNU Binutils for Ubuntu) 2.42
2026-07-28T18:30:10.2171319Z GNU Make 4.3
2026-07-28T18:30:10.2188957Z v1.25
2026-07-28T18:30:10.2230789Z ##[group]Run set -euo pipefail
2026-07-28T18:30:10.2231119Z [36;1mset -euo pipefail[0m
2026-07-28T18:30:10.2231387Z [36;1mbuild_id="${ARCHITECTURE}-${PROFILE}"[0m
2026-07-28T18:30:10.2231755Z [36;1msource_root="${RUNNER_TEMP}/zigux-${build_id}-source"[0m
2026-07-28T18:30:10.2232156Z [36;1msource_archive="${RUNNER_TEMP}/zigux-${build_id}.tar.gz"[0m
2026-07-28T18:30:10.2232539Z [36;1mout_dir="${GITHUB_WORKSPACE}/out-${build_id}"[0m
2026-07-28T18:30:10.2232824Z [36;1m[0m
2026-07-28T18:30:10.2233123Z [36;1m# Every matrix row receives an empty source and output tree.[0m
2026-07-28T18:30:10.2233538Z [36;1mrm -rf "${source_root}" "${source_archive}" "${out_dir}"[0m
2026-07-28T18:30:10.2233891Z [36;1mmkdir -p "${source_root}" "${out_dir}"[0m
2026-07-28T18:30:10.2234159Z [36;1m[0m
2026-07-28T18:30:10.2234344Z [36;1mcurl --fail --location \[0m
2026-07-28T18:30:10.2234641Z [36;1m  --retry 5 --retry-all-errors --retry-delay 5 \[0m
2026-07-28T18:30:10.2235427Z [36;1m  "https://codeload.github.com/${GITHUB_REPOSITORY}/tar.gz/${SOURCE_SHA}" \[0m
2026-07-28T18:30:10.2235840Z [36;1m  -o "${source_archive}"[0m
2026-07-28T18:30:10.2236194Z [36;1mtar -xzf "${source_archive}" --strip-components=1 -C "${source_root}"[0m
2026-07-28T18:30:10.2236719Z [36;1m[0m
2026-07-28T18:30:10.2236912Z [36;1mtest -s "${source_root}/Makefile"[0m
2026-07-28T18:30:10.2237223Z [36;1mgrep -q '^VERSION = ' "${source_root}/Makefile"[0m
2026-07-28T18:30:10.2237510Z [36;1m[0m
2026-07-28T18:30:10.2237726Z [36;1mecho "BUILD_ID=${build_id}" >> "${GITHUB_ENV}"[0m
2026-07-28T18:30:10.2238076Z [36;1mecho "SOURCE_ROOT=${source_root}" >> "${GITHUB_ENV}"[0m
2026-07-28T18:30:10.2238419Z [36;1mecho "OUT_DIR=${out_dir}" >> "${GITHUB_ENV}"[0m
2026-07-28T18:30:10.2283328Z shell: /usr/bin/bash --noprofile --norc -e -o pipefail {0}
2026-07-28T18:30:10.2283655Z env:
2026-07-28T18:30:10.2283852Z   SOURCE_BRANCH: rolling-linux-sync
2026-07-28T18:30:10.2284107Z   CCACHE_DISABLE: 1
2026-07-28T18:30:10.2284319Z   ARCHITECTURE: armv7
2026-07-28T18:30:10.2284536Z   PROFILE: allmodconfig
2026-07-28T18:30:10.2284744Z   KBUILD_ARCH: arm
2026-07-28T18:30:10.2285216Z   CONFIG_TARGET: allmodconfig
2026-07-28T18:30:10.2285470Z   CROSS_COMPILE: arm-linux-gnueabihf-
2026-07-28T18:30:10.2285750Z   TOOLCHAIN_PACKAGES: gcc-arm-linux-gnueabihf
2026-07-28T18:30:10.2286027Z   IMAGE_TARGET: zImage
2026-07-28T18:30:10.2286237Z   IMAGE_PATH: arch/arm/boot/zImage
2026-07-28T18:30:10.2286477Z   EXPECTED_ELF_CLASS: ELF32
2026-07-28T18:30:10.2286704Z   EXPECTED_ELF_MACHINE: ARM
2026-07-28T18:30:10.2286958Z   SOURCE_SHA: 62cc90241548d5570ee68e01aaba6506964e9811
2026-07-28T18:30:10.2287266Z   SOURCE_SHORT_SHA: 62cc90241548
2026-07-28T18:30:10.2287493Z ##[endgroup]
2026-07-28T18:30:10.2419056Z   % Total    % Received % Xferd  Average Speed   Time    Time     Time  Current
2026-07-28T18:30:10.2419921Z                                  Dload  Upload   Total   Spent    Left  Speed
2026-07-28T18:30:10.2420490Z 
2026-07-28T18:30:10.7796543Z   0     0    0     0    0     0      0      0 --:--:-- --:--:-- --:--:--     0
2026-07-28T18:30:11.5519530Z 100 13137    0 13137    0     0  24425      0 --:--:-- --:--:-- --:--:-- 24418
2026-07-28T18:30:12.5830201Z 100 6144k    0 6144k    0     0  4689k      0 --:--:--  0:00:01 --:--:-- 4686k
2026-07-28T18:30:13.5921994Z 100 13.2M    0 13.2M    0     0  5795k      0 --:--:--  0:00:02 --:--:-- 5793k
2026-07-28T18:30:14.5578245Z 100 20.0M    0 20.0M    0     0  6115k      0 --:--:--  0:00:03 --:--:-- 6113k
2026-07-28T18:30:15.5740800Z 100 26.8M    0 26.8M    0     0  6378k      0 --:--:--  0:00:04 --:--:-- 6378k
2026-07-28T18:30:16.5834288Z 100 34.0M    0 34.0M    0     0  6544k      0 --:--:--  0:00:05 --:--:-- 7274k
2026-07-28T18:30:17.5614021Z 100 40.7M    0 40.7M    0     0  6580k      0 --:--:--  0:00:06 --:--:-- 7073k
2026-07-28T18:30:18.5548947Z 100 47.2M    0 47.2M    0     0  6611k      0 --:--:--  0:00:07 --:--:-- 6993k
2026-07-28T18:30:19.5905609Z 100 54.0M    0 54.0M    0     0  6653k      0 --:--:--  0:00:08 --:--:-- 7016k
2026-07-28T18:30:20.5677441Z 100 60.2M    0 60.2M    0     0  6600k      0 --:--:--  0:00:09 --:--:-- 6791k
2026-07-28T18:30:21.6020645Z 100 64.2M    0 64.2M    0     0  6371k      0 --:--:--  0:00:10 --:--:-- 6187k
2026-07-28T18:30:22.5802328Z 100 69.0M    0 69.0M    0     0  6221k      0 --:--:--  0:00:11 --:--:-- 5767k
2026-07-28T18:30:23.5912374Z 100 73.3M    0 73.3M    0     0  6085k      0 --:--:--  0:00:12 --:--:-- 5320k
2026-07-28T18:30:24.5811615Z 100 77.5M    0 77.5M    0     0  5945k      0 --:--:--  0:00:13 --:--:-- 4776k
2026-07-28T18:30:25.5880223Z 100 81.7M    0 81.7M    0     0  5838k      0 --:--:--  0:00:14 --:--:-- 4410k
2026-07-28T18:30:26.5747985Z 100 86.2M    0 86.2M    0     0  5756k      0 --:--:--  0:00:15 --:--:-- 4490k
2026-07-28T18:30:27.5830159Z 100 90.7M    0 90.7M    0     0  5690k      0 --:--:--  0:00:16 --:--:-- 4477k
2026-07-28T18:30:28.5756147Z 100 96.2M    0 96.2M    0     0  5684k      0 --:--:--  0:00:17 --:--:-- 4697k
2026-07-28T18:30:29.5693093Z 100  103M    0  103M    0     0  5753k      0 --:--:--  0:00:18 --:--:-- 5239k
2026-07-28T18:30:30.5829355Z 100  110M    0  110M    0     0  5842k      0 --:--:--  0:00:19 --:--:-- 5851k
2026-07-28T18:30:31.5610512Z 100  117M    0  117M    0     0  5903k      0 --:--:--  0:00:20 --:--:-- 6354k
2026-07-28T18:30:32.5732326Z 100  124M    0  124M    0     0  5968k      0 --:--:--  0:00:21 --:--:-- 6877k
2026-07-28T18:30:33.5545682Z 100  131M    0  131M    0     0  6019k      0 --:--:--  0:00:22 --:--:-- 7182k
2026-07-28T18:30:34.5804499Z 100  138M    0  138M    0     0  6072k      0 --:--:--  0:00:23 --:--:-- 7246k
2026-07-28T18:30:35.5693681Z 100  145M    0  145M    0     0  6121k      0 --:--:--  0:00:24 --:--:-- 7200k
2026-07-28T18:30:36.5828258Z 100  152M    0  152M    0     0  6156k      0 --:--:--  0:00:25 --:--:-- 7189k
2026-07-28T18:30:37.5792278Z 100  159M    0  159M    0     0  6191k      0 --:--:--  0:00:26 --:--:-- 7139k
2026-07-28T18:30:38.5580135Z 100  166M    0  166M    0     0  6218k      0 --:--:--  0:00:27 --:--:-- 7104k
2026-07-28T18:30:39.5880803Z 100  172M    0  172M    0     0  6238k      0 --:--:--  0:00:28 --:--:-- 7010k
2026-07-28T18:30:40.5811942Z 100  179M    0  179M    0     0  6257k      0 --:--:--  0:00:29 --:--:-- 6919k
2026-07-28T18:30:41.5561826Z 100  186M    0  186M    0     0  6277k      0 --:--:--  0:00:30 --:--:-- 6892k
2026-07-28T18:30:42.5728579Z 100  192M    0  192M    0     0  6310k      0 --:--:--  0:00:31 --:--:-- 6940k
2026-07-28T18:30:43.5689131Z 100  199M    0  199M    0     0  6314k      0 --:--:--  0:00:32 --:--:-- 6842k
2026-07-28T18:30:44.5665616Z 100  206M    0  206M    0     0  6329k      0 --:--:--  0:00:33 --:--:-- 6848k
2026-07-28T18:30:45.5635168Z 100  213M    0  213M    0     0  6362k      0 --:--:--  0:00:34 --:--:-- 6979k
2026-07-28T18:30:46.5582812Z 100  219M    0  219M    0     0  6370k      0 --:--:--  0:00:35 --:--:-- 6935k
2026-07-28T18:30:47.5701354Z 100  226M    0  226M    0     0  6377k      0 --:--:--  0:00:36 --:--:-- 6801k
2026-07-28T18:30:48.5582883Z 100  232M    0  232M    0     0  6378k      0 --:--:--  0:00:37 --:--:-- 6788k
2026-07-28T18:30:49.5578832Z 100  239M    0  239M    0     0  6392k      0 --:--:--  0:00:38 --:--:-- 6809k
2026-07-28T18:30:50.5857367Z 100  245M    0  245M    0     0  6387k      0 --:--:--  0:00:39 --:--:-- 6560k
2026-07-28T18:30:50.9116150Z 100  252M    0  252M    0     0  6397k      0 --:--:--  0:00:40 --:--:-- 6581k
2026-07-28T18:30:50.9119329Z 100  253M    0  253M    0     0  6385k      0 --:--:--  0:00:40 --:--:-- 6449k
2026-07-28T18:30:59.1107205Z ##[group]Run set -euo pipefail
2026-07-28T18:30:59.1107576Z [36;1mset -euo pipefail[0m
2026-07-28T18:30:59.1107890Z [36;1mlog_dir="${GITHUB_WORKSPACE}/build-logs/${BUILD_ID}"[0m
2026-07-28T18:30:59.1108212Z [36;1m[0m
2026-07-28T18:30:59.1108487Z [36;1munset CCACHE_DIR CCACHE_BASEDIR CCACHE_COMPILERCHECK || true[0m
2026-07-28T18:30:59.1108857Z [36;1mexport CCACHE_DISABLE=1[0m
2026-07-28T18:30:59.1109089Z [36;1m[0m
2026-07-28T18:30:59.1109278Z [36;1mmake -C "${SOURCE_ROOT}" \[0m
2026-07-28T18:30:59.1109531Z [36;1m  O="${OUT_DIR}" \[0m
2026-07-28T18:30:59.1109759Z [36;1m  ARCH="${KBUILD_ARCH}" \[0m
2026-07-28T18:30:59.1110024Z [36;1m  CROSS_COMPILE="${CROSS_COMPILE}" \[0m
2026-07-28T18:30:59.1110309Z [36;1m  mrproper[0m
2026-07-28T18:30:59.1110504Z [36;1m[0m
2026-07-28T18:30:59.1110690Z [36;1mmake -C "${SOURCE_ROOT}" \[0m
2026-07-28T18:30:59.1110932Z [36;1m  O="${OUT_DIR}" \[0m
2026-07-28T18:30:59.1111160Z [36;1m  ARCH="${KBUILD_ARCH}" \[0m
2026-07-28T18:30:59.1111454Z [36;1m  CROSS_COMPILE="${CROSS_COMPILE}" \[0m
2026-07-28T18:30:59.1111734Z [36;1m  "${CONFIG_TARGET}"[0m
2026-07-28T18:30:59.1111951Z [36;1m[0m
2026-07-28T18:30:59.1112133Z [36;1madjustments="none"[0m
2026-07-28T18:30:59.1112393Z [36;1mif [ "${PROFILE}" = "allmodconfig" ]; then[0m
2026-07-28T18:30:59.1112781Z [36;1m  # Keep allmodconfig broad while avoiding warning-only and Rust[0m
2026-07-28T18:30:59.1113257Z [36;1m  # cross-toolchain failures that do not measure C kernel coverage.[0m
2026-07-28T18:30:59.1113759Z [36;1m  "${SOURCE_ROOT}/scripts/config" --file "${OUT_DIR}/.config" --disable WERROR[0m
2026-07-28T18:30:59.1114275Z [36;1m  "${SOURCE_ROOT}/scripts/config" --file "${OUT_DIR}/.config" --disable RUST[0m
2026-07-28T18:30:59.1115134Z [36;1m  adjustments="CONFIG_WERROR=n,CONFIG_RUST=n"[0m
2026-07-28T18:30:59.1115447Z [36;1mfi[0m
2026-07-28T18:30:59.1115621Z [36;1m[0m
2026-07-28T18:30:59.1115807Z [36;1mmake -C "${SOURCE_ROOT}" \[0m
2026-07-28T18:30:59.1116067Z [36;1m  O="${OUT_DIR}" \[0m
2026-07-28T18:30:59.1116290Z [36;1m  ARCH="${KBUILD_ARCH}" \[0m
2026-07-28T18:30:59.1116553Z [36;1m  CROSS_COMPILE="${CROSS_COMPILE}" \[0m
2026-07-28T18:30:59.1116826Z [36;1m  olddefconfig[0m
2026-07-28T18:30:59.1117028Z [36;1m[0m
2026-07-28T18:30:59.1117223Z [36;1mcase "${ARCHITECTURE}" in[0m
2026-07-28T18:30:59.1117465Z [36;1m  x86_64|arm64|riscv64)[0m
2026-07-28T18:30:59.1117745Z [36;1m    grep -qx 'CONFIG_64BIT=y' "${OUT_DIR}/.config"[0m
2026-07-28T18:30:59.1118039Z [36;1m    ;;[0m
2026-07-28T18:30:59.1118224Z [36;1m  i686|armv7)[0m
2026-07-28T18:30:59.1118498Z [36;1m    if grep -qx 'CONFIG_64BIT=y' "${OUT_DIR}/.config"; then[0m
2026-07-28T18:30:59.1118965Z [36;1m      echo "::error::${ARCHITECTURE}/${PROFILE} unexpectedly selected CONFIG_64BIT=y."[0m
2026-07-28T18:30:59.1119375Z [36;1m      exit 1[0m
2026-07-28T18:30:59.1119570Z [36;1m    fi[0m
2026-07-28T18:30:59.1119745Z [36;1m    ;;[0m
2026-07-28T18:30:59.1119919Z [36;1mesac[0m
2026-07-28T18:30:59.1120094Z [36;1m[0m
2026-07-28T18:30:59.1120299Z [36;1mif [ "${PROFILE}" = "allmodconfig" ]; then[0m
2026-07-28T18:30:59.1120657Z [36;1m  grep -qx '# CONFIG_WERROR is not set' "${OUT_DIR}/.config"[0m
2026-07-28T18:30:59.1121044Z [36;1m  grep -qx '# CONFIG_RUST is not set' "${OUT_DIR}/.config"[0m
2026-07-28T18:30:59.1121401Z [36;1m  grep -qx 'CONFIG_MODULES=y' "${OUT_DIR}/.config"[0m
2026-07-28T18:30:59.1121686Z [36;1mfi[0m
2026-07-28T18:30:59.1121854Z [36;1m[0m
2026-07-28T18:30:59.1122151Z [36;1mconfigured_module_symbols="$(grep -c '=m$' "${OUT_DIR}/.config" || true)"[0m
2026-07-28T18:30:59.1122697Z [36;1mecho "configured_module_symbols=${configured_module_symbols}" >> "${GITHUB_OUTPUT}"[0m
2026-07-28T18:30:59.1123214Z [36;1mecho "config_adjustments=${adjustments}" >> "${GITHUB_OUTPUT}"[0m
2026-07-28T18:30:59.1123550Z [36;1m[0m
2026-07-28T18:30:59.1123775Z [36;1mcp "${OUT_DIR}/.config" "${log_dir}/kernel.config"[0m
2026-07-28T18:30:59.1124066Z [36;1m{[0m
2026-07-28T18:30:59.1124426Z [36;1m  echo "Profile: ${PROFILE}"[0m
2026-07-28T18:30:59.1124730Z [36;1m  echo "Configuration target: ${CONFIG_TARGET}"[0m
2026-07-28T18:30:59.1125297Z [36;1m  echo "CI adjustments: ${adjustments}"[0m
2026-07-28T18:30:59.1125691Z [36;1m  echo "Configured module symbols: ${configured_module_symbols}"[0m
2026-07-28T18:30:59.1126118Z [36;1m} | tee "${log_dir}/configuration-summary.txt"[0m
2026-07-28T18:30:59.1126399Z [36;1m[0m
2026-07-28T18:30:59.1126585Z [36;1mmake -s -C "${SOURCE_ROOT}" \[0m
2026-07-28T18:30:59.1126837Z [36;1m  O="${OUT_DIR}" \[0m
2026-07-28T18:30:59.1127061Z [36;1m  ARCH="${KBUILD_ARCH}" \[0m
2026-07-28T18:30:59.1127321Z [36;1m  CROSS_COMPILE="${CROSS_COMPILE}" \[0m
2026-07-28T18:30:59.1127602Z [36;1m  kernelrelease \[0m
2026-07-28T18:30:59.1127879Z [36;1m  | tee "${log_dir}/configured-kernel-release.txt"[0m
2026-07-28T18:30:59.1173345Z shell: /usr/bin/bash --noprofile --norc -e -o pipefail {0}
2026-07-28T18:30:59.1173676Z env:
2026-07-28T18:30:59.1173882Z   SOURCE_BRANCH: rolling-linux-sync
2026-07-28T18:30:59.1174135Z   CCACHE_DISABLE: 1
2026-07-28T18:30:59.1174337Z   ARCHITECTURE: armv7
2026-07-28T18:30:59.1174543Z   PROFILE: allmodconfig
2026-07-28T18:30:59.1174760Z   KBUILD_ARCH: arm
2026-07-28T18:30:59.1175179Z   CONFIG_TARGET: allmodconfig
2026-07-28T18:30:59.1175432Z   CROSS_COMPILE: arm-linux-gnueabihf-
2026-07-28T18:30:59.1175733Z   TOOLCHAIN_PACKAGES: gcc-arm-linux-gnueabihf
2026-07-28T18:30:59.1176018Z   IMAGE_TARGET: zImage
2026-07-28T18:30:59.1176238Z   IMAGE_PATH: arch/arm/boot/zImage
2026-07-28T18:30:59.1176481Z   EXPECTED_ELF_CLASS: ELF32
2026-07-28T18:30:59.1176709Z   EXPECTED_ELF_MACHINE: ARM
2026-07-28T18:30:59.1176963Z   SOURCE_SHA: 62cc90241548d5570ee68e01aaba6506964e9811
2026-07-28T18:30:59.1177415Z   SOURCE_SHORT_SHA: 62cc90241548
2026-07-28T18:30:59.1177658Z   BUILD_ID: armv7-allmodconfig
2026-07-28T18:30:59.1177990Z   SOURCE_ROOT: /home/runner/work/_temp/zigux-armv7-allmodconfig-source
2026-07-28T18:30:59.1178424Z   OUT_DIR: /home/runner/work/Zigux/Zigux/out-armv7-allmodconfig
2026-07-28T18:30:59.1178746Z ##[endgroup]
2026-07-28T18:30:59.1254979Z make: Entering directory '/home/runner/work/_temp/zigux-armv7-allmodconfig-source'
2026-07-28T18:30:59.1286677Z make[1]: Entering directory '/home/runner/work/Zigux/Zigux/out-armv7-allmodconfig'
2026-07-28T18:31:02.2450174Z make[1]: Leaving directory '/home/runner/work/Zigux/Zigux/out-armv7-allmodconfig'
2026-07-28T18:31:02.2451403Z make: Leaving directory '/home/runner/work/_temp/zigux-armv7-allmodconfig-source'
2026-07-28T18:31:02.2465527Z make: Entering directory '/home/runner/work/_temp/zigux-armv7-allmodconfig-source'
2026-07-28T18:31:02.2496934Z make[1]: Entering directory '/home/runner/work/Zigux/Zigux/out-armv7-allmodconfig'
2026-07-28T18:31:02.5219984Z   UPD     Makefile
2026-07-28T18:31:02.5643814Z   HOSTCC  scripts/basic/fixdep
2026-07-28T18:31:02.8230543Z   HOSTCC  scripts/kconfig/conf.o
2026-07-28T18:31:03.0077793Z   HOSTCC  scripts/kconfig/confdata.o
2026-07-28T18:31:03.2480778Z   HOSTCC  scripts/kconfig/expr.o
2026-07-28T18:31:03.4641991Z   LEX     scripts/kconfig/lexer.lex.c
2026-07-28T18:31:03.6051863Z   YACC    scripts/kconfig/parser.tab.[ch]
2026-07-28T18:31:04.3756139Z   HOSTCC  scripts/kconfig/lexer.lex.o
2026-07-28T18:31:04.6386883Z   HOSTCC  scripts/kconfig/menu.o
2026-07-28T18:31:04.8116219Z   HOSTCC  scripts/kconfig/parser.tab.o
2026-07-28T18:31:05.0378131Z   HOSTCC  scripts/kconfig/preprocess.o
2026-07-28T18:31:05.1551424Z   HOSTCC  scripts/kconfig/symbol.o
2026-07-28T18:31:05.4416965Z   HOSTCC  scripts/kconfig/util.o
2026-07-28T18:31:05.4922913Z   HOSTLD  scripts/kconfig/conf
2026-07-28T18:31:07.1597451Z #
2026-07-28T18:31:07.1597866Z # configuration written to .config
2026-07-28T18:31:07.1598344Z #
2026-07-28T18:31:07.1619298Z make[1]: Leaving directory '/home/runner/work/Zigux/Zigux/out-armv7-allmodconfig'
2026-07-28T18:31:07.1621432Z make: Leaving directory '/home/runner/work/_temp/zigux-armv7-allmodconfig-source'
2026-07-28T18:31:07.1863378Z make: Entering directory '/home/runner/work/_temp/zigux-armv7-allmodconfig-source'
2026-07-28T18:31:07.1894769Z make[1]: Entering directory '/home/runner/work/Zigux/Zigux/out-armv7-allmodconfig'
2026-07-28T18:31:08.6727035Z #
2026-07-28T18:31:08.6727421Z # configuration written to .config
2026-07-28T18:31:08.6727845Z #
2026-07-28T18:31:08.6754328Z make[1]: Leaving directory '/home/runner/work/Zigux/Zigux/out-armv7-allmodconfig'
2026-07-28T18:31:08.6756816Z make: Leaving directory '/home/runner/work/_temp/zigux-armv7-allmodconfig-source'
2026-07-28T18:31:08.6817429Z ##[error]Process completed with exit code 1.
2026-07-28T18:31:08.6936131Z ##[group]Run actions/upload-artifact@v7
2026-07-28T18:31:08.6936434Z with:
2026-07-28T18:31:08.6936740Z   name: zigux-linux-armv7-allmodconfig-cold-build-logs-30387081032
2026-07-28T18:31:08.6937152Z   path: build-logs/armv7-allmodconfig/
2026-07-28T18:31:08.6937428Z   if-no-files-found: warn
2026-07-28T18:31:08.6937654Z   retention-days: 8
2026-07-28T18:31:08.6937856Z   compression-level: 6
2026-07-28T18:31:08.6938061Z   overwrite: false
2026-07-28T18:31:08.6938264Z   include-hidden-files: false
2026-07-28T18:31:08.6938487Z   archive: true
2026-07-28T18:31:08.6938665Z env:
2026-07-28T18:31:08.6938849Z   SOURCE_BRANCH: rolling-linux-sync
2026-07-28T18:31:08.6939094Z   CCACHE_DISABLE: 1
2026-07-28T18:31:08.6939286Z   ARCHITECTURE: armv7
2026-07-28T18:31:08.6939494Z   PROFILE: allmodconfig
2026-07-28T18:31:08.6939694Z   KBUILD_ARCH: arm
2026-07-28T18:31:08.6939889Z   CONFIG_TARGET: allmodconfig
2026-07-28T18:31:08.6940129Z   CROSS_COMPILE: arm-linux-gnueabihf-
2026-07-28T18:31:08.6940439Z   TOOLCHAIN_PACKAGES: gcc-arm-linux-gnueabihf
2026-07-28T18:31:08.6940717Z   IMAGE_TARGET: zImage
2026-07-28T18:31:08.6940927Z   IMAGE_PATH: arch/arm/boot/zImage
2026-07-28T18:31:08.6941393Z   EXPECTED_ELF_CLASS: ELF32
2026-07-28T18:31:08.6941613Z   EXPECTED_ELF_MACHINE: ARM
2026-07-28T18:31:08.6941871Z   SOURCE_SHA: 62cc90241548d5570ee68e01aaba6506964e9811
2026-07-28T18:31:08.6942167Z   SOURCE_SHORT_SHA: 62cc90241548
2026-07-28T18:31:08.6942416Z   BUILD_ID: armv7-allmodconfig
2026-07-28T18:31:08.6942745Z   SOURCE_ROOT: /home/runner/work/_temp/zigux-armv7-allmodconfig-source
2026-07-28T18:31:08.6943170Z   OUT_DIR: /home/runner/work/Zigux/Zigux/out-armv7-allmodconfig
2026-07-28T18:31:08.6943497Z ##[endgroup]
2026-07-28T18:31:08.8329415Z With the provided path, there will be 2 files uploaded
2026-07-28T18:31:08.8335547Z Artifact name is valid!
2026-07-28T18:31:08.8336140Z Root directory input is valid!
2026-07-28T18:31:08.9803259Z Uploading artifact: zigux-linux-armv7-allmodconfig-cold-build-logs-30387081032.zip
2026-07-28T18:31:08.9845365Z Beginning upload of artifact content to blob storage
2026-07-28T18:31:09.0560738Z Uploaded bytes 970
2026-07-28T18:31:09.0726345Z Finished uploading artifact content to blob storage!
2026-07-28T18:31:09.0727422Z SHA256 digest of uploaded artifact is e5ed12737e6b44bf963829acca387cf235f474622a279d4ea04c50235c32bb15
2026-07-28T18:31:09.0728403Z Finalizing artifact upload
2026-07-28T18:31:09.2617313Z Artifact zigux-linux-armv7-allmodconfig-cold-build-logs-30387081032 successfully finalized. Artifact ID 8699644893
2026-07-28T18:31:09.2647808Z Artifact zigux-linux-armv7-allmodconfig-cold-build-logs-30387081032 has been successfully uploaded! Final size is 970 bytes. Artifact ID is 8699644893
2026-07-28T18:31:09.2649678Z Artifact download URL: https://github.com/adybag14-cyber/Zigux/actions/runs/30387081032/artifacts/8699644893
2026-07-28T18:31:09.2795586Z Cleaning up orphan processes
