2026-07-28T18:30:05.5554611Z Current runner version: '2.336.0'
2026-07-28T18:30:05.5589652Z ##[group]Runner Image Provisioner
2026-07-28T18:30:05.5591051Z Hosted Compute Agent
2026-07-28T18:30:05.5592104Z Version: 20260707.563
2026-07-28T18:30:05.5593071Z Commit: 02667638d2b423fbc733a8e32a88b44996a3ba6e
2026-07-28T18:30:05.5594314Z Build Date: 2026-07-07T19:33:50Z
2026-07-28T18:30:05.5595403Z Worker ID: {708d0b01-6cd8-4e25-9008-49a71082f624}
2026-07-28T18:30:05.5596585Z Azure Region: eastus
2026-07-28T18:30:05.5597766Z ##[endgroup]
2026-07-28T18:30:05.5599953Z ##[group]Operating System
2026-07-28T18:30:05.5601057Z Ubuntu
2026-07-28T18:30:05.5601845Z 24.04.4
2026-07-28T18:30:05.5602773Z LTS
2026-07-28T18:30:05.5603634Z ##[endgroup]
2026-07-28T18:30:05.5604459Z ##[group]Runner Image
2026-07-28T18:30:05.5605611Z Image: ubuntu-24.04
2026-07-28T18:30:05.5606478Z Version: 20260720.247.2
2026-07-28T18:30:05.5608898Z Included Software: https://github.com/actions/runner-images/blob/ubuntu24/20260720.247/images/ubuntu/Ubuntu2404-Readme.md
2026-07-28T18:30:05.5611412Z Image Release: https://github.com/actions/runner-images/releases/tag/ubuntu24%2F20260720.247
2026-07-28T18:30:05.5613052Z ##[endgroup]
2026-07-28T18:30:05.5614787Z ##[group]GITHUB_TOKEN Permissions
2026-07-28T18:30:05.5617684Z Contents: read
2026-07-28T18:30:05.5618591Z Metadata: read
2026-07-28T18:30:05.5619678Z ##[endgroup]
2026-07-28T18:30:05.5623077Z Secret source: Actions
2026-07-28T18:30:05.5625100Z Prepare workflow directory
2026-07-28T18:30:05.6365439Z Prepare all required actions
2026-07-28T18:30:05.6436590Z Getting action download info
2026-07-28T18:30:05.8000618Z Download action repository 'actions/upload-artifact@v7' (SHA:043fb46d1a93c77aae656e7c1c64a875d1fc6a0a)
2026-07-28T18:30:06.0818757Z Complete job name: Cold-build x86_64 / allmodconfig
2026-07-28T18:30:06.1525680Z ##[group]Run set -euo pipefail
2026-07-28T18:30:06.1526368Z [36;1mset -euo pipefail[0m
2026-07-28T18:30:06.1527252Z [36;1mbuild_id="${ARCHITECTURE}-${PROFILE}"[0m
2026-07-28T18:30:06.1528027Z [36;1mlog_dir="${GITHUB_WORKSPACE}/build-logs/${build_id}"[0m
2026-07-28T18:30:06.1528879Z [36;1mmkdir -p "${log_dir}" "${GITHUB_WORKSPACE}/artifacts/${build_id}"[0m
2026-07-28T18:30:06.1529565Z [36;1m[0m
2026-07-28T18:30:06.1529965Z [36;1m{[0m
2026-07-28T18:30:06.1530382Z [36;1m  echo "Cold build: true"[0m
2026-07-28T18:30:06.1530932Z [36;1m  echo "Cache restore: disabled"[0m
2026-07-28T18:30:06.1531540Z [36;1m  echo "Source branch: ${SOURCE_BRANCH}"[0m
2026-07-28T18:30:06.1532173Z [36;1m  echo "Source commit: ${SOURCE_SHA}"[0m
2026-07-28T18:30:06.1532832Z [36;1m  echo "Architecture label: ${ARCHITECTURE}"[0m
2026-07-28T18:30:06.1533473Z [36;1m  echo "Build profile: ${PROFILE}"[0m
2026-07-28T18:30:06.1534097Z [36;1m  echo "Kbuild ARCH: ${KBUILD_ARCH}"[0m
2026-07-28T18:30:06.1534799Z [36;1m  echo "Configuration target: ${CONFIG_TARGET}"[0m
2026-07-28T18:30:06.1535544Z [36;1m  echo "Cross compiler prefix: ${CROSS_COMPILE:-native}"[0m
2026-07-28T18:30:06.1536262Z [36;1m  echo "Image target: ${IMAGE_TARGET}"[0m
2026-07-28T18:30:06.1537064Z [36;1m  echo "Image path: ${IMAGE_PATH}"[0m
2026-07-28T18:30:06.1537661Z [36;1m  echo "Runner: ${RUNNER_NAME}"[0m
2026-07-28T18:30:06.1538240Z [36;1m  echo "Runner OS: ${RUNNER_OS}"[0m
2026-07-28T18:30:06.1538859Z [36;1m  echo "Runner architecture: ${RUNNER_ARCH}"[0m
2026-07-28T18:30:06.1539561Z [36;1m  echo "Started UTC: $(date -u --iso-8601=seconds)"[0m
2026-07-28T18:30:06.1540185Z [36;1m  echo[0m
2026-07-28T18:30:06.1540604Z [36;1m  df -h[0m
2026-07-28T18:30:06.1541028Z [36;1m  echo[0m
2026-07-28T18:30:06.1541448Z [36;1m  free -h[0m
2026-07-28T18:30:06.1541874Z [36;1m  echo[0m
2026-07-28T18:30:06.1542287Z [36;1m  nproc[0m
2026-07-28T18:30:06.1542762Z [36;1m} | tee "${log_dir}/runner-baseline.txt"[0m
2026-07-28T18:30:06.1597678Z shell: /usr/bin/bash --noprofile --norc -e -o pipefail {0}
2026-07-28T18:30:06.1598675Z env:
2026-07-28T18:30:06.1599126Z   SOURCE_BRANCH: rolling-linux-sync
2026-07-28T18:30:06.1599780Z   CCACHE_DISABLE: 1
2026-07-28T18:30:06.1600524Z   ARCHITECTURE: x86_64
2026-07-28T18:30:06.1600992Z   PROFILE: allmodconfig
2026-07-28T18:30:06.1601460Z   KBUILD_ARCH: x86_64
2026-07-28T18:30:06.1601918Z   CONFIG_TARGET: allmodconfig
2026-07-28T18:30:06.1602411Z   CROSS_COMPILE: 
2026-07-28T18:30:06.1602859Z   TOOLCHAIN_PACKAGES: gcc
2026-07-28T18:30:06.1603337Z   IMAGE_TARGET: bzImage
2026-07-28T18:30:06.1603806Z   IMAGE_PATH: arch/x86/boot/bzImage
2026-07-28T18:30:06.1604336Z   EXPECTED_ELF_CLASS: ELF64
2026-07-28T18:30:06.1604897Z   EXPECTED_ELF_MACHINE: Advanced Micro Devices X86-64
2026-07-28T18:30:06.1605586Z   SOURCE_SHA: 62cc90241548d5570ee68e01aaba6506964e9811
2026-07-28T18:30:06.1606198Z   SOURCE_SHORT_SHA: 62cc90241548
2026-07-28T18:30:06.1606694Z ##[endgroup]
2026-07-28T18:30:06.1780236Z Cold build: true
2026-07-28T18:30:06.1781470Z Cache restore: disabled
2026-07-28T18:30:06.1782021Z Source branch: rolling-linux-sync
2026-07-28T18:30:06.1782660Z Source commit: 62cc90241548d5570ee68e01aaba6506964e9811
2026-07-28T18:30:06.1783346Z Architecture label: x86_64
2026-07-28T18:30:06.1783853Z Build profile: allmodconfig
2026-07-28T18:30:06.1784347Z Kbuild ARCH: x86_64
2026-07-28T18:30:06.1784808Z Configuration target: allmodconfig
2026-07-28T18:30:06.1785347Z Cross compiler prefix: native
2026-07-28T18:30:06.1785847Z Image target: bzImage
2026-07-28T18:30:06.1786324Z Image path: arch/x86/boot/bzImage
2026-07-28T18:30:06.1787081Z Runner: GitHub Actions 1000158366
2026-07-28T18:30:06.1787597Z Runner OS: Linux
2026-07-28T18:30:06.1788050Z Runner architecture: X64
2026-07-28T18:30:06.1788541Z Started UTC: 2026-07-28T18:30:06+00:00
2026-07-28T18:30:06.1788891Z 
2026-07-28T18:30:06.2093449Z Filesystem      Size  Used Avail Use% Mounted on
2026-07-28T18:30:06.2094504Z /dev/root       145G   57G   88G  40% /
2026-07-28T18:30:06.2095565Z tmpfs           7.9G   84K  7.9G   1% /dev/shm
2026-07-28T18:30:06.2096173Z tmpfs           3.2G 1012K  3.2G   1% /run
2026-07-28T18:30:06.2096762Z tmpfs           5.0M     0  5.0M   0% /run/lock
2026-07-28T18:30:06.2097736Z efivarfs        128M   32K  128M   1% /sys/firmware/efi/efivars
2026-07-28T18:30:06.2098414Z /dev/sda16      881M   64M  756M   8% /boot
2026-07-28T18:30:06.2098998Z /dev/sda15      105M  6.2M   99M   6% /boot/efi
2026-07-28T18:30:06.2099606Z tmpfs           1.6G   12K  1.6G   1% /run/user/1001
2026-07-28T18:30:06.2100043Z 
2026-07-28T18:30:06.2114769Z                total        used        free      shared  buff/cache   available
2026-07-28T18:30:06.2115596Z Mem:            15Gi       1.0Gi        12Gi        38Mi       2.2Gi        14Gi
2026-07-28T18:30:06.2116264Z Swap:          3.0Gi          0B       3.0Gi
2026-07-28T18:30:06.2117109Z 
2026-07-28T18:30:06.2132470Z 4
2026-07-28T18:30:06.2249319Z ##[group]Run set -euo pipefail
2026-07-28T18:30:06.2249921Z [36;1mset -euo pipefail[0m
2026-07-28T18:30:06.2250460Z [36;1mbuild_id="${ARCHITECTURE}-${PROFILE}"[0m
2026-07-28T18:30:06.2251150Z [36;1mlog_dir="${GITHUB_WORKSPACE}/build-logs/${build_id}"[0m
2026-07-28T18:30:06.2251774Z [36;1m[0m
2026-07-28T18:30:06.2252218Z [36;1msudo apt-get update[0m
2026-07-28T18:30:06.2253013Z [36;1msudo DEBIAN_FRONTEND=noninteractive apt-get install -y --no-install-recommends \[0m
2026-07-28T18:30:06.2253850Z [36;1m  bc \[0m
2026-07-28T18:30:06.2254268Z [36;1m  binutils \[0m
2026-07-28T18:30:06.2254702Z [36;1m  bison \[0m
2026-07-28T18:30:06.2255139Z [36;1m  build-essential \[0m
2026-07-28T18:30:06.2255616Z [36;1m  cpio \[0m
2026-07-28T18:30:06.2256039Z [36;1m  dwarves \[0m
2026-07-28T18:30:06.2256473Z [36;1m  file \[0m
2026-07-28T18:30:06.2257037Z [36;1m  flex \[0m
2026-07-28T18:30:06.2257446Z [36;1m  kmod \[0m
2026-07-28T18:30:06.2257869Z [36;1m  libelf-dev \[0m
2026-07-28T18:30:06.2258349Z [36;1m  libssl-dev \[0m
2026-07-28T18:30:06.2258805Z [36;1m  perl \[0m
2026-07-28T18:30:06.2259231Z [36;1m  pkg-config \[0m
2026-07-28T18:30:06.2259680Z [36;1m  python3 \[0m
2026-07-28T18:30:06.2260114Z [36;1m  rsync \[0m
2026-07-28T18:30:06.2260620Z [36;1m  xz-utils \[0m
2026-07-28T18:30:06.2261253Z [36;1m  zstd \[0m
2026-07-28T18:30:06.2261688Z [36;1m  ${TOOLCHAIN_PACKAGES}[0m
2026-07-28T18:30:06.2262285Z [36;1m[0m
2026-07-28T18:30:06.2262720Z [36;1mcompiler="${CROSS_COMPILE}gcc"[0m
2026-07-28T18:30:06.2263283Z [36;1mlinker="${CROSS_COMPILE}ld"[0m
2026-07-28T18:30:06.2263823Z [36;1mcommand -v "${compiler}"[0m
2026-07-28T18:30:06.2264342Z [36;1mcommand -v "${linker}"[0m
2026-07-28T18:30:06.2264818Z [36;1m[0m
2026-07-28T18:30:06.2265200Z [36;1m{[0m
2026-07-28T18:30:06.2265640Z [36;1m  "${compiler}" --version | head -n 1[0m
2026-07-28T18:30:06.2266225Z [36;1m  "${linker}" --version | head -n 1[0m
2026-07-28T18:30:06.2267022Z [36;1m  make --version | head -n 1[0m
2026-07-28T18:30:06.2267696Z [36;1m  pahole --version[0m
2026-07-28T18:30:06.2268246Z [36;1m} | tee "${log_dir}/toolchain-versions.txt"[0m
2026-07-28T18:30:06.2317633Z shell: /usr/bin/bash --noprofile --norc -e -o pipefail {0}
2026-07-28T18:30:06.2318284Z env:
2026-07-28T18:30:06.2318713Z   SOURCE_BRANCH: rolling-linux-sync
2026-07-28T18:30:06.2319250Z   CCACHE_DISABLE: 1
2026-07-28T18:30:06.2319690Z   ARCHITECTURE: x86_64
2026-07-28T18:30:06.2320151Z   PROFILE: allmodconfig
2026-07-28T18:30:06.2320602Z   KBUILD_ARCH: x86_64
2026-07-28T18:30:06.2321058Z   CONFIG_TARGET: allmodconfig
2026-07-28T18:30:06.2321549Z   CROSS_COMPILE: 
2026-07-28T18:30:06.2321987Z   TOOLCHAIN_PACKAGES: gcc
2026-07-28T18:30:06.2322466Z   IMAGE_TARGET: bzImage
2026-07-28T18:30:06.2322934Z   IMAGE_PATH: arch/x86/boot/bzImage
2026-07-28T18:30:06.2323462Z   EXPECTED_ELF_CLASS: ELF64
2026-07-28T18:30:06.2324020Z   EXPECTED_ELF_MACHINE: Advanced Micro Devices X86-64
2026-07-28T18:30:06.2324708Z   SOURCE_SHA: 62cc90241548d5570ee68e01aaba6506964e9811
2026-07-28T18:30:06.2325326Z   SOURCE_SHORT_SHA: 62cc90241548
2026-07-28T18:30:06.2325803Z ##[endgroup]
2026-07-28T18:30:06.3328149Z Get:1 file:/etc/apt/apt-mirrors.txt Mirrorlist [144 B]
2026-07-28T18:30:06.3872557Z Hit:2 http://azure.archive.ubuntu.com/ubuntu noble InRelease
2026-07-28T18:30:06.4114015Z Hit:6 https://packages.microsoft.com/repos/azure-cli noble InRelease
2026-07-28T18:30:06.4116608Z Get:7 https://packages.microsoft.com/ubuntu/24.04/prod noble InRelease [3600 B]
2026-07-28T18:30:06.4118958Z Get:3 http://azure.archive.ubuntu.com/ubuntu noble-updates InRelease [126 kB]
2026-07-28T18:30:06.4120954Z Get:4 http://azure.archive.ubuntu.com/ubuntu noble-backports InRelease [126 kB]
2026-07-28T18:30:06.4122824Z Get:5 http://azure.archive.ubuntu.com/ubuntu noble-security InRelease [126 kB]
2026-07-28T18:30:06.4126386Z Get:8 https://dl.google.com/linux/chrome-stable/deb stable InRelease [2548 B]
2026-07-28T18:30:06.6913135Z Get:9 https://packages.microsoft.com/ubuntu/24.04/prod noble/main arm64 Packages [218 kB]
2026-07-28T18:30:06.7033457Z Get:10 https://packages.microsoft.com/ubuntu/24.04/prod noble/main armhf Packages [11.7 kB]
2026-07-28T18:30:06.7064272Z Get:11 https://packages.microsoft.com/ubuntu/24.04/prod noble/main amd64 Packages [252 kB]
2026-07-28T18:30:06.7451919Z Get:12 http://azure.archive.ubuntu.com/ubuntu noble-updates/main amd64 Packages [1153 kB]
2026-07-28T18:30:06.7551401Z Get:13 http://azure.archive.ubuntu.com/ubuntu noble-updates/main Translation-en [278 kB]
2026-07-28T18:30:06.7555144Z Get:14 http://azure.archive.ubuntu.com/ubuntu noble-updates/main amd64 Components [180 kB]
2026-07-28T18:30:06.7579348Z Get:15 http://azure.archive.ubuntu.com/ubuntu noble-updates/universe amd64 Packages [1679 kB]
2026-07-28T18:30:06.7672622Z Get:16 http://azure.archive.ubuntu.com/ubuntu noble-updates/universe Translation-en [334 kB]
2026-07-28T18:30:06.7704107Z Get:17 http://azure.archive.ubuntu.com/ubuntu noble-updates/universe amd64 Components [389 kB]
2026-07-28T18:30:06.7749332Z Get:18 http://azure.archive.ubuntu.com/ubuntu noble-updates/restricted amd64 Packages [1367 kB]
2026-07-28T18:30:06.7831859Z Get:19 http://azure.archive.ubuntu.com/ubuntu noble-updates/restricted Translation-en [308 kB]
2026-07-28T18:30:06.7859927Z Get:20 http://azure.archive.ubuntu.com/ubuntu noble-updates/multiverse amd64 Packages [45.4 kB]
2026-07-28T18:30:06.7875662Z Get:21 http://azure.archive.ubuntu.com/ubuntu noble-updates/multiverse Translation-en [12.3 kB]
2026-07-28T18:30:06.8330345Z Get:22 http://azure.archive.ubuntu.com/ubuntu noble-updates/multiverse amd64 Components [940 B]
2026-07-28T18:30:06.8352330Z Get:23 http://azure.archive.ubuntu.com/ubuntu noble-backports/main amd64 Components [5760 B]
2026-07-28T18:30:06.8370886Z Get:24 http://azure.archive.ubuntu.com/ubuntu noble-backports/universe amd64 Packages [32.5 kB]
2026-07-28T18:30:06.8384855Z Get:25 http://azure.archive.ubuntu.com/ubuntu noble-backports/universe amd64 Components [12.6 kB]
2026-07-28T18:30:06.8687659Z Get:26 http://azure.archive.ubuntu.com/ubuntu noble-security/main amd64 Packages [898 kB]
2026-07-28T18:30:06.8790013Z Get:27 http://azure.archive.ubuntu.com/ubuntu noble-security/main Translation-en [198 kB]
2026-07-28T18:30:06.8809518Z Get:28 http://azure.archive.ubuntu.com/ubuntu noble-security/main amd64 Components [46.3 kB]
2026-07-28T18:30:06.8849230Z Get:29 http://azure.archive.ubuntu.com/ubuntu noble-security/universe amd64 Packages [1199 kB]
2026-07-28T18:30:06.8945748Z Get:30 http://azure.archive.ubuntu.com/ubuntu noble-security/universe Translation-en [239 kB]
2026-07-28T18:30:06.8999697Z Get:31 http://azure.archive.ubuntu.com/ubuntu noble-security/universe amd64 Components [76.2 kB]
2026-07-28T18:30:06.9004421Z Get:32 http://azure.archive.ubuntu.com/ubuntu noble-security/restricted amd64 Packages [1273 kB]
2026-07-28T18:30:06.9069081Z Get:33 http://azure.archive.ubuntu.com/ubuntu noble-security/restricted Translation-en [290 kB]
2026-07-28T18:30:06.9128430Z Get:34 http://azure.archive.ubuntu.com/ubuntu noble-security/multiverse amd64 Packages [40.3 kB]
2026-07-28T18:30:06.9132904Z Get:35 http://azure.archive.ubuntu.com/ubuntu noble-security/multiverse Translation-en [10.6 kB]
2026-07-28T18:30:06.9623153Z Get:36 https://dl.google.com/linux/chrome-stable/deb stable/main amd64 Packages [1424 B]
2026-07-28T18:30:11.5696070Z Fetched 10.9 MB in 2s (7155 kB/s)
2026-07-28T18:30:12.2676130Z Reading package lists...
2026-07-28T18:30:12.3017395Z Reading package lists...
2026-07-28T18:30:12.4839701Z Building dependency tree...
2026-07-28T18:30:12.4846347Z Reading state information...
2026-07-28T18:30:12.6408395Z bc is already the newest version (1.07.1-3ubuntu4).
2026-07-28T18:30:12.6409218Z bc set to manually installed.
2026-07-28T18:30:12.6409891Z binutils is already the newest version (2.42-4ubuntu2.10).
2026-07-28T18:30:12.6410777Z bison is already the newest version (2:3.8.2+dfsg-1build2).
2026-07-28T18:30:12.6411561Z cpio is already the newest version (2.15+dfsg-1ubuntu2).
2026-07-28T18:30:12.6413071Z cpio set to manually installed.
2026-07-28T18:30:12.6413647Z file is already the newest version (1:5.45-3build1).
2026-07-28T18:30:12.6414206Z flex is already the newest version (2.6.4-8.2build1).
2026-07-28T18:30:12.6414882Z kmod is already the newest version (31+20240202-2ubuntu7.2).
2026-07-28T18:30:12.6415384Z kmod set to manually installed.
2026-07-28T18:30:12.6415850Z libssl-dev is already the newest version (3.0.13-0ubuntu3.11).
2026-07-28T18:30:12.6416352Z perl is already the newest version (5.38.2-3.2ubuntu0.3).
2026-07-28T18:30:12.6416752Z perl set to manually installed.
2026-07-28T18:30:12.6417603Z pkg-config is already the newest version (1.8.1-2build1).
2026-07-28T18:30:12.6418061Z python3 is already the newest version (3.12.3-0ubuntu2.1).
2026-07-28T18:30:12.6418500Z rsync is already the newest version (3.2.7-1ubuntu1.5).
2026-07-28T18:30:12.6419037Z xz-utils is already the newest version (5.6.1+really5.4.5-1ubuntu0.3).
2026-07-28T18:30:12.6419609Z zstd is already the newest version (1.5.5+dfsg2-2build1.1).
2026-07-28T18:30:12.6420025Z zstd set to manually installed.
2026-07-28T18:30:12.6420532Z gcc is already the newest version (4:13.2.0-7ubuntu1).
2026-07-28T18:30:12.6421132Z The following additional packages will be installed:
2026-07-28T18:30:12.6421653Z   pahole
2026-07-28T18:30:12.6592163Z The following NEW packages will be installed:
2026-07-28T18:30:12.6598367Z   build-essential dwarves libelf-dev pahole
2026-07-28T18:30:12.6786515Z 0 upgraded, 4 newly installed, 0 to remove and 73 not upgraded.
2026-07-28T18:30:12.6787588Z Need to get 352 kB of archives.
2026-07-28T18:30:12.6788254Z After this operation, 2063 kB of additional disk space will be used.
2026-07-28T18:30:12.6789074Z Get:1 file:/etc/apt/apt-mirrors.txt Mirrorlist [144 B]
2026-07-28T18:30:12.7171529Z Get:2 http://azure.archive.ubuntu.com/ubuntu noble/main amd64 build-essential amd64 12.10ubuntu1 [4928 B]
2026-07-28T18:30:12.7256067Z Get:3 http://azure.archive.ubuntu.com/ubuntu noble-updates/main amd64 libelf-dev amd64 0.190-1.1ubuntu0.1 [68.5 kB]
2026-07-28T18:30:12.7445978Z Get:4 http://azure.archive.ubuntu.com/ubuntu noble/universe amd64 pahole amd64 1.25-0ubuntu3 [277 kB]
2026-07-28T18:30:12.7662983Z Get:5 http://azure.archive.ubuntu.com/ubuntu noble/universe amd64 dwarves all 1.25-0ubuntu3 [2186 B]
2026-07-28T18:30:13.0249121Z Fetched 352 kB in 0s (3553 kB/s)
2026-07-28T18:30:13.0484583Z Selecting previously unselected package build-essential.
2026-07-28T18:30:13.0696203Z (Reading database ... 
2026-07-28T18:30:13.0696659Z (Reading database ... 5%
2026-07-28T18:30:13.0697487Z (Reading database ... 10%
2026-07-28T18:30:13.0697829Z (Reading database ... 15%
2026-07-28T18:30:13.0698155Z (Reading database ... 20%
2026-07-28T18:30:13.0698521Z (Reading database ... 25%
2026-07-28T18:30:13.0698896Z (Reading database ... 30%
2026-07-28T18:30:13.0699263Z (Reading database ... 35%
2026-07-28T18:30:13.0699533Z (Reading database ... 40%
2026-07-28T18:30:13.0699760Z (Reading database ... 45%
2026-07-28T18:30:13.0700012Z (Reading database ... 50%
2026-07-28T18:30:13.0736050Z (Reading database ... 55%
2026-07-28T18:30:13.1748172Z (Reading database ... 60%
2026-07-28T18:30:13.3804712Z (Reading database ... 65%
2026-07-28T18:30:13.5446162Z (Reading database ... 70%
2026-07-28T18:30:13.6826148Z (Reading database ... 75%
2026-07-28T18:30:13.8295949Z (Reading database ... 80%
2026-07-28T18:30:14.0499035Z (Reading database ... 85%
2026-07-28T18:30:14.2381305Z (Reading database ... 90%
2026-07-28T18:30:14.3897598Z (Reading database ... 95%
2026-07-28T18:30:14.3898048Z (Reading database ... 100%
2026-07-28T18:30:14.3898569Z (Reading database ... 202954 files and directories currently installed.)
2026-07-28T18:30:14.3965929Z Preparing to unpack .../build-essential_12.10ubuntu1_amd64.deb ...
2026-07-28T18:30:14.3993995Z Unpacking build-essential (12.10ubuntu1) ...
2026-07-28T18:30:14.4209154Z Selecting previously unselected package libelf-dev:amd64.
2026-07-28T18:30:14.4339337Z Preparing to unpack .../libelf-dev_0.190-1.1ubuntu0.1_amd64.deb ...
2026-07-28T18:30:14.4349124Z Unpacking libelf-dev:amd64 (0.190-1.1ubuntu0.1) ...
2026-07-28T18:30:14.4763130Z Selecting previously unselected package pahole.
2026-07-28T18:30:14.4894512Z Preparing to unpack .../pahole_1.25-0ubuntu3_amd64.deb ...
2026-07-28T18:30:14.4904120Z Unpacking pahole (1.25-0ubuntu3) ...
2026-07-28T18:30:14.5258789Z Selecting previously unselected package dwarves.
2026-07-28T18:30:14.5393308Z Preparing to unpack .../dwarves_1.25-0ubuntu3_all.deb ...
2026-07-28T18:30:14.5402710Z Unpacking dwarves (1.25-0ubuntu3) ...
2026-07-28T18:30:14.5784518Z Setting up libelf-dev:amd64 (0.190-1.1ubuntu0.1) ...
2026-07-28T18:30:14.5806532Z Setting up pahole (1.25-0ubuntu3) ...
2026-07-28T18:30:14.5827473Z Setting up build-essential (12.10ubuntu1) ...
2026-07-28T18:30:14.5848534Z Setting up dwarves (1.25-0ubuntu3) ...
2026-07-28T18:30:14.5871051Z Processing triggers for man-db (2.12.0-4build2) ...
2026-07-28T18:30:14.5890824Z Not building database; man-db/auto-update is not 'true'.
2026-07-28T18:30:15.1813682Z 
2026-07-28T18:30:15.1814317Z Running kernel seems to be up-to-date.
2026-07-28T18:30:15.1814653Z 
2026-07-28T18:30:15.1814778Z No services need to be restarted.
2026-07-28T18:30:15.1814966Z 
2026-07-28T18:30:15.1815085Z No containers need to be restarted.
2026-07-28T18:30:15.1815268Z 
2026-07-28T18:30:15.1815408Z No user sessions are running outdated binaries.
2026-07-28T18:30:15.1815973Z 
2026-07-28T18:30:15.1816179Z No VM guests are running outdated hypervisor (qemu) binaries on this host.
2026-07-28T18:30:16.1006414Z /usr/bin/gcc
2026-07-28T18:30:16.1007271Z /usr/bin/ld
2026-07-28T18:30:16.1056652Z gcc (Ubuntu 13.3.0-6ubuntu2~24.04.1) 13.3.0
2026-07-28T18:30:16.1507872Z GNU ld (GNU Binutils for Ubuntu) 2.42
2026-07-28T18:30:16.1726490Z GNU Make 4.3
2026-07-28T18:30:16.1743238Z v1.25
2026-07-28T18:30:16.1786030Z ##[group]Run set -euo pipefail
2026-07-28T18:30:16.1786360Z [36;1mset -euo pipefail[0m
2026-07-28T18:30:16.1786630Z [36;1mbuild_id="${ARCHITECTURE}-${PROFILE}"[0m
2026-07-28T18:30:16.1787296Z [36;1msource_root="${RUNNER_TEMP}/zigux-${build_id}-source"[0m
2026-07-28T18:30:16.1787705Z [36;1msource_archive="${RUNNER_TEMP}/zigux-${build_id}.tar.gz"[0m
2026-07-28T18:30:16.1788087Z [36;1mout_dir="${GITHUB_WORKSPACE}/out-${build_id}"[0m
2026-07-28T18:30:16.1788383Z [36;1m[0m
2026-07-28T18:30:16.1858493Z [36;1m# Every matrix row receives an empty source and output tree.[0m
2026-07-28T18:30:16.1859144Z [36;1mrm -rf "${source_root}" "${source_archive}" "${out_dir}"[0m
2026-07-28T18:30:16.1859783Z [36;1mmkdir -p "${source_root}" "${out_dir}"[0m
2026-07-28T18:30:16.1860284Z [36;1m[0m
2026-07-28T18:30:16.1860663Z [36;1mcurl --fail --location \[0m
2026-07-28T18:30:16.1861138Z [36;1m  --retry 5 --retry-all-errors --retry-delay 5 \[0m
2026-07-28T18:30:16.1861943Z [36;1m  "https://codeload.github.com/${GITHUB_REPOSITORY}/tar.gz/${SOURCE_SHA}" \[0m
2026-07-28T18:30:16.1862540Z [36;1m  -o "${source_archive}"[0m
2026-07-28T18:30:16.1863042Z [36;1mtar -xzf "${source_archive}" --strip-components=1 -C "${source_root}"[0m
2026-07-28T18:30:16.1863578Z [36;1m[0m
2026-07-28T18:30:16.1863860Z [36;1mtest -s "${source_root}/Makefile"[0m
2026-07-28T18:30:16.1864312Z [36;1mgrep -q '^VERSION = ' "${source_root}/Makefile"[0m
2026-07-28T18:30:16.1864720Z [36;1m[0m
2026-07-28T18:30:16.1865045Z [36;1mecho "BUILD_ID=${build_id}" >> "${GITHUB_ENV}"[0m
2026-07-28T18:30:16.1865610Z [36;1mecho "SOURCE_ROOT=${source_root}" >> "${GITHUB_ENV}"[0m
2026-07-28T18:30:16.1866136Z [36;1mecho "OUT_DIR=${out_dir}" >> "${GITHUB_ENV}"[0m
2026-07-28T18:30:16.1918814Z shell: /usr/bin/bash --noprofile --norc -e -o pipefail {0}
2026-07-28T18:30:16.1919169Z env:
2026-07-28T18:30:16.1919395Z   SOURCE_BRANCH: rolling-linux-sync
2026-07-28T18:30:16.1919662Z   CCACHE_DISABLE: 1
2026-07-28T18:30:16.1919886Z   ARCHITECTURE: x86_64
2026-07-28T18:30:16.1920120Z   PROFILE: allmodconfig
2026-07-28T18:30:16.1920340Z   KBUILD_ARCH: x86_64
2026-07-28T18:30:16.1920573Z   CONFIG_TARGET: allmodconfig
2026-07-28T18:30:16.1920811Z   CROSS_COMPILE: 
2026-07-28T18:30:16.1921019Z   TOOLCHAIN_PACKAGES: gcc
2026-07-28T18:30:16.1921245Z   IMAGE_TARGET: bzImage
2026-07-28T18:30:16.1921476Z   IMAGE_PATH: arch/x86/boot/bzImage
2026-07-28T18:30:16.1921743Z   EXPECTED_ELF_CLASS: ELF64
2026-07-28T18:30:16.1922029Z   EXPECTED_ELF_MACHINE: Advanced Micro Devices X86-64
2026-07-28T18:30:16.1922382Z   SOURCE_SHA: 62cc90241548d5570ee68e01aaba6506964e9811
2026-07-28T18:30:16.1922683Z   SOURCE_SHORT_SHA: 62cc90241548
2026-07-28T18:30:16.1922927Z ##[endgroup]
2026-07-28T18:30:16.2072466Z   % Total    % Received % Xferd  Average Speed   Time    Time     Time  Current
2026-07-28T18:30:16.2073270Z                                  Dload  Upload   Total   Spent    Left  Speed
2026-07-28T18:30:16.2074219Z 
2026-07-28T18:30:17.0745503Z   0     0    0     0    0     0      0      0 --:--:-- --:--:-- --:--:--     0
2026-07-28T18:30:18.0371092Z 100 2560k    0 2560k    0     0  2951k      0 --:--:-- --:--:-- --:--:-- 2949k
2026-07-28T18:30:19.0481633Z 100 8545k    0 8545k    0     0  4669k      0 --:--:--  0:00:01 --:--:-- 4669k
2026-07-28T18:30:20.0483056Z 100 15.7M    0 15.7M    0     0  5664k      0 --:--:--  0:00:02 --:--:-- 5664k
2026-07-28T18:30:21.0671890Z 100 22.0M    0 22.0M    0     0  5869k      0 --:--:--  0:00:03 --:--:-- 5867k
2026-07-28T18:30:22.0538740Z 100 28.7M    0 28.7M    0     0  6059k      0 --:--:--  0:00:04 --:--:-- 6059k
2026-07-28T18:30:23.0377621Z 100 36.0M    0 36.0M    0     0  6309k      0 --:--:--  0:00:05 --:--:-- 6893k
2026-07-28T18:30:24.0570286Z 100 42.0M    0 42.0M    0     0  6297k      0 --:--:--  0:00:06 --:--:-- 6893k
2026-07-28T18:30:25.0615899Z 100 48.5M    0 48.5M    0     0  6328k      0 --:--:--  0:00:07 --:--:-- 6706k
2026-07-28T18:30:26.0678743Z 100 55.5M    0 55.5M    0     0  6418k      0 --:--:--  0:00:08 --:--:-- 6839k
2026-07-28T18:30:27.0594070Z 100 61.2M    0 61.2M    0     0  6361k      0 --:--:--  0:00:09 --:--:-- 6656k
2026-07-28T18:30:28.0551499Z 100 65.2M    0 65.2M    0     0  6157k      0 --:--:--  0:00:10 --:--:-- 5981k
2026-07-28T18:30:29.0856370Z 100 70.0M    0 70.0M    0     0  6051k      0 --:--:--  0:00:11 --:--:-- 5717k
2026-07-28T18:30:30.0656637Z 100 74.5M    0 74.5M    0     0  5925k      0 --:--:--  0:00:12 --:--:-- 5295k
2026-07-28T18:30:31.0922983Z 100 78.7M    0 78.7M    0     0  5821k      0 --:--:--  0:00:13 --:--:-- 4765k
2026-07-28T18:30:32.0612765Z 100 83.2M    0 83.2M    0     0  5727k      0 --:--:--  0:00:14 --:--:-- 4482k
2026-07-28T18:30:33.0420178Z 100 87.7M    0 87.7M    0     0  5667k      0 --:--:--  0:00:15 --:--:-- 4605k
2026-07-28T18:30:34.0594667Z 100 92.5M    0 92.5M    0     0  5626k      0 --:--:--  0:00:16 --:--:-- 4616k
2026-07-28T18:30:35.0458143Z 100 98.5M    0 98.5M    0     0  5651k      0 --:--:--  0:00:17 --:--:-- 4943k
2026-07-28T18:30:36.0413769Z 100  105M    0  105M    0     0  5748k      0 --:--:--  0:00:18 --:--:-- 5545k
2026-07-28T18:30:37.0577751Z 100  113M    0  113M    0     0  5847k      0 --:--:--  0:00:19 --:--:-- 6207k
2026-07-28T18:30:38.0540521Z 100  120M    0  120M    0     0  5910k      0 --:--:--  0:00:20 --:--:-- 6678k
2026-07-28T18:30:39.0636208Z 100  127M    0  127M    0     0  5964k      0 --:--:--  0:00:21 --:--:-- 7101k
2026-07-28T18:30:40.0416394Z 100  134M    0  134M    0     0  6028k      0 --:--:--  0:00:22 --:--:-- 7373k
2026-07-28T18:30:41.0435149Z 100  141M    0  141M    0     0  6069k      0 --:--:--  0:00:23 --:--:-- 7278k
2026-07-28T18:30:42.0584847Z 100  147M    0  147M    0     0  6092k      0 --:--:--  0:00:24 --:--:-- 7068k
2026-07-28T18:30:43.0790302Z 100  154M    0  154M    0     0  6120k      0 --:--:--  0:00:25 --:--:-- 6996k
2026-07-28T18:30:44.0747959Z 100  161M    0  161M    0     0  6154k      0 --:--:--  0:00:26 --:--:-- 6980k
2026-07-28T18:30:45.0636200Z 100  168M    0  168M    0     0  6173k      0 --:--:--  0:00:27 --:--:-- 6836k
2026-07-28T18:30:46.0383905Z 100  174M    0  174M    0     0  6183k      0 --:--:--  0:00:28 --:--:-- 6728k
2026-07-28T18:30:47.0694641Z 100  181M    0  181M    0     0  6213k      0 --:--:--  0:00:29 --:--:-- 6815k
2026-07-28T18:30:48.0513817Z 100  187M    0  187M    0     0  6221k      0 --:--:--  0:00:30 --:--:-- 6747k
2026-07-28T18:30:49.0715503Z 100  194M    0  194M    0     0  6238k      0 --:--:--  0:00:31 --:--:-- 6692k
2026-07-28T18:30:50.0677162Z 100  199M    0  199M    0     0  6217k      0 --:--:--  0:00:32 --:--:-- 6457k
2026-07-28T18:30:51.0529991Z 100  205M    0  205M    0     0  6214k      0 --:--:--  0:00:33 --:--:-- 6395k
2026-07-28T18:30:52.0593519Z 100  212M    0  212M    0     0  6237k      0 --:--:--  0:00:34 --:--:-- 6380k
2026-07-28T18:30:53.0551578Z 100  218M    0  218M    0     0  6249k      0 --:--:--  0:00:35 --:--:-- 6421k
2026-07-28T18:30:54.0604754Z 100  225M    0  225M    0     0  6259k      0 --:--:--  0:00:36 --:--:-- 6396k
2026-07-28T18:30:55.0682830Z 100  232M    0  232M    0     0  6276k      0 --:--:--  0:00:37 --:--:-- 6669k
2026-07-28T18:30:56.0373194Z 100  239M    0  239M    0     0  6305k      0 --:--:--  0:00:38 --:--:-- 6922k
2026-07-28T18:30:57.0515417Z 100  245M    0  245M    0     0  6318k      0 --:--:--  0:00:39 --:--:-- 6880k
2026-07-28T18:30:57.3199923Z 100  252M    0  252M    0     0  6337k      0 --:--:--  0:00:40 --:--:-- 6964k
2026-07-28T18:30:57.3202071Z 100  253M    0  253M    0     0  6316k      0 --:--:--  0:00:41 --:--:-- 6811k
2026-07-28T18:31:06.2814943Z ##[group]Run set -euo pipefail
2026-07-28T18:31:06.2815469Z [36;1mset -euo pipefail[0m
2026-07-28T18:31:06.2815795Z [36;1mlog_dir="${GITHUB_WORKSPACE}/build-logs/${BUILD_ID}"[0m
2026-07-28T18:31:06.2816123Z [36;1m[0m
2026-07-28T18:31:06.2816408Z [36;1munset CCACHE_DIR CCACHE_BASEDIR CCACHE_COMPILERCHECK || true[0m
2026-07-28T18:31:06.2817044Z [36;1mexport CCACHE_DISABLE=1[0m
2026-07-28T18:31:06.2817292Z [36;1m[0m
2026-07-28T18:31:06.2817494Z [36;1mmake -C "${SOURCE_ROOT}" \[0m
2026-07-28T18:31:06.2817760Z [36;1m  O="${OUT_DIR}" \[0m
2026-07-28T18:31:06.2817997Z [36;1m  ARCH="${KBUILD_ARCH}" \[0m
2026-07-28T18:31:06.2818282Z [36;1m  CROSS_COMPILE="${CROSS_COMPILE}" \[0m
2026-07-28T18:31:06.2818568Z [36;1m  mrproper[0m
2026-07-28T18:31:06.2818779Z [36;1m[0m
2026-07-28T18:31:06.2818973Z [36;1mmake -C "${SOURCE_ROOT}" \[0m
2026-07-28T18:31:06.2819224Z [36;1m  O="${OUT_DIR}" \[0m
2026-07-28T18:31:06.2819458Z [36;1m  ARCH="${KBUILD_ARCH}" \[0m
2026-07-28T18:31:06.2819765Z [36;1m  CROSS_COMPILE="${CROSS_COMPILE}" \[0m
2026-07-28T18:31:06.2820048Z [36;1m  "${CONFIG_TARGET}"[0m
2026-07-28T18:31:06.2820277Z [36;1m[0m
2026-07-28T18:31:06.2820470Z [36;1madjustments="none"[0m
2026-07-28T18:31:06.2820738Z [36;1mif [ "${PROFILE}" = "allmodconfig" ]; then[0m
2026-07-28T18:31:06.2821141Z [36;1m  # Keep allmodconfig broad while avoiding warning-only and Rust[0m
2026-07-28T18:31:06.2821630Z [36;1m  # cross-toolchain failures that do not measure C kernel coverage.[0m
2026-07-28T18:31:06.2822143Z [36;1m  "${SOURCE_ROOT}/scripts/config" --file "${OUT_DIR}/.config" --disable WERROR[0m
2026-07-28T18:31:06.2822665Z [36;1m  "${SOURCE_ROOT}/scripts/config" --file "${OUT_DIR}/.config" --disable RUST[0m
2026-07-28T18:31:06.2823093Z [36;1m  adjustments="CONFIG_WERROR=n,CONFIG_RUST=n"[0m
2026-07-28T18:31:06.2823384Z [36;1mfi[0m
2026-07-28T18:31:06.2823567Z [36;1m[0m
2026-07-28T18:31:06.2823763Z [36;1mmake -C "${SOURCE_ROOT}" \[0m
2026-07-28T18:31:06.2824034Z [36;1m  O="${OUT_DIR}" \[0m
2026-07-28T18:31:06.2824272Z [36;1m  ARCH="${KBUILD_ARCH}" \[0m
2026-07-28T18:31:06.2824554Z [36;1m  CROSS_COMPILE="${CROSS_COMPILE}" \[0m
2026-07-28T18:31:06.2824833Z [36;1m  olddefconfig[0m
2026-07-28T18:31:06.2825048Z [36;1m[0m
2026-07-28T18:31:06.2825238Z [36;1mcase "${ARCHITECTURE}" in[0m
2026-07-28T18:31:06.2825490Z [36;1m  x86_64|arm64|riscv64)[0m
2026-07-28T18:31:06.2825788Z [36;1m    grep -qx 'CONFIG_64BIT=y' "${OUT_DIR}/.config"[0m
2026-07-28T18:31:06.2826093Z [36;1m    ;;[0m
2026-07-28T18:31:06.2826297Z [36;1m  i686|armv7)[0m
2026-07-28T18:31:06.2826589Z [36;1m    if grep -qx 'CONFIG_64BIT=y' "${OUT_DIR}/.config"; then[0m
2026-07-28T18:31:06.2827373Z [36;1m      echo "::error::${ARCHITECTURE}/${PROFILE} unexpectedly selected CONFIG_64BIT=y."[0m
2026-07-28T18:31:06.2827857Z [36;1m      exit 1[0m
2026-07-28T18:31:06.2828061Z [36;1m    fi[0m
2026-07-28T18:31:06.2828254Z [36;1m    ;;[0m
2026-07-28T18:31:06.2828439Z [36;1mesac[0m
2026-07-28T18:31:06.2828633Z [36;1m[0m
2026-07-28T18:31:06.2828855Z [36;1mif [ "${PROFILE}" = "allmodconfig" ]; then[0m
2026-07-28T18:31:06.2829230Z [36;1m  grep -qx '# CONFIG_WERROR is not set' "${OUT_DIR}/.config"[0m
2026-07-28T18:31:06.2829624Z [36;1m  grep -qx '# CONFIG_RUST is not set' "${OUT_DIR}/.config"[0m
2026-07-28T18:31:06.2829997Z [36;1m  grep -qx 'CONFIG_MODULES=y' "${OUT_DIR}/.config"[0m
2026-07-28T18:31:06.2830298Z [36;1mfi[0m
2026-07-28T18:31:06.2830483Z [36;1m[0m
2026-07-28T18:31:06.2830796Z [36;1mconfigured_module_symbols="$(grep -c '=m$' "${OUT_DIR}/.config" || true)"[0m
2026-07-28T18:31:06.2831338Z [36;1mecho "configured_module_symbols=${configured_module_symbols}" >> "${GITHUB_OUTPUT}"[0m
2026-07-28T18:31:06.2831849Z [36;1mecho "config_adjustments=${adjustments}" >> "${GITHUB_OUTPUT}"[0m
2026-07-28T18:31:06.2832188Z [36;1m[0m
2026-07-28T18:31:06.2832417Z [36;1mcp "${OUT_DIR}/.config" "${log_dir}/kernel.config"[0m
2026-07-28T18:31:06.2832707Z [36;1m{[0m
2026-07-28T18:31:06.2833100Z [36;1m  echo "Profile: ${PROFILE}"[0m
2026-07-28T18:31:06.2833521Z [36;1m  echo "Configuration target: ${CONFIG_TARGET}"[0m
2026-07-28T18:31:06.2833853Z [36;1m  echo "CI adjustments: ${adjustments}"[0m
2026-07-28T18:31:06.2834236Z [36;1m  echo "Configured module symbols: ${configured_module_symbols}"[0m
2026-07-28T18:31:06.2834653Z [36;1m} | tee "${log_dir}/configuration-summary.txt"[0m
2026-07-28T18:31:06.2834945Z [36;1m[0m
2026-07-28T18:31:06.2835150Z [36;1mmake -s -C "${SOURCE_ROOT}" \[0m
2026-07-28T18:31:06.2835416Z [36;1m  O="${OUT_DIR}" \[0m
2026-07-28T18:31:06.2835656Z [36;1m  ARCH="${KBUILD_ARCH}" \[0m
2026-07-28T18:31:06.2835929Z [36;1m  CROSS_COMPILE="${CROSS_COMPILE}" \[0m
2026-07-28T18:31:06.2836212Z [36;1m  kernelrelease \[0m
2026-07-28T18:31:06.2836493Z [36;1m  | tee "${log_dir}/configured-kernel-release.txt"[0m
2026-07-28T18:31:06.2886239Z shell: /usr/bin/bash --noprofile --norc -e -o pipefail {0}
2026-07-28T18:31:06.2886582Z env:
2026-07-28T18:31:06.2886965Z   SOURCE_BRANCH: rolling-linux-sync
2026-07-28T18:31:06.2887234Z   CCACHE_DISABLE: 1
2026-07-28T18:31:06.2887460Z   ARCHITECTURE: x86_64
2026-07-28T18:31:06.2887686Z   PROFILE: allmodconfig
2026-07-28T18:31:06.2887917Z   KBUILD_ARCH: x86_64
2026-07-28T18:31:06.2888137Z   CONFIG_TARGET: allmodconfig
2026-07-28T18:31:06.2888372Z   CROSS_COMPILE: 
2026-07-28T18:31:06.2888591Z   TOOLCHAIN_PACKAGES: gcc
2026-07-28T18:31:06.2888814Z   IMAGE_TARGET: bzImage
2026-07-28T18:31:06.2889044Z   IMAGE_PATH: arch/x86/boot/bzImage
2026-07-28T18:31:06.2889295Z   EXPECTED_ELF_CLASS: ELF64
2026-07-28T18:31:06.2889571Z   EXPECTED_ELF_MACHINE: Advanced Micro Devices X86-64
2026-07-28T18:31:06.2889922Z   SOURCE_SHA: 62cc90241548d5570ee68e01aaba6506964e9811
2026-07-28T18:31:06.2890226Z   SOURCE_SHORT_SHA: 62cc90241548
2026-07-28T18:31:06.2890472Z   BUILD_ID: x86_64-allmodconfig
2026-07-28T18:31:06.2890810Z   SOURCE_ROOT: /home/runner/work/_temp/zigux-x86_64-allmodconfig-source
2026-07-28T18:31:06.2891241Z   OUT_DIR: /home/runner/work/Zigux/Zigux/out-x86_64-allmodconfig
2026-07-28T18:31:06.2891572Z ##[endgroup]
2026-07-28T18:31:06.2975317Z make: Entering directory '/home/runner/work/_temp/zigux-x86_64-allmodconfig-source'
2026-07-28T18:31:06.3011280Z make[1]: Entering directory '/home/runner/work/Zigux/Zigux/out-x86_64-allmodconfig'
2026-07-28T18:31:09.5915525Z make[1]: Leaving directory '/home/runner/work/Zigux/Zigux/out-x86_64-allmodconfig'
2026-07-28T18:31:09.5916920Z make: Leaving directory '/home/runner/work/_temp/zigux-x86_64-allmodconfig-source'
2026-07-28T18:31:09.5932739Z make: Entering directory '/home/runner/work/_temp/zigux-x86_64-allmodconfig-source'
2026-07-28T18:31:09.5967104Z make[1]: Entering directory '/home/runner/work/Zigux/Zigux/out-x86_64-allmodconfig'
2026-07-28T18:31:11.7477038Z   UPD     Makefile
2026-07-28T18:31:11.8556315Z   HOSTCC  scripts/basic/fixdep
2026-07-28T18:31:13.4016221Z   HOSTCC  scripts/kconfig/conf.o
2026-07-28T18:31:13.6931026Z   HOSTCC  scripts/kconfig/confdata.o
2026-07-28T18:31:13.9698240Z   HOSTCC  scripts/kconfig/expr.o
2026-07-28T18:31:14.2113810Z   LEX     scripts/kconfig/lexer.lex.c
2026-07-28T18:31:14.3770708Z   YACC    scripts/kconfig/parser.tab.[ch]
2026-07-28T18:31:14.6103995Z   HOSTCC  scripts/kconfig/lexer.lex.o
2026-07-28T18:31:14.8938488Z   HOSTCC  scripts/kconfig/menu.o
2026-07-28T18:31:15.0762691Z   HOSTCC  scripts/kconfig/parser.tab.o
2026-07-28T18:31:15.3130161Z   HOSTCC  scripts/kconfig/preprocess.o
2026-07-28T18:31:15.4371075Z   HOSTCC  scripts/kconfig/symbol.o
2026-07-28T18:31:15.7437040Z   HOSTCC  scripts/kconfig/util.o
2026-07-28T18:31:15.7988236Z   HOSTLD  scripts/kconfig/conf
2026-07-28T18:31:26.0365851Z #
2026-07-28T18:31:26.0366148Z # configuration written to .config
2026-07-28T18:31:26.0366446Z #
2026-07-28T18:31:26.0389283Z make[1]: Leaving directory '/home/runner/work/Zigux/Zigux/out-x86_64-allmodconfig'
2026-07-28T18:31:26.0391614Z make: Leaving directory '/home/runner/work/_temp/zigux-x86_64-allmodconfig-source'
2026-07-28T18:31:26.0660620Z make: Entering directory '/home/runner/work/_temp/zigux-x86_64-allmodconfig-source'
2026-07-28T18:31:26.0695631Z make[1]: Entering directory '/home/runner/work/Zigux/Zigux/out-x86_64-allmodconfig'
2026-07-28T18:31:27.7838766Z #
2026-07-28T18:31:27.7839053Z # configuration written to .config
2026-07-28T18:31:27.7839359Z #
2026-07-28T18:31:27.7869035Z make[1]: Leaving directory '/home/runner/work/Zigux/Zigux/out-x86_64-allmodconfig'
2026-07-28T18:31:27.7871543Z make: Leaving directory '/home/runner/work/_temp/zigux-x86_64-allmodconfig-source'
2026-07-28T18:31:27.7934622Z ##[error]Process completed with exit code 1.
2026-07-28T18:31:27.8055320Z ##[group]Run actions/upload-artifact@v7
2026-07-28T18:31:27.8055639Z with:
2026-07-28T18:31:27.8055966Z   name: zigux-linux-x86_64-allmodconfig-cold-build-logs-30387081032
2026-07-28T18:31:27.8056368Z   path: build-logs/x86_64-allmodconfig/
2026-07-28T18:31:27.8056652Z   if-no-files-found: warn
2026-07-28T18:31:27.8057131Z   retention-days: 8
2026-07-28T18:31:27.8057348Z   compression-level: 6
2026-07-28T18:31:27.8057565Z   overwrite: false
2026-07-28T18:31:27.8057778Z   include-hidden-files: false
2026-07-28T18:31:27.8058030Z   archive: true
2026-07-28T18:31:27.8058226Z env:
2026-07-28T18:31:27.8058428Z   SOURCE_BRANCH: rolling-linux-sync
2026-07-28T18:31:27.8058675Z   CCACHE_DISABLE: 1
2026-07-28T18:31:27.8058884Z   ARCHITECTURE: x86_64
2026-07-28T18:31:27.8059100Z   PROFILE: allmodconfig
2026-07-28T18:31:27.8059321Z   KBUILD_ARCH: x86_64
2026-07-28T18:31:27.8059539Z   CONFIG_TARGET: allmodconfig
2026-07-28T18:31:27.8059773Z   CROSS_COMPILE: 
2026-07-28T18:31:27.8060021Z   TOOLCHAIN_PACKAGES: gcc
2026-07-28T18:31:27.8060247Z   IMAGE_TARGET: bzImage
2026-07-28T18:31:27.8060473Z   IMAGE_PATH: arch/x86/boot/bzImage
2026-07-28T18:31:27.8060728Z   EXPECTED_ELF_CLASS: ELF64
2026-07-28T18:31:27.8061004Z   EXPECTED_ELF_MACHINE: Advanced Micro Devices X86-64
2026-07-28T18:31:27.8061347Z   SOURCE_SHA: 62cc90241548d5570ee68e01aaba6506964e9811
2026-07-28T18:31:27.8061656Z   SOURCE_SHORT_SHA: 62cc90241548
2026-07-28T18:31:27.8061928Z   BUILD_ID: x86_64-allmodconfig
2026-07-28T18:31:27.8062283Z   SOURCE_ROOT: /home/runner/work/_temp/zigux-x86_64-allmodconfig-source
2026-07-28T18:31:27.8062719Z   OUT_DIR: /home/runner/work/Zigux/Zigux/out-x86_64-allmodconfig
2026-07-28T18:31:27.8063044Z ##[endgroup]
2026-07-28T18:31:27.9608637Z With the provided path, there will be 2 files uploaded
2026-07-28T18:31:27.9609501Z Artifact name is valid!
2026-07-28T18:31:27.9609972Z Root directory input is valid!
2026-07-28T18:31:28.0992166Z Uploading artifact: zigux-linux-x86_64-allmodconfig-cold-build-logs-30387081032.zip
2026-07-28T18:31:28.1034554Z Beginning upload of artifact content to blob storage
2026-07-28T18:31:28.1864587Z Uploaded bytes 948
2026-07-28T18:31:28.2022102Z Finished uploading artifact content to blob storage!
2026-07-28T18:31:28.2023160Z SHA256 digest of uploaded artifact is 9357a5b08a3ca1829983b531fddc83bebf10dd9d4da8a973bb89bb3948d2a54a
2026-07-28T18:31:28.2024071Z Finalizing artifact upload
2026-07-28T18:31:28.3842291Z Artifact zigux-linux-x86_64-allmodconfig-cold-build-logs-30387081032 successfully finalized. Artifact ID 8699654241
2026-07-28T18:31:28.3843914Z Artifact zigux-linux-x86_64-allmodconfig-cold-build-logs-30387081032 has been successfully uploaded! Final size is 948 bytes. Artifact ID is 8699654241
2026-07-28T18:31:28.3846637Z Artifact download URL: https://github.com/adybag14-cyber/Zigux/actions/runs/30387081032/artifacts/8699654241
2026-07-28T18:31:28.4024194Z Cleaning up orphan processes
